---------------------------------------
Begin Slurm Prolog: Mar-24-2026 03:57:00
Job ID:    5453141
User ID:   dfu71
Account:   gts-yke8
Job name:  cav2x20_min
Partition: cpu-small
QOS:       inferno
---------------------------------------
INFO: seeding the RNG with 944388718
INFO: Initializing backend 
INFO: Simulation type: min
INFO: The generator will try to take into account bonded interactions by choosing distances between bonded neighbours no larger than 2.000000
INFO: Converting temperature from Kelvin (300.000000 K) to simulation units (0.100000)
INFO: Using a maximum backbone force of 5  (the corresponding mbf_xmax is 0.120156) and a far value of 10
INFO: Using different widths for major and minor grooves
INFO: pid: 2652922
DEBUG: Debye-Huckel parameters: Q=0.054300, lambda_0=0.361646, lambda=0.361646, r_high=1.084936, cutoff=2.590202
DEBUG: Debye-Huckel parameters: debye_huckel_RC=1.627405e+00, debye_huckel_B=8.467660e-03
INFO: The Debye length at this temperature (0.100000) and salt concentration (1.000000) is 0.361646
INFO: (Cells.cpp) N_cells_side: 33, 33, 33; rcut=2.8902, IS_MC: 0
INFO: N: 17320, N molecules: 239
INFO: Using randomly distributed velocities
INFO: Initial kinetic energy: 5168.206409
INFO: Using max step for minimization = 0.005
INFO: RELEASE: v3.7.0
INFO: GIT COMMIT: ee19cecc
INFO: COMPILED ON: 18/03/26
           0         0.0000  -0.343609   0.298395  -0.045214 
          20         0.1000  -1.660126   0.298395  -1.361731 
          40         0.2000  -1.700847   0.298395  -1.402452 
          60         0.3000  -1.734115   0.298395  -1.435720 
          80         0.4000  -1.762096   0.298395  -1.463701 
         100         0.5000  -1.783454   0.298395  -1.485058 
         120         0.6000  -1.799105   0.298395  -1.500709 
         140         0.7000  -1.810189   0.298395  -1.511794 
         160         0.8000  -1.815766   0.298395  -1.517371 
         180         0.9000  -1.819226   0.298395  -1.520831 
         200         1.0000  -1.822057   0.298395  -1.523661 
         220         1.1000  -1.827584   0.298395  -1.529189 
         240         1.2000  -1.828158   0.298395  -1.529763 
         260         1.3000  -1.829595   0.298395  -1.531199 
         280         1.4000  -1.830691   0.298395  -1.532296 
         300         1.5000  -1.831516   0.298395  -1.533121 
         320         1.6000  -1.831888   0.298395  -1.533492 
         340         1.7000  -1.832545   0.298395  -1.534150 
         360         1.8000  -1.832630   0.298395  -1.534235 
         380         1.9000  -1.832045   0.298395  -1.533650 
         400         2.0000  -1.830906   0.298395  -1.532511 
         420         2.1000  -1.831402   0.298395  -1.533006 
         440         2.2000  -1.833693   0.298395  -1.535298 
         460         2.3000  -1.833569   0.298395  -1.535173 
         480         2.4000  -1.834350   0.298395  -1.535955 
         500         2.5000  -1.834450   0.298395  -1.536055 
         520         2.6000  -1.831894   0.298395  -1.533499 
         540         2.7000  -1.833488   0.298395  -1.535093 
         560         2.8000  -1.835740   0.298395  -1.537345 
         580         2.9000  -1.834726   0.298395  -1.536330 
         600         3.0000  -1.830130   0.298395  -1.531735 
         620         3.1000  -1.836483   0.298395  -1.538088 
         640         3.2000  -1.836535   0.298395  -1.538140 
         660         3.3000  -1.836996   0.298395  -1.538601 
         680         3.4000  -1.836731   0.298395  -1.538336 
         700         3.5000  -1.837130   0.298395  -1.538735 
         720         3.6000  -1.837257   0.298395  -1.538861 
         740         3.7000  -1.837242   0.298395  -1.538846 
         760         3.8000  -1.837494   0.298395  -1.539099 
         780         3.9000  -1.837424   0.298395  -1.539029 
         800         4.0000  -1.837905   0.298395  -1.539509 
         820         4.1000  -1.837747   0.298395  -1.539352 
         840         4.2000  -1.837926   0.298395  -1.539530 
         860         4.3000  -1.838035   0.298395  -1.539639 
         880         4.4000  -1.837892   0.298395  -1.539496 
         900         4.5000  -1.837526   0.298395  -1.539131 
         920         4.6000  -1.837812   0.298395  -1.539417 
         940         4.7000  -1.838437   0.298395  -1.540042 
         960         4.8000  -1.838557   0.298395  -1.540162 
         980         4.9000  -1.838240   0.298395  -1.539844 
        1000         5.0000  -1.831306   0.298395  -1.532911 
        1020         5.1000  -1.838487   0.298395  -1.540092 
        1040         5.2000  -1.838404   0.298395  -1.540008 
        1060         5.3000  -1.838627   0.298395  -1.540232 
        1080         5.4000  -1.838745   0.298395  -1.540350 
        1100         5.5000  -1.838732   0.298395  -1.540337 
        1120         5.6000  -1.838989   0.298395  -1.540593 
        1140         5.7000  -1.837775   0.298395  -1.539379 
        1160         5.8000  -1.839066   0.298395  -1.540671 
        1180         5.9000  -1.839282   0.298395  -1.540887 
        1200         6.0000  -1.838997   0.298395  -1.540602 
        1220         6.1000  -1.839039   0.298395  -1.540644 
        1240         6.2000  -1.838853   0.298395  -1.540458 
        1260         6.3000  -1.839516   0.298395  -1.541120 
        1280         6.4000  -1.832627   0.298395  -1.534231 
        1300         6.5000  -1.838837   0.298395  -1.540442 
        1320         6.6000  -1.833905   0.298395  -1.535510 
        1340         6.7000  -1.839336   0.298395  -1.540941 
        1360         6.8000  -1.839418   0.298395  -1.541022 
        1380         6.9000  -1.839746   0.298395  -1.541351 
        1400         7.0000  -1.839459   0.298395  -1.541064 
        1420         7.1000  -1.839874   0.298395  -1.541479 
        1440         7.2000  -1.839856   0.298395  -1.541460 
        1460         7.3000  -1.839764   0.298395  -1.541368 
        1480         7.4000  -1.839910   0.298395  -1.541515 
        1500         7.5000  -1.835967   0.298395  -1.537572 
        1520         7.6000  -1.835879   0.298395  -1.537484 
        1540         7.7000  -1.839802   0.298395  -1.541407 
        1560         7.8000  -1.839948   0.298395  -1.541553 
        1580         7.9000  -1.839954   0.298395  -1.541559 
        1600         8.0000  -1.839974   0.298395  -1.541579 
        1620         8.1000  -1.840016   0.298395  -1.541621 
        1640         8.2000  -1.839929   0.298395  -1.541533 
        1660         8.3000  -1.833427   0.298395  -1.535031 
        1680         8.4000  -1.836777   0.298395  -1.538382 
        1700         8.5000  -1.834030   0.298395  -1.535635 
        1720         8.6000  -1.837256   0.298395  -1.538861 
        1740         8.7000  -1.831508   0.298395  -1.533112 
        1760         8.8000  -1.838091   0.298395  -1.539696 
        1780         8.9000  -1.840380   0.298395  -1.541984 
        1800         9.0000  -1.832302   0.298395  -1.533907 
        1820         9.1000  -1.839985   0.298395  -1.541590 
        1840         9.2000  -1.840251   0.298395  -1.541855 
        1860         9.3000  -1.836912   0.298395  -1.538517 
        1880         9.4000  -1.838518   0.298395  -1.540123 
        1900         9.5000  -1.831383   0.298395  -1.532988 
        1920         9.6000  -1.839866   0.298395  -1.541470 
        1940         9.7000  -1.839319   0.298395  -1.540923 
        1960         9.8000  -1.840242   0.298395  -1.541847 
        1980         9.9000  -1.840582   0.298395  -1.542186 
        2000        10.0000  -1.840375   0.298395  -1.541979 
        2020        10.1000  -1.840607   0.298395  -1.542212 
        2040        10.2000  -1.840132   0.298395  -1.541736 
        2060        10.3000  -1.840244   0.298395  -1.541848 
        2080        10.4000  -1.840551   0.298395  -1.542156 
        2100        10.5000  -1.840512   0.298395  -1.542116 
        2120        10.6000  -1.840651   0.298395  -1.542255 
        2140        10.7000  -1.840552   0.298395  -1.542157 
        2160        10.8000  -1.840618   0.298395  -1.542223 
        2180        10.9000  -1.840572   0.298395  -1.542177 
        2200        11.0000  -1.840505   0.298395  -1.542110 
        2220        11.1000  -1.840647   0.298395  -1.542251 
        2240        11.2000  -1.840700   0.298395  -1.542304 
        2260        11.3000  -1.840432   0.298395  -1.542037 
        2280        11.4000  -1.840273   0.298395  -1.541877 
        2300        11.5000  -1.840716   0.298395  -1.542321 
        2320        11.6000  -1.840742   0.298395  -1.542347 
        2340        11.7000  -1.840836   0.298395  -1.542441 
        2360        11.8000  -1.840453   0.298395  -1.542058 
        2380        11.9000  -1.840835   0.298395  -1.542440 
        2400        12.0000  -1.840787   0.298395  -1.542392 
        2420        12.1000  -1.840667   0.298395  -1.542272 
        2440        12.2000  -1.840746   0.298395  -1.542351 
        2460        12.3000  -1.840830   0.298395  -1.542435 
        2480        12.4000  -1.840148   0.298395  -1.541752 
        2500        12.5000  -1.833782   0.298395  -1.535386 
        2520        12.6000  -1.840995   0.298395  -1.542599 
        2540        12.7000  -1.838922   0.298395  -1.540526 
        2560        12.8000  -1.840819   0.298395  -1.542424 
        2580        12.9000  -1.838253   0.298395  -1.539857 
        2600        13.0000  -1.840502   0.298395  -1.542107 
        2620        13.1000  -1.839509   0.298395  -1.541114 
        2640        13.2000  -1.837348   0.298395  -1.538952 
        2660        13.3000  -1.833227   0.298395  -1.534831 
        2680        13.4000  -1.840930   0.298395  -1.542535 
        2700        13.5000  -1.840981   0.298395  -1.542586 
        2720        13.6000  -1.840763   0.298395  -1.542368 
        2740        13.7000  -1.841032   0.298395  -1.542637 
        2760        13.8000  -1.841080   0.298395  -1.542685 
        2780        13.9000  -1.836948   0.298395  -1.538552 
        2800        14.0000  -1.833654   0.298395  -1.535258 
        2820        14.1000  -1.836654   0.298395  -1.538259 
        2840        14.2000  -1.840500   0.298395  -1.542105 
        2860        14.3000  -1.832307   0.298395  -1.533912 
        2880        14.4000  -1.834005   0.298395  -1.535610 
        2900        14.5000  -1.841082   0.298395  -1.542687 
        2920        14.6000  -1.838844   0.298395  -1.540449 
        2940        14.7000  -1.837669   0.298395  -1.539273 
        2960        14.8000  -1.838231   0.298395  -1.539835 
        2980        14.9000  -1.840570   0.298395  -1.542175 
        3000        15.0000  -1.837053   0.298395  -1.538658 
        3020        15.1000  -1.838569   0.298395  -1.540174 
        3040        15.2000  -1.833693   0.298395  -1.535297 
        3060        15.3000  -1.841018   0.298395  -1.542623 
        3080        15.4000  -1.834277   0.298395  -1.535882 
        3100        15.5000  -1.835375   0.298395  -1.536980 
        3120        15.6000  -1.839521   0.298395  -1.541125 
        3140        15.7000  -1.841111   0.298395  -1.542716 
        3160        15.8000  -1.840771   0.298395  -1.542375 
        3180        15.9000  -1.840810   0.298395  -1.542415 
        3200        16.0000  -1.841155   0.298395  -1.542760 
        3220        16.1000  -1.838780   0.298395  -1.540384 
        3240        16.2000  -1.835055   0.298395  -1.536660 
        3260        16.3000  -1.839008   0.298395  -1.540613 
        3280        16.4000  -1.839655   0.298395  -1.541259 
        3300        16.5000  -1.841122   0.298395  -1.542727 
        3320        16.6000  -1.841367   0.298395  -1.542972 
        3340        16.7000  -1.833755   0.298395  -1.535359 
        3360        16.8000  -1.841219   0.298395  -1.542824 
        3380        16.9000  -1.833988   0.298395  -1.535593 
        3400        17.0000  -1.835038   0.298395  -1.536642 
        3420        17.1000  -1.838856   0.298395  -1.540461 
        3440        17.2000  -1.840979   0.298395  -1.542583 
        3460        17.3000  -1.838152   0.298395  -1.539757 
        3480        17.4000  -1.834355   0.298395  -1.535960 
        3500        17.5000  -1.837295   0.298395  -1.538900 
        3520        17.6000  -1.837751   0.298395  -1.539355 
        3540        17.7000  -1.836170   0.298395  -1.537775 
        3560        17.8000  -1.837478   0.298395  -1.539083 
        3580        17.9000  -1.839635   0.298395  -1.541240 
        3600        18.0000  -1.840153   0.298395  -1.541758 
        3620        18.1000  -1.837895   0.298395  -1.539499 
        3640        18.2000  -1.841063   0.298395  -1.542668 
        3660        18.3000  -1.840259   0.298395  -1.541864 
        3680        18.4000  -1.838014   0.298395  -1.539619 
        3700        18.5000  -1.837479   0.298395  -1.539084 
        3720        18.6000  -1.838198   0.298395  -1.539802 
        3740        18.7000  -1.833907   0.298395  -1.535512 
        3760        18.8000  -1.841015   0.298395  -1.542620 
        3780        18.9000  -1.841421   0.298395  -1.543026 
        3800        19.0000  -1.835542   0.298395  -1.537146 
        3820        19.1000  -1.833947   0.298395  -1.535552 
        3840        19.2000  -1.837113   0.298395  -1.538718 
        3860        19.3000  -1.840814   0.298395  -1.542418 
        3880        19.4000  -1.840725   0.298395  -1.542330 
        3900        19.5000  -1.840679   0.298395  -1.542284 
        3920        19.6000  -1.837572   0.298395  -1.539176 
        3940        19.7000  -1.841237   0.298395  -1.542842 
        3960        19.8000  -1.841564   0.298395  -1.543169 
        3980        19.9000  -1.841293   0.298395  -1.542897 
        4000        20.0000  -1.841391   0.298395  -1.542995 
        4020        20.1000  -1.841418   0.298395  -1.543022 
        4040        20.2000  -1.839625   0.298395  -1.541230 
        4060        20.3000  -1.835664   0.298395  -1.537269 
        4080        20.4000  -1.840491   0.298395  -1.542096 
        4100        20.5000  -1.837210   0.298395  -1.538815 
        4120        20.6000  -1.836604   0.298395  -1.538208 
        4140        20.7000  -1.841544   0.298395  -1.543148 
        4160        20.8000  -1.841631   0.298395  -1.543236 
        4180        20.9000  -1.838574   0.298395  -1.540179 
        4200        21.0000  -1.834878   0.298395  -1.536483 
        4220        21.1000  -1.841636   0.298395  -1.543241 
        4240        21.2000  -1.837703   0.298395  -1.539308 
        4260        21.3000  -1.841648   0.298395  -1.543253 
        4280        21.4000  -1.837457   0.298395  -1.539062 
        4300        21.5000  -1.838001   0.298395  -1.539606 
        4320        21.6000  -1.839980   0.298395  -1.541584 
        4340        21.7000  -1.841369   0.298395  -1.542973 
        4360        21.8000  -1.841102   0.298395  -1.542707 
        4380        21.9000  -1.839919   0.298395  -1.541524 
        4400        22.0000  -1.841469   0.298395  -1.543074 
        4420        22.1000  -1.841510   0.298395  -1.543115 
        4440        22.2000  -1.841647   0.298395  -1.543252 
        4460        22.3000  -1.841591   0.298395  -1.543196 
        4480        22.4000  -1.841438   0.298395  -1.543042 
        4500        22.5000  -1.841243   0.298395  -1.542848 
        4520        22.6000  -1.836974   0.298395  -1.538579 
        4540        22.7000  -1.834299   0.298395  -1.535903 
        4560        22.8000  -1.839776   0.298395  -1.541380 
        4580        22.9000  -1.836704   0.298395  -1.538309 
        4600        23.0000  -1.838489   0.298395  -1.540094 
        4620        23.1000  -1.836336   0.298395  -1.537941 
        4640        23.2000  -1.837216   0.298395  -1.538821 
        4660        23.3000  -1.838140   0.298395  -1.539744 
        4680        23.4000  -1.835019   0.298395  -1.536623 
        4700        23.5000  -1.841569   0.298395  -1.543173 
        4720        23.6000  -1.841491   0.298395  -1.543096 
        4740        23.7000  -1.841554   0.298395  -1.543158 
        4760        23.8000  -1.839535   0.298395  -1.541140 
        4780        23.9000  -1.838301   0.298395  -1.539906 
        4800        24.0000  -1.835207   0.298395  -1.536812 
        4820        24.1000  -1.834377   0.298395  -1.535982 
        4840        24.2000  -1.840349   0.298395  -1.541953 
        4860        24.3000  -1.838819   0.298395  -1.540423 
        4880        24.4000  -1.838186   0.298395  -1.539790 
        4900        24.5000  -1.841793   0.298395  -1.543398 
        4920        24.6000  -1.837711   0.298395  -1.539316 
        4940        24.7000  -1.841688   0.298395  -1.543292 
        4960        24.8000  -1.837996   0.298395  -1.539600 
        4980        24.9000  -1.834210   0.298395  -1.535814 
        5000        25.0000  -1.835815   0.298395  -1.537420 
        5020        25.1000  -1.839502   0.298395  -1.541107 
        5040        25.2000  -1.834183   0.298395  -1.535787 
        5060        25.3000  -1.837256   0.298395  -1.538861 
        5080        25.4000  -1.839083   0.298395  -1.540687 
        5100        25.5000  -1.836308   0.298395  -1.537912 
        5120        25.6000  -1.841542   0.298395  -1.543147 
        5140        25.7000  -1.841553   0.298395  -1.543157 
        5160        25.8000  -1.841781   0.298395  -1.543386 
        5180        25.9000  -1.841715   0.298395  -1.543319 
        5200        26.0000  -1.841839   0.298395  -1.543443 
        5220        26.1000  -1.841772   0.298395  -1.543377 
        5240        26.2000  -1.841820   0.298395  -1.543425 
        5260        26.3000  -1.841801   0.298395  -1.543406 
        5280        26.4000  -1.841808   0.298395  -1.543413 
        5300        26.5000  -1.841840   0.298395  -1.543444 
        5320        26.6000  -1.841541   0.298395  -1.543146 
        5340        26.7000  -1.841545   0.298395  -1.543150 
        5360        26.8000  -1.841372   0.298395  -1.542977 
        5380        26.9000  -1.841821   0.298395  -1.543426 
        5400        27.0000  -1.841841   0.298395  -1.543446 
        5420        27.1000  -1.837549   0.298395  -1.539153 
        5440        27.2000  -1.837638   0.298395  -1.539243 
        5460        27.3000  -1.837934   0.298395  -1.539539 
        5480        27.4000  -1.840193   0.298395  -1.541798 
        5500        27.5000  -1.839817   0.298395  -1.541421 
        5520        27.6000  -1.836874   0.298395  -1.538479 
        5540        27.7000  -1.833925   0.298395  -1.535529 
        5560        27.8000  -1.839181   0.298395  -1.540785 
        5580        27.9000  -1.837120   0.298395  -1.538725 
        5600        28.0000  -1.837525   0.298395  -1.539130 
        5620        28.1000  -1.841873   0.298395  -1.543477 
        5640        28.2000  -1.839859   0.298395  -1.541463 
        5660        28.3000  -1.841763   0.298395  -1.543368 
        5680        28.4000  -1.837380   0.298395  -1.538984 
        5700        28.5000  -1.841918   0.298395  -1.543523 
        5720        28.6000  -1.837245   0.298395  -1.538850 
        5740        28.7000  -1.836610   0.298395  -1.538214 
        5760        28.8000  -1.838573   0.298395  -1.540178 
        5780        28.9000  -1.838172   0.298395  -1.539776 
        5800        29.0000  -1.841575   0.298395  -1.543180 
        5820        29.1000  -1.840358   0.298395  -1.541962 
        5840        29.2000  -1.835029   0.298395  -1.536634 
        5860        29.3000  -1.840921   0.298395  -1.542526 
        5880        29.4000  -1.841573   0.298395  -1.543178 
        5900        29.5000  -1.841886   0.298395  -1.543490 
        5920        29.6000  -1.837531   0.298395  -1.539136 
        5940        29.7000  -1.836229   0.298395  -1.537833 
        5960        29.8000  -1.836658   0.298395  -1.538263 
        5980        29.9000  -1.840656   0.298395  -1.542261 
        6000        30.0000  -1.841751   0.298395  -1.543356 
        6020        30.1000  -1.841828   0.298395  -1.543433 
        6040        30.2000  -1.841855   0.298395  -1.543460 
        6060        30.3000  -1.841793   0.298395  -1.543398 
        6080        30.4000  -1.835732   0.298395  -1.537337 
        6100        30.5000  -1.841182   0.298395  -1.542787 
        6120        30.6000  -1.841953   0.298395  -1.543557 
        6140        30.7000  -1.842013   0.298395  -1.543618 
        6160        30.8000  -1.841943   0.298395  -1.543547 
        6180        30.9000  -1.841937   0.298395  -1.543542 
        6200        31.0000  -1.841760   0.298395  -1.543365 
        6220        31.1000  -1.841974   0.298395  -1.543578 
        6240        31.2000  -1.841832   0.298395  -1.543437 
        6260        31.3000  -1.841758   0.298395  -1.543363 
        6280        31.4000  -1.842015   0.298395  -1.543620 
        6300        31.5000  -1.838970   0.298395  -1.540575 
        6320        31.6000  -1.837118   0.298395  -1.538723 
        6340        31.7000  -1.841970   0.298395  -1.543574 
        6360        31.8000  -1.841034   0.298395  -1.542639 
        6380        31.9000  -1.836081   0.298395  -1.537685 
        6400        32.0000  -1.839311   0.298395  -1.540916 
        6420        32.1000  -1.839114   0.298395  -1.540719 
        6440        32.2000  -1.838763   0.298395  -1.540368 
        6460        32.3000  -1.841830   0.298395  -1.543435 
        6480        32.4000  -1.841926   0.298395  -1.543530 
        6500        32.5000  -1.841725   0.298395  -1.543329 
        6520        32.6000  -1.842044   0.298395  -1.543649 
        6540        32.7000  -1.841756   0.298395  -1.543361 
        6560        32.8000  -1.835856   0.298395  -1.537461 
        6580        32.9000  -1.841868   0.298395  -1.543473 
        6600        33.0000  -1.840985   0.298395  -1.542590 
        6620        33.1000  -1.833520   0.298395  -1.535125 
        6640        33.2000  -1.835103   0.298395  -1.536708 
        6660        33.3000  -1.834031   0.298395  -1.535635 
        6680        33.4000  -1.839973   0.298395  -1.541578 
        6700        33.5000  -1.842001   0.298395  -1.543605 
        6720        33.6000  -1.841933   0.298395  -1.543537 
        6740        33.7000  -1.841947   0.298395  -1.543551 
        6760        33.8000  -1.841832   0.298395  -1.543437 
        6780        33.9000  -1.842086   0.298395  -1.543690 
        6800        34.0000  -1.841897   0.298395  -1.543501 
        6820        34.1000  -1.840317   0.298395  -1.541921 
        6840        34.2000  -1.841802   0.298395  -1.543406 
        6860        34.3000  -1.838694   0.298395  -1.540299 
        6880        34.4000  -1.838302   0.298395  -1.539906 
        6900        34.5000  -1.841946   0.298395  -1.543551 
        6920        34.6000  -1.841259   0.298395  -1.542864 
        6940        34.7000  -1.837370   0.298395  -1.538975 
        6960        34.8000  -1.836331   0.298395  -1.537936 
        6980        34.9000  -1.839214   0.298395  -1.540818 
        7000        35.0000  -1.836564   0.298395  -1.538169 
        7020        35.1000  -1.838012   0.298395  -1.539617 
        7040        35.2000  -1.836851   0.298395  -1.538456 
        7060        35.3000  -1.842043   0.298395  -1.543647 
        7080        35.4000  -1.840833   0.298395  -1.542437 
        7100        35.5000  -1.842072   0.298395  -1.543677 
        7120        35.6000  -1.842108   0.298395  -1.543712 
        7140        35.7000  -1.841905   0.298395  -1.543509 
        7160        35.8000  -1.842133   0.298395  -1.543737 
        7180        35.9000  -1.841912   0.298395  -1.543517 
        7200        36.0000  -1.842026   0.298395  -1.543631 
        7220        36.1000  -1.842131   0.298395  -1.543736 
        7240        36.2000  -1.841871   0.298395  -1.543476 
        7260        36.3000  -1.841939   0.298395  -1.543544 
        7280        36.4000  -1.842101   0.298395  -1.543706 
        7300        36.5000  -1.842034   0.298395  -1.543639 
        7320        36.6000  -1.842014   0.298395  -1.543618 
        7340        36.7000  -1.842009   0.298395  -1.543614 
        7360        36.8000  -1.842134   0.298395  -1.543739 
        7380        36.9000  -1.841982   0.298395  -1.543587 
        7400        37.0000  -1.842122   0.298395  -1.543727 
        7420        37.1000  -1.841839   0.298395  -1.543443 
        7440        37.2000  -1.842148   0.298395  -1.543752 
        7460        37.3000  -1.841984   0.298395  -1.543589 
        7480        37.4000  -1.842066   0.298395  -1.543670 
        7500        37.5000  -1.841853   0.298395  -1.543458 
        7520        37.6000  -1.834526   0.298395  -1.536131 
        7540        37.7000  -1.838778   0.298395  -1.540383 
        7560        37.8000  -1.841972   0.298395  -1.543577 
        7580        37.9000  -1.842108   0.298395  -1.543713 
        7600        38.0000  -1.841986   0.298395  -1.543591 
        7620        38.1000  -1.842035   0.298395  -1.543639 
        7640        38.2000  -1.842042   0.298395  -1.543647 
        7660        38.3000  -1.841885   0.298395  -1.543489 
        7680        38.4000  -1.841791   0.298395  -1.543396 
        7700        38.5000  -1.842146   0.298395  -1.543750 
        7720        38.6000  -1.842006   0.298395  -1.543610 
        7740        38.7000  -1.837381   0.298395  -1.538986 
        7760        38.8000  -1.837865   0.298395  -1.539469 
        7780        38.9000  -1.836973   0.298395  -1.538578 
        7800        39.0000  -1.841064   0.298395  -1.542669 
        7820        39.1000  -1.838779   0.298395  -1.540383 
        7840        39.2000  -1.835993   0.298395  -1.537598 
        7860        39.3000  -1.834941   0.298395  -1.536546 
        7880        39.4000  -1.834004   0.298395  -1.535609 
        7900        39.5000  -1.835080   0.298395  -1.536685 
        7920        39.6000  -1.837872   0.298395  -1.539476 
        7940        39.7000  -1.842020   0.298395  -1.543625 
        7960        39.8000  -1.836384   0.298395  -1.537988 
        7980        39.9000  -1.836557   0.298395  -1.538161 
        8000        40.0000  -1.841313   0.298395  -1.542918 
        8020        40.1000  -1.840234   0.298395  -1.541839 
        8040        40.2000  -1.841979   0.298395  -1.543583 
        8060        40.3000  -1.842055   0.298395  -1.543660 
        8080        40.4000  -1.842194   0.298395  -1.543799 
        8100        40.5000  -1.842060   0.298395  -1.543665 
        8120        40.6000  -1.842211   0.298395  -1.543816 
        8140        40.7000  -1.842022   0.298395  -1.543626 
        8160        40.8000  -1.842058   0.298395  -1.543662 
        8180        40.9000  -1.842122   0.298395  -1.543727 
        8200        41.0000  -1.835501   0.298395  -1.537106 
        8220        41.1000  -1.833647   0.298395  -1.535252 
        8240        41.2000  -1.839744   0.298395  -1.541348 
        8260        41.3000  -1.839687   0.298395  -1.541292 
        8280        41.4000  -1.840874   0.298395  -1.542479 
        8300        41.5000  -1.839256   0.298395  -1.540861 
        8320        41.6000  -1.841897   0.298395  -1.543502 
        8340        41.7000  -1.839390   0.298395  -1.540995 
        8360        41.8000  -1.842076   0.298395  -1.543681 
        8380        41.9000  -1.842256   0.298395  -1.543860 
        8400        42.0000  -1.842043   0.298395  -1.543647 
        8420        42.1000  -1.842260   0.298395  -1.543865 
        8440        42.2000  -1.842052   0.298395  -1.543656 
        8460        42.3000  -1.842026   0.298395  -1.543631 
        8480        42.4000  -1.841965   0.298395  -1.543570 
        8500        42.5000  -1.842269   0.298395  -1.543874 
        8520        42.6000  -1.842094   0.298395  -1.543699 
        8540        42.7000  -1.842215   0.298395  -1.543820 
        8560        42.8000  -1.838353   0.298395  -1.539958 
        8580        42.9000  -1.834065   0.298395  -1.535669 
        8600        43.0000  -1.837804   0.298395  -1.539409 
        8620        43.1000  -1.841934   0.298395  -1.543538 
        8640        43.2000  -1.839930   0.298395  -1.541534 
        8660        43.3000  -1.841984   0.298395  -1.543588 
        8680        43.4000  -1.842018   0.298395  -1.543623 
        8700        43.5000  -1.836806   0.298395  -1.538411 
        8720        43.6000  -1.834706   0.298395  -1.536311 
        8740        43.7000  -1.835310   0.298395  -1.536915 
        8760        43.8000  -1.835393   0.298395  -1.536997 
        8780        43.9000  -1.838209   0.298395  -1.539813 
        8800        44.0000  -1.840264   0.298395  -1.541869 
        8820        44.1000  -1.841740   0.298395  -1.543345 
        8840        44.2000  -1.838639   0.298395  -1.540244 
        8860        44.3000  -1.840858   0.298395  -1.542463 
        8880        44.4000  -1.841197   0.298395  -1.542801 
        8900        44.5000  -1.833560   0.298395  -1.535164 
        8920        44.6000  -1.837921   0.298395  -1.539526 
        8940        44.7000  -1.840008   0.298395  -1.541612 
        8960        44.8000  -1.836458   0.298395  -1.538062 
        8980        44.9000  -1.839637   0.298395  -1.541242 
        9000        45.0000  -1.841092   0.298395  -1.542697 
        9020        45.1000  -1.840667   0.298395  -1.542272 
        9040        45.2000  -1.841297   0.298395  -1.542902 
        9060        45.3000  -1.837234   0.298395  -1.538839 
        9080        45.4000  -1.841870   0.298395  -1.543474 
        9100        45.5000  -1.839598   0.298395  -1.541203 
        9120        45.6000  -1.842251   0.298395  -1.543856 
        9140        45.7000  -1.839841   0.298395  -1.541446 
        9160        45.8000  -1.835295   0.298395  -1.536899 
        9180        45.9000  -1.842060   0.298395  -1.543665 
        9200        46.0000  -1.836226   0.298395  -1.537831 
        9220        46.1000  -1.842238   0.298395  -1.543843 
        9240        46.2000  -1.841930   0.298395  -1.543535 
        9260        46.3000  -1.842124   0.298395  -1.543728 
        9280        46.4000  -1.836788   0.298395  -1.538393 
        9300        46.5000  -1.842100   0.298395  -1.543705 
        9320        46.6000  -1.842352   0.298395  -1.543957 
        9340        46.7000  -1.842285   0.298395  -1.543890 
        9360        46.8000  -1.842050   0.298395  -1.543655 
        9380        46.9000  -1.842187   0.298395  -1.543791 
        9400        47.0000  -1.842344   0.298395  -1.543949 
        9420        47.1000  -1.842050   0.298395  -1.543655 
        9440        47.2000  -1.842175   0.298395  -1.543780 
        9460        47.3000  -1.842358   0.298395  -1.543962 
        9480        47.4000  -1.842349   0.298395  -1.543953 
        9500        47.5000  -1.842280   0.298395  -1.543885 
        9520        47.6000  -1.842148   0.298395  -1.543753 
        9540        47.7000  -1.842191   0.298395  -1.543796 
        9560        47.8000  -1.842339   0.298395  -1.543943 
        9580        47.9000  -1.842369   0.298395  -1.543973 
        9600        48.0000  -1.842238   0.298395  -1.543843 
        9620        48.1000  -1.842108   0.298395  -1.543712 
        9640        48.2000  -1.842207   0.298395  -1.543811 
        9660        48.3000  -1.842070   0.298395  -1.543675 
        9680        48.4000  -1.842345   0.298395  -1.543949 
        9700        48.5000  -1.842005   0.298395  -1.543609 
        9720        48.6000  -1.838136   0.298395  -1.539741 
        9740        48.7000  -1.841162   0.298395  -1.542767 
        9760        48.8000  -1.841246   0.298395  -1.542851 
        9780        48.9000  -1.836009   0.298395  -1.537614 
        9800        49.0000  -1.835513   0.298395  -1.537118 
        9820        49.1000  -1.835085   0.298395  -1.536690 
        9840        49.2000  -1.834933   0.298395  -1.536538 
        9860        49.3000  -1.842308   0.298395  -1.543913 
        9880        49.4000  -1.836955   0.298395  -1.538560 
        9900        49.5000  -1.841609   0.298395  -1.543214 
        9920        49.6000  -1.839131   0.298395  -1.540736 
        9940        49.7000  -1.841649   0.298395  -1.543253 
        9960        49.8000  -1.840698   0.298395  -1.542302 
        9980        49.9000  -1.839307   0.298395  -1.540912 
       10000        50.0000  -1.842247   0.298395  -1.543852 

INFO: Total Running Time: 1237.09 s, per step: 123.709 ms
INFO: Timings, in seconds, by Timer (total, own, spent in children)
> SimBackend                       1237.095 (100.0%)       19.494 (  1.6%)     1217.601 ( 98.4%)
***> Lists                            1.385 (  0.1%)        1.385 (  0.1%)        0.000 (  0.0%)
***> Thermostat                       0.000 (  0.0%)        0.000 (  0.0%)        0.000 (  0.0%)
***> Forces                         633.566 ( 51.2%)      633.566 ( 51.2%)        0.000 (  0.0%)
***> First Step                       0.000 (  0.0%)        0.000 (  0.0%)        0.000 (  0.0%)
***> Observables                    582.650 ( 47.1%)      582.650 ( 47.1%)        0.000 (  0.0%)

INFO: END OF THE SIMULATION, everything went OK!
INFO: Lists updated 3 times (every ~3333.333333 steps)
INFO: Aggregated I/O statistics (set debug=1 for file-wise information)
	 13.629 MB written to files
	 30.334 KB written to stdout/stderr
	For a total of    0.011 MB/s

Please cite at least the following publication for any work that uses the oxDNA simulation package
  * E. Poppleton et al., J. Open Source Softw. 8, 4693 (2023), DOI: 10.21105/joss.04693
---------------------------------------
Begin Slurm Epilog: Mar-24-2026 04:17:47
Job ID:        5453141
User ID:       dfu71
Account:       gts-yke8
Job name:      cav2x20_min
Resources:     cpu=1,mem=4G,node=1
Rsrc Used:     cput=00:20:47,vmem=0,walltime=00:20:47,mem=10172K,energy_used=0
Partition:     cpu-small
QOS:           inferno
Nodes:         atl1-1-02-003-16-1
---------------------------------------
