---------------------------------------
Begin Slurm Prolog: Mar-20-2026 10:46:51
Job ID:    5138787
User ID:   dfu71
Account:   gts-yke8
Job name:  cavity30nm_min
Partition: cpu-small
QOS:       inferno
---------------------------------------
INFO: seeding the RNG with -2026421832
INFO: Initializing backend 
INFO: Simulation type: min
INFO: The generator will try to take into account bonded interactions by choosing distances between bonded neighbours no larger than 2.000000
INFO: Converting temperature from Kelvin (300.000000 K) to simulation units (0.100000)
INFO: Using a maximum backbone force of 5  (the corresponding mbf_xmax is 0.120156) and a far value of 10
INFO: Using different widths for major and minor grooves
INFO: pid: 2278541
DEBUG: Debye-Huckel parameters: Q=0.054300, lambda_0=0.361646, lambda=0.361646, r_high=1.084936, cutoff=2.590202
DEBUG: Debye-Huckel parameters: debye_huckel_RC=1.627405e+00, debye_huckel_B=8.467660e-03
INFO: The Debye length at this temperature (0.100000) and salt concentration (1.000000) is 0.361646
INFO: (Cells.cpp) N_cells_side: 33, 33, 33; rcut=2.8902, IS_MC: 0
INFO: N: 17232, N molecules: 208
INFO: Using randomly distributed velocities
INFO: Initial kinetic energy: 5149.564413
INFO: Using max step for minimization = 0.005
INFO: RELEASE: v3.7.0
INFO: GIT COMMIT: ee19cecc
INFO: COMPILED ON: 18/03/26
           0         0.0000  -0.283937   0.298837   0.014900 
          20         0.1000  -1.663485   0.298837  -1.364647 
          40         0.2000  -1.704008   0.298837  -1.405171 
          60         0.3000  -1.737898   0.298837  -1.439061 
          80         0.4000  -1.764370   0.298837  -1.465532 
         100         0.5000  -1.786394   0.298837  -1.487557 
         120         0.6000  -1.803165   0.298837  -1.504328 
         140         0.7000  -1.814589   0.298837  -1.515752 
         160         0.8000  -1.821164   0.298837  -1.522327 
         180         0.9000  -1.825795   0.298837  -1.526958 
         200         1.0000  -1.829326   0.298837  -1.530489 
         220         1.1000  -1.830894   0.298837  -1.532057 
         240         1.2000  -1.832694   0.298837  -1.533857 
         260         1.3000  -1.833777   0.298837  -1.534940 
         280         1.4000  -1.834252   0.298837  -1.535415 
         300         1.5000  -1.834862   0.298837  -1.536025 
         320         1.6000  -1.835736   0.298837  -1.536899 
         340         1.7000  -1.827013   0.298837  -1.528175 
         360         1.8000  -1.836628   0.298837  -1.537791 
         380         1.9000  -1.832129   0.298837  -1.533291 
         400         2.0000  -1.837651   0.298837  -1.538814 
         420         2.1000  -1.837963   0.298837  -1.539126 
         440         2.2000  -1.838378   0.298837  -1.539541 
         460         2.3000  -1.838408   0.298837  -1.539571 
         480         2.4000  -1.838679   0.298837  -1.539842 
         500         2.5000  -1.839426   0.298837  -1.540589 
         520         2.6000  -1.830932   0.298837  -1.532095 
         540         2.7000  -1.834728   0.298837  -1.535890 
         560         2.8000  -1.834165   0.298837  -1.535327 
         580         2.9000  -1.835980   0.298837  -1.537143 
         600         3.0000  -1.835633   0.298837  -1.536796 
         620         3.1000  -1.837229   0.298837  -1.538391 
         640         3.2000  -1.836129   0.298837  -1.537292 
         660         3.3000  -1.840670   0.298837  -1.541833 
         680         3.4000  -1.841379   0.298837  -1.542542 
         700         3.5000  -1.835203   0.298837  -1.536365 
         720         3.6000  -1.838024   0.298837  -1.539187 
         740         3.7000  -1.841603   0.298837  -1.542766 
         760         3.8000  -1.841463   0.298837  -1.542626 
         780         3.9000  -1.841523   0.298837  -1.542686 
         800         4.0000  -1.841777   0.298837  -1.542940 
         820         4.1000  -1.841733   0.298837  -1.542896 
         840         4.2000  -1.841925   0.298837  -1.543088 
         860         4.3000  -1.842019   0.298837  -1.543182 
         880         4.4000  -1.841952   0.298837  -1.543115 
         900         4.5000  -1.842166   0.298837  -1.543329 
         920         4.6000  -1.842112   0.298837  -1.543275 
         940         4.7000  -1.842279   0.298837  -1.543441 
         960         4.8000  -1.842480   0.298837  -1.543642 
         980         4.9000  -1.842476   0.298837  -1.543639 
        1000         5.0000  -1.842562   0.298837  -1.543725 
        1020         5.1000  -1.842465   0.298837  -1.543628 
        1040         5.2000  -1.842706   0.298837  -1.543868 
        1060         5.3000  -1.842693   0.298837  -1.543855 
        1080         5.4000  -1.842545   0.298837  -1.543708 
        1100         5.5000  -1.843130   0.298837  -1.544293 
        1120         5.6000  -1.843032   0.298837  -1.544195 
        1140         5.7000  -1.842832   0.298837  -1.543995 
        1160         5.8000  -1.843012   0.298837  -1.544174 
        1180         5.9000  -1.842903   0.298837  -1.544065 
        1200         6.0000  -1.843127   0.298837  -1.544290 
        1220         6.1000  -1.842915   0.298837  -1.544078 
        1240         6.2000  -1.842946   0.298837  -1.544109 
        1260         6.3000  -1.843202   0.298837  -1.544365 
        1280         6.4000  -1.843256   0.298837  -1.544419 
        1300         6.5000  -1.843210   0.298837  -1.544373 
        1320         6.6000  -1.843263   0.298837  -1.544426 
        1340         6.7000  -1.843156   0.298837  -1.544319 
        1360         6.8000  -1.843229   0.298837  -1.544392 
        1380         6.9000  -1.843421   0.298837  -1.544584 
        1400         7.0000  -1.843313   0.298837  -1.544476 
        1420         7.1000  -1.843297   0.298837  -1.544460 
        1440         7.2000  -1.843373   0.298837  -1.544536 
        1460         7.3000  -1.843412   0.298837  -1.544575 
        1480         7.4000  -1.843357   0.298837  -1.544520 
        1500         7.5000  -1.843591   0.298837  -1.544754 
        1520         7.6000  -1.843600   0.298837  -1.544763 
        1540         7.7000  -1.843506   0.298837  -1.544668 
        1560         7.8000  -1.843684   0.298837  -1.544847 
        1580         7.9000  -1.843502   0.298837  -1.544665 
        1600         8.0000  -1.843559   0.298837  -1.544722 
        1620         8.1000  -1.843429   0.298837  -1.544592 
        1640         8.2000  -1.843624   0.298837  -1.544787 
        1660         8.3000  -1.843790   0.298837  -1.544953 
        1680         8.4000  -1.843647   0.298837  -1.544810 
        1700         8.5000  -1.843761   0.298837  -1.544923 
        1720         8.6000  -1.843719   0.298837  -1.544882 
        1740         8.7000  -1.843811   0.298837  -1.544974 
        1760         8.8000  -1.843714   0.298837  -1.544876 
        1780         8.9000  -1.843730   0.298837  -1.544892 
        1800         9.0000  -1.843733   0.298837  -1.544895 
        1820         9.1000  -1.843960   0.298837  -1.545123 
        1840         9.2000  -1.843994   0.298837  -1.545157 
        1860         9.3000  -1.843841   0.298837  -1.545004 
        1880         9.4000  -1.843906   0.298837  -1.545069 
        1900         9.5000  -1.843852   0.298837  -1.545014 
        1920         9.6000  -1.843897   0.298837  -1.545060 
        1940         9.7000  -1.843969   0.298837  -1.545131 
        1960         9.8000  -1.843861   0.298837  -1.545024 
        1980         9.9000  -1.843881   0.298837  -1.545044 
        2000        10.0000  -1.843851   0.298837  -1.545014 
        2020        10.1000  -1.844161   0.298837  -1.545323 
        2040        10.2000  -1.843957   0.298837  -1.545119 
        2060        10.3000  -1.844163   0.298837  -1.545326 
        2080        10.4000  -1.844107   0.298837  -1.545269 
        2100        10.5000  -1.844072   0.298837  -1.545234 
        2120        10.6000  -1.844053   0.298837  -1.545216 
        2140        10.7000  -1.844053   0.298837  -1.545216 
        2160        10.8000  -1.843987   0.298837  -1.545150 
        2180        10.9000  -1.844219   0.298837  -1.545382 
        2200        11.0000  -1.844027   0.298837  -1.545189 
        2220        11.1000  -1.843999   0.298837  -1.545162 
        2240        11.2000  -1.844354   0.298837  -1.545517 
        2260        11.3000  -1.844110   0.298837  -1.545273 
        2280        11.4000  -1.844072   0.298837  -1.545235 
        2300        11.5000  -1.844298   0.298837  -1.545461 
        2320        11.6000  -1.844204   0.298837  -1.545367 
        2340        11.7000  -1.844176   0.298837  -1.545338 
        2360        11.8000  -1.844165   0.298837  -1.545328 
        2380        11.9000  -1.844131   0.298837  -1.545293 
        2400        12.0000  -1.844092   0.298837  -1.545255 
        2420        12.1000  -1.844470   0.298837  -1.545632 
        2440        12.2000  -1.844159   0.298837  -1.545322 
        2460        12.3000  -1.844184   0.298837  -1.545347 
        2480        12.4000  -1.844103   0.298837  -1.545265 
        2500        12.5000  -1.844193   0.298837  -1.545356 
        2520        12.6000  -1.844136   0.298837  -1.545298 
        2540        12.7000  -1.844283   0.298837  -1.545445 
        2560        12.8000  -1.844201   0.298837  -1.545364 
        2580        12.9000  -1.844448   0.298837  -1.545611 
        2600        13.0000  -1.844189   0.298837  -1.545352 
        2620        13.1000  -1.844149   0.298837  -1.545311 
        2640        13.2000  -1.844422   0.298837  -1.545585 
        2660        13.3000  -1.844381   0.298837  -1.545544 
        2680        13.4000  -1.844343   0.298837  -1.545506 
        2700        13.5000  -1.844293   0.298837  -1.545456 
        2720        13.6000  -1.844317   0.298837  -1.545479 
        2740        13.7000  -1.844386   0.298837  -1.545548 
        2760        13.8000  -1.844303   0.298837  -1.545465 
        2780        13.9000  -1.844306   0.298837  -1.545469 
        2800        14.0000  -1.844538   0.298837  -1.545700 
        2820        14.1000  -1.844326   0.298837  -1.545488 
        2840        14.2000  -1.844338   0.298837  -1.545501 
        2860        14.3000  -1.844403   0.298837  -1.545566 
        2880        14.4000  -1.844338   0.298837  -1.545501 
        2900        14.5000  -1.844291   0.298837  -1.545453 
        2920        14.6000  -1.844422   0.298837  -1.545584 
        2940        14.7000  -1.844459   0.298837  -1.545622 
        2960        14.8000  -1.844541   0.298837  -1.545704 
        2980        14.9000  -1.844495   0.298837  -1.545657 
        3000        15.0000  -1.844567   0.298837  -1.545730 
        3020        15.1000  -1.844390   0.298837  -1.545552 
        3040        15.2000  -1.844545   0.298837  -1.545708 
        3060        15.3000  -1.844434   0.298837  -1.545597 
        3080        15.4000  -1.844444   0.298837  -1.545606 
        3100        15.5000  -1.844597   0.298837  -1.545759 
        3120        15.6000  -1.844489   0.298837  -1.545652 
        3140        15.7000  -1.844412   0.298837  -1.545574 
        3160        15.8000  -1.844358   0.298837  -1.545520 
        3180        15.9000  -1.844739   0.298837  -1.545902 
        3200        16.0000  -1.844688   0.298837  -1.545851 
        3220        16.1000  -1.844450   0.298837  -1.545613 
        3240        16.2000  -1.844450   0.298837  -1.545613 
        3260        16.3000  -1.844700   0.298837  -1.545863 
        3280        16.4000  -1.844621   0.298837  -1.545784 
        3300        16.5000  -1.844572   0.298837  -1.545734 
        3320        16.6000  -1.844499   0.298837  -1.545661 
        3340        16.7000  -1.844592   0.298837  -1.545755 
        3360        16.8000  -1.844503   0.298837  -1.545666 
        3380        16.9000  -1.844670   0.298837  -1.545833 
        3400        17.0000  -1.844567   0.298837  -1.545730 
        3420        17.1000  -1.844512   0.298837  -1.545675 
        3440        17.2000  -1.844605   0.298837  -1.545767 
        3460        17.3000  -1.844618   0.298837  -1.545781 
        3480        17.4000  -1.844511   0.298837  -1.545673 
        3500        17.5000  -1.844740   0.298837  -1.545903 
        3520        17.6000  -1.844637   0.298837  -1.545800 
        3540        17.7000  -1.844636   0.298837  -1.545799 
        3560        17.8000  -1.844564   0.298837  -1.545726 
        3580        17.9000  -1.844566   0.298837  -1.545729 
        3600        18.0000  -1.844561   0.298837  -1.545724 
        3620        18.1000  -1.844615   0.298837  -1.545777 
        3640        18.2000  -1.844612   0.298837  -1.545775 
        3660        18.3000  -1.844577   0.298837  -1.545740 
        3680        18.4000  -1.844568   0.298837  -1.545730 
        3700        18.5000  -1.844652   0.298837  -1.545815 
        3720        18.6000  -1.844706   0.298837  -1.545869 
        3740        18.7000  -1.844602   0.298837  -1.545765 
        3760        18.8000  -1.844628   0.298837  -1.545790 
        3780        18.9000  -1.844597   0.298837  -1.545760 
        3800        19.0000  -1.844608   0.298837  -1.545770 
        3820        19.1000  -1.844647   0.298837  -1.545810 
        3840        19.2000  -1.844674   0.298837  -1.545836 
        3860        19.3000  -1.844719   0.298837  -1.545882 
        3880        19.4000  -1.844754   0.298837  -1.545917 
        3900        19.5000  -1.844666   0.298837  -1.545829 
        3920        19.6000  -1.844675   0.298837  -1.545838 
        3940        19.7000  -1.844638   0.298837  -1.545801 
        3960        19.8000  -1.844621   0.298837  -1.545784 
        3980        19.9000  -1.844695   0.298837  -1.545858 
        4000        20.0000  -1.844698   0.298837  -1.545860 
        4020        20.1000  -1.844648   0.298837  -1.545811 
        4040        20.2000  -1.844640   0.298837  -1.545803 
        4060        20.3000  -1.844651   0.298837  -1.545814 
        4080        20.4000  -1.844738   0.298837  -1.545901 
        4100        20.5000  -1.844724   0.298837  -1.545886 
        4120        20.6000  -1.844737   0.298837  -1.545899 
        4140        20.7000  -1.844757   0.298837  -1.545920 
        4160        20.8000  -1.844743   0.298837  -1.545906 
        4180        20.9000  -1.844855   0.298837  -1.546018 
        4200        21.0000  -1.844788   0.298837  -1.545950 
        4220        21.1000  -1.844746   0.298837  -1.545909 
        4240        21.2000  -1.844801   0.298837  -1.545964 
        4260        21.3000  -1.844750   0.298837  -1.545913 
        4280        21.4000  -1.844851   0.298837  -1.546013 
        4300        21.5000  -1.844632   0.298837  -1.545794 
        4320        21.6000  -1.844744   0.298837  -1.545907 
        4340        21.7000  -1.844679   0.298837  -1.545841 
        4360        21.8000  -1.844838   0.298837  -1.546001 
        4380        21.9000  -1.844700   0.298837  -1.545863 
        4400        22.0000  -1.844843   0.298837  -1.546006 
        4420        22.1000  -1.844705   0.298837  -1.545868 
        4440        22.2000  -1.844725   0.298837  -1.545888 
        4460        22.3000  -1.844809   0.298837  -1.545972 
        4480        22.4000  -1.844811   0.298837  -1.545973 
        4500        22.5000  -1.844715   0.298837  -1.545878 
        4520        22.6000  -1.844842   0.298837  -1.546004 
        4540        22.7000  -1.844687   0.298837  -1.545850 
        4560        22.8000  -1.844875   0.298837  -1.546037 
        4580        22.9000  -1.844742   0.298837  -1.545905 
        4600        23.0000  -1.844727   0.298837  -1.545889 
        4620        23.1000  -1.844891   0.298837  -1.546053 
        4640        23.2000  -1.844751   0.298837  -1.545913 
        4660        23.3000  -1.844700   0.298837  -1.545863 
        4680        23.4000  -1.844855   0.298837  -1.546018 
        4700        23.5000  -1.844812   0.298837  -1.545975 
        4720        23.6000  -1.844770   0.298837  -1.545933 
        4740        23.7000  -1.844829   0.298837  -1.545992 
        4760        23.8000  -1.844795   0.298837  -1.545957 
        4780        23.9000  -1.844746   0.298837  -1.545909 
        4800        24.0000  -1.844884   0.298837  -1.546046 
        4820        24.1000  -1.844756   0.298837  -1.545919 
        4840        24.2000  -1.844891   0.298837  -1.546054 
        4860        24.3000  -1.844788   0.298837  -1.545951 
        4880        24.4000  -1.844796   0.298837  -1.545958 
        4900        24.5000  -1.844762   0.298837  -1.545925 
        4920        24.6000  -1.844825   0.298837  -1.545988 
        4940        24.7000  -1.844921   0.298837  -1.546084 
        4960        24.8000  -1.844915   0.298837  -1.546078 
        4980        24.9000  -1.844856   0.298837  -1.546019 
        5000        25.0000  -1.844811   0.298837  -1.545974 
        5020        25.1000  -1.844940   0.298837  -1.546102 
        5040        25.2000  -1.844793   0.298837  -1.545956 
        5060        25.3000  -1.844822   0.298837  -1.545985 
        5080        25.4000  -1.844883   0.298837  -1.546046 
        5100        25.5000  -1.844979   0.298837  -1.546141 
        5120        25.6000  -1.844876   0.298837  -1.546039 
        5140        25.7000  -1.844911   0.298837  -1.546074 
        5160        25.8000  -1.844845   0.298837  -1.546007 
        5180        25.9000  -1.844819   0.298837  -1.545982 
        5200        26.0000  -1.844987   0.298837  -1.546150 
        5220        26.1000  -1.844869   0.298837  -1.546032 
        5240        26.2000  -1.844980   0.298837  -1.546143 
        5260        26.3000  -1.844864   0.298837  -1.546027 
        5280        26.4000  -1.844803   0.298837  -1.545966 
        5300        26.5000  -1.844971   0.298837  -1.546134 
        5320        26.6000  -1.844841   0.298837  -1.546004 
        5340        26.7000  -1.844843   0.298837  -1.546006 
        5360        26.8000  -1.844929   0.298837  -1.546092 
        5380        26.9000  -1.844895   0.298837  -1.546057 
        5400        27.0000  -1.844971   0.298837  -1.546133 
        5420        27.1000  -1.844939   0.298837  -1.546102 
        5440        27.2000  -1.844987   0.298837  -1.546150 
        5460        27.3000  -1.844854   0.298837  -1.546016 
        5480        27.4000  -1.844883   0.298837  -1.546046 
        5500        27.5000  -1.844850   0.298837  -1.546012 
        5520        27.6000  -1.844997   0.298837  -1.546159 
        5540        27.7000  -1.844986   0.298837  -1.546148 
        5560        27.8000  -1.844812   0.298837  -1.545975 
        5580        27.9000  -1.844834   0.298837  -1.545997 
        5600        28.0000  -1.845009   0.298837  -1.546172 
        5620        28.1000  -1.844950   0.298837  -1.546113 
        5640        28.2000  -1.845033   0.298837  -1.546196 
        5660        28.3000  -1.844918   0.298837  -1.546080 
        5680        28.4000  -1.844889   0.298837  -1.546052 
        5700        28.5000  -1.844869   0.298837  -1.546031 
        5720        28.6000  -1.844973   0.298837  -1.546136 
        5740        28.7000  -1.844984   0.298837  -1.546147 
        5760        28.8000  -1.844916   0.298837  -1.546079 
        5780        28.9000  -1.845032   0.298837  -1.546195 
        5800        29.0000  -1.845019   0.298837  -1.546181 
        5820        29.1000  -1.844965   0.298837  -1.546127 
        5840        29.2000  -1.844918   0.298837  -1.546080 
        5860        29.3000  -1.844935   0.298837  -1.546098 
        5880        29.4000  -1.844959   0.298837  -1.546122 
        5900        29.5000  -1.845058   0.298837  -1.546221 
        5920        29.6000  -1.844937   0.298837  -1.546099 
        5940        29.7000  -1.844839   0.298837  -1.546002 
        5960        29.8000  -1.845007   0.298837  -1.546170 
        5980        29.9000  -1.844926   0.298837  -1.546089 
        6000        30.0000  -1.845021   0.298837  -1.546184 
        6020        30.1000  -1.845081   0.298837  -1.546244 
        6040        30.2000  -1.844956   0.298837  -1.546119 
        6060        30.3000  -1.844942   0.298837  -1.546105 
        6080        30.4000  -1.844925   0.298837  -1.546088 
        6100        30.5000  -1.844972   0.298837  -1.546134 
        6120        30.6000  -1.845052   0.298837  -1.546214 
        6140        30.7000  -1.845060   0.298837  -1.546223 
        6160        30.8000  -1.845015   0.298837  -1.546177 
        6180        30.9000  -1.845091   0.298837  -1.546253 
        6200        31.0000  -1.845022   0.298837  -1.546185 
        6220        31.1000  -1.844998   0.298837  -1.546160 
        6240        31.2000  -1.845079   0.298837  -1.546242 
        6260        31.3000  -1.845026   0.298837  -1.546189 
        6280        31.4000  -1.845019   0.298837  -1.546182 
        6300        31.5000  -1.844988   0.298837  -1.546151 
        6320        31.6000  -1.844937   0.298837  -1.546099 
        6340        31.7000  -1.845083   0.298837  -1.546246 
        6360        31.8000  -1.845202   0.298837  -1.546365 
        6380        31.9000  -1.845024   0.298837  -1.546187 
        6400        32.0000  -1.844949   0.298837  -1.546112 
        6420        32.1000  -1.845019   0.298837  -1.546182 
        6440        32.2000  -1.845036   0.298837  -1.546198 
        6460        32.3000  -1.844947   0.298837  -1.546110 
        6480        32.4000  -1.845107   0.298837  -1.546270 
        6500        32.5000  -1.845053   0.298837  -1.546216 
        6520        32.6000  -1.845078   0.298837  -1.546241 
        6540        32.7000  -1.845054   0.298837  -1.546217 
        6560        32.8000  -1.844990   0.298837  -1.546153 
        6580        32.9000  -1.845033   0.298837  -1.546196 
        6600        33.0000  -1.845060   0.298837  -1.546223 
        6620        33.1000  -1.845009   0.298837  -1.546172 
        6640        33.2000  -1.844928   0.298837  -1.546091 
        6660        33.3000  -1.845114   0.298837  -1.546277 
        6680        33.4000  -1.844931   0.298837  -1.546093 
        6700        33.5000  -1.845111   0.298837  -1.546273 
        6720        33.6000  -1.845138   0.298837  -1.546301 
        6740        33.7000  -1.845056   0.298837  -1.546219 
        6760        33.8000  -1.845147   0.298837  -1.546310 
        6780        33.9000  -1.845127   0.298837  -1.546289 
        6800        34.0000  -1.845138   0.298837  -1.546301 
        6820        34.1000  -1.845075   0.298837  -1.546237 
        6840        34.2000  -1.845081   0.298837  -1.546244 
        6860        34.3000  -1.845177   0.298837  -1.546340 
        6880        34.4000  -1.844992   0.298837  -1.546154 
        6900        34.5000  -1.845159   0.298837  -1.546322 
        6920        34.6000  -1.845137   0.298837  -1.546300 
        6940        34.7000  -1.845022   0.298837  -1.546185 
        6960        34.8000  -1.845002   0.298837  -1.546165 
        6980        34.9000  -1.845073   0.298837  -1.546236 
        7000        35.0000  -1.845107   0.298837  -1.546270 
        7020        35.1000  -1.845065   0.298837  -1.546228 
        7040        35.2000  -1.845162   0.298837  -1.546324 
        7060        35.3000  -1.845145   0.298837  -1.546308 
        7080        35.4000  -1.845145   0.298837  -1.546308 
        7100        35.5000  -1.845108   0.298837  -1.546270 
        7120        35.6000  -1.845125   0.298837  -1.546288 
        7140        35.7000  -1.845075   0.298837  -1.546238 
        7160        35.8000  -1.845177   0.298837  -1.546339 
        7180        35.9000  -1.845163   0.298837  -1.546326 
        7200        36.0000  -1.845152   0.298837  -1.546314 
        7220        36.1000  -1.845136   0.298837  -1.546299 
        7240        36.2000  -1.845109   0.298837  -1.546271 
        7260        36.3000  -1.845118   0.298837  -1.546281 
        7280        36.4000  -1.845123   0.298837  -1.546286 
        7300        36.5000  -1.845082   0.298837  -1.546244 
        7320        36.6000  -1.845154   0.298837  -1.546317 
        7340        36.7000  -1.845024   0.298837  -1.546187 
        7360        36.8000  -1.845155   0.298837  -1.546318 
        7380        36.9000  -1.845048   0.298837  -1.546210 
        7400        37.0000  -1.845223   0.298837  -1.546386 
        7420        37.1000  -1.845096   0.298837  -1.546259 
        7440        37.2000  -1.845106   0.298837  -1.546269 
        7460        37.3000  -1.845104   0.298837  -1.546267 
        7480        37.4000  -1.845247   0.298837  -1.546409 
        7500        37.5000  -1.845179   0.298837  -1.546341 
        7520        37.6000  -1.845091   0.298837  -1.546254 
        7540        37.7000  -1.845182   0.298837  -1.546344 
        7560        37.8000  -1.845073   0.298837  -1.546236 
        7580        37.9000  -1.845208   0.298837  -1.546371 
        7600        38.0000  -1.845070   0.298837  -1.546232 
        7620        38.1000  -1.845188   0.298837  -1.546351 
        7640        38.2000  -1.845237   0.298837  -1.546400 
        7660        38.3000  -1.845196   0.298837  -1.546358 
        7680        38.4000  -1.845052   0.298837  -1.546215 
        7700        38.5000  -1.845260   0.298837  -1.546423 
        7720        38.6000  -1.845095   0.298837  -1.546258 
        7740        38.7000  -1.845169   0.298837  -1.546332 
        7760        38.8000  -1.845166   0.298837  -1.546328 
        7780        38.9000  -1.845234   0.298837  -1.546397 
        7800        39.0000  -1.845215   0.298837  -1.546378 
        7820        39.1000  -1.845245   0.298837  -1.546408 
        7840        39.2000  -1.845164   0.298837  -1.546326 
        7860        39.3000  -1.845230   0.298837  -1.546392 
        7880        39.4000  -1.845159   0.298837  -1.546321 
        7900        39.5000  -1.845174   0.298837  -1.546336 
        7920        39.6000  -1.845090   0.298837  -1.546252 
        7940        39.7000  -1.845161   0.298837  -1.546323 
        7960        39.8000  -1.845058   0.298837  -1.546221 
        7980        39.9000  -1.845202   0.298837  -1.546365 
        8000        40.0000  -1.845181   0.298837  -1.546344 
        8020        40.1000  -1.845149   0.298837  -1.546311 
        8040        40.2000  -1.845215   0.298837  -1.546378 
        8060        40.3000  -1.845192   0.298837  -1.546355 
        8080        40.4000  -1.845190   0.298837  -1.546352 
        8100        40.5000  -1.845182   0.298837  -1.546345 
        8120        40.6000  -1.845250   0.298837  -1.546413 
        8140        40.7000  -1.845202   0.298837  -1.546365 
        8160        40.8000  -1.845130   0.298837  -1.546293 
        8180        40.9000  -1.845194   0.298837  -1.546357 
        8200        41.0000  -1.845109   0.298837  -1.546272 
        8220        41.1000  -1.845302   0.298837  -1.546464 
        8240        41.2000  -1.845110   0.298837  -1.546273 
        8260        41.3000  -1.845271   0.298837  -1.546434 
        8280        41.4000  -1.845157   0.298837  -1.546319 
        8300        41.5000  -1.845085   0.298837  -1.546248 
        8320        41.6000  -1.845177   0.298837  -1.546339 
        8340        41.7000  -1.845234   0.298837  -1.546396 
        8360        41.8000  -1.845273   0.298837  -1.546436 
        8380        41.9000  -1.845195   0.298837  -1.546358 
        8400        42.0000  -1.845194   0.298837  -1.546356 
        8420        42.1000  -1.845280   0.298837  -1.546443 
        8440        42.2000  -1.845290   0.298837  -1.546453 
        8460        42.3000  -1.845038   0.298837  -1.546201 
        8480        42.4000  -1.838111   0.298837  -1.539274 
        8500        42.5000  -1.840152   0.298837  -1.541315 
        8520        42.6000  -1.839376   0.298837  -1.540539 
        8540        42.7000  -1.838896   0.298837  -1.540058 
        8560        42.8000  -1.839198   0.298837  -1.540361 
        8580        42.9000  -1.841581   0.298837  -1.542743 
        8600        43.0000  -1.839415   0.298837  -1.540578 
        8620        43.1000  -1.844647   0.298837  -1.545810 
        8640        43.2000  -1.835951   0.298837  -1.537113 
        8660        43.3000  -1.840998   0.298837  -1.542161 
        8680        43.4000  -1.840600   0.298837  -1.541762 
        8700        43.5000  -1.840042   0.298837  -1.541205 
        8720        43.6000  -1.840150   0.298837  -1.541313 
        8740        43.7000  -1.840478   0.298837  -1.541641 
        8760        43.8000  -1.840136   0.298837  -1.541299 
        8780        43.9000  -1.840798   0.298837  -1.541960 
        8800        44.0000  -1.840091   0.298837  -1.541254 
        8820        44.1000  -1.840659   0.298837  -1.541822 
        8840        44.2000  -1.841243   0.298837  -1.542406 
        8860        44.3000  -1.839708   0.298837  -1.540871 
        8880        44.4000  -1.839478   0.298837  -1.540641 
        8900        44.5000  -1.838965   0.298837  -1.540127 
        8920        44.6000  -1.839372   0.298837  -1.540535 
        8940        44.7000  -1.840738   0.298837  -1.541901 
        8960        44.8000  -1.839866   0.298837  -1.541029 
        8980        44.9000  -1.840033   0.298837  -1.541196 
        9000        45.0000  -1.838855   0.298837  -1.540018 
        9020        45.1000  -1.839027   0.298837  -1.540190 
        9040        45.2000  -1.838710   0.298837  -1.539873 
        9060        45.3000  -1.839966   0.298837  -1.541128 
        9080        45.4000  -1.843276   0.298837  -1.544438 
        9100        45.5000  -1.839698   0.298837  -1.540861 
        9120        45.6000  -1.840186   0.298837  -1.541349 
        9140        45.7000  -1.839664   0.298837  -1.540827 
        9160        45.8000  -1.839810   0.298837  -1.540973 
        9180        45.9000  -1.839173   0.298837  -1.540336 
        9200        46.0000  -1.839214   0.298837  -1.540377 
        9220        46.1000  -1.839822   0.298837  -1.540985 
        9240        46.2000  -1.841295   0.298837  -1.542458 
        9260        46.3000  -1.840049   0.298837  -1.541212 
        9280        46.4000  -1.839691   0.298837  -1.540853 
        9300        46.5000  -1.839545   0.298837  -1.540707 
        9320        46.6000  -1.838724   0.298837  -1.539887 
        9340        46.7000  -1.840237   0.298837  -1.541399 
        9360        46.8000  -1.840288   0.298837  -1.541451 
        9380        46.9000  -1.839498   0.298837  -1.540660 
        9400        47.0000  -1.839046   0.298837  -1.540209 
        9420        47.1000  -1.839375   0.298837  -1.540538 
        9440        47.2000  -1.839957   0.298837  -1.541120 
        9460        47.3000  -1.839872   0.298837  -1.541035 
        9480        47.4000  -1.841943   0.298837  -1.543106 
        9500        47.5000  -1.838566   0.298837  -1.539729 
        9520        47.6000  -1.838348   0.298837  -1.539511 
        9540        47.7000  -1.839167   0.298837  -1.540330 
        9560        47.8000  -1.842229   0.298837  -1.543392 
        9580        47.9000  -1.838755   0.298837  -1.539918 
        9600        48.0000  -1.839365   0.298837  -1.540528 
        9620        48.1000  -1.842198   0.298837  -1.543360 
        9640        48.2000  -1.838236   0.298837  -1.539398 
        9660        48.3000  -1.839600   0.298837  -1.540763 
        9680        48.4000  -1.838462   0.298837  -1.539624 
        9700        48.5000  -1.841475   0.298837  -1.542638 
        9720        48.6000  -1.838498   0.298837  -1.539661 
        9740        48.7000  -1.839434   0.298837  -1.540596 
        9760        48.8000  -1.839486   0.298837  -1.540649 
        9780        48.9000  -1.839631   0.298837  -1.540794 
        9800        49.0000  -1.839173   0.298837  -1.540335 
        9820        49.1000  -1.845293   0.298837  -1.546456 
        9840        49.2000  -1.839400   0.298837  -1.540562 
        9860        49.3000  -1.839079   0.298837  -1.540242 
        9880        49.4000  -1.839326   0.298837  -1.540489 
        9900        49.5000  -1.839224   0.298837  -1.540386 
        9920        49.6000  -1.838595   0.298837  -1.539757 
        9940        49.7000  -1.841096   0.298837  -1.542259 
        9960        49.8000  -1.837971   0.298837  -1.539133 
        9980        49.9000  -1.838604   0.298837  -1.539767 
       10000        50.0000  -1.843600   0.298837  -1.544763 

INFO: Total Running Time: 1699.73 s, per step: 169.973 ms
INFO: Timings, in seconds, by Timer (total, own, spent in children)
> SimBackend                       1699.730 (100.0%)       18.628 (  1.1%)     1681.102 ( 98.9%)
***> Lists                            2.647 (  0.2%)        2.647 (  0.2%)        0.000 (  0.0%)
***> Thermostat                       0.000 (  0.0%)        0.000 (  0.0%)        0.000 (  0.0%)
***> Forces                         614.207 ( 36.1%)      614.207 ( 36.1%)        0.000 (  0.0%)
***> First Step                       0.000 (  0.0%)        0.000 (  0.0%)        0.000 (  0.0%)
***> Observables                   1064.247 ( 62.6%)     1064.247 ( 62.6%)        0.000 (  0.0%)

INFO: END OF THE SIMULATION, everything went OK!
INFO: Lists updated 3 times (every ~3333.333333 steps)
INFO: Aggregated I/O statistics (set debug=1 for file-wise information)
	 13.556 MB written to files
	 30.334 KB written to stdout/stderr
	For a total of  0.00799 MB/s

Please cite at least the following publication for any work that uses the oxDNA simulation package
  * E. Poppleton et al., J. Open Source Softw. 8, 4693 (2023), DOI: 10.21105/joss.04693
---------------------------------------
Begin Slurm Epilog: Mar-20-2026 11:15:25
Job ID:        5138787
User ID:       dfu71
Account:       gts-yke8
Job name:      cavity30nm_min
Resources:     cpu=1,mem=4G,node=1
Rsrc Used:     cput=00:28:34,vmem=0,walltime=00:28:34,mem=10380K,energy_used=0
Partition:     cpu-small
QOS:           inferno
Nodes:         atl1-1-02-002-24-1
---------------------------------------
