---------------------------------------
Begin Slurm Prolog: Mar-22-2026 16:09:55
Job ID:    5357952
User ID:   dfu71
Account:   gts-yke8
Job name:  integrin_cav_min
Partition: cpu-small
QOS:       inferno
---------------------------------------
INFO: seeding the RNG with 400730951
INFO: Initializing backend 
INFO: Simulation type: min
INFO: The generator will try to take into account bonded interactions by choosing distances between bonded neighbours no larger than 2.000000
INFO: Converting temperature from Kelvin (300.000000 K) to simulation units (0.100000)
INFO: Using a maximum backbone force of 5  (the corresponding mbf_xmax is 0.120156) and a far value of 10
INFO: Using different widths for major and minor grooves
INFO: pid: 3342809
DEBUG: Debye-Huckel parameters: Q=0.054300, lambda_0=0.361646, lambda=0.361646, r_high=1.084936, cutoff=2.590202
DEBUG: Debye-Huckel parameters: debye_huckel_RC=1.627405e+00, debye_huckel_B=8.467660e-03
INFO: The Debye length at this temperature (0.100000) and salt concentration (1.000000) is 0.361646
INFO: (Cells.cpp) N_cells_side: 33, 33, 33; rcut=2.8902, IS_MC: 0
INFO: N: 17176, N molecules: 209
INFO: Using randomly distributed velocities
INFO: Initial kinetic energy: 5164.907734
INFO: Using max step for minimization = 0.005
INFO: RELEASE: v3.7.0
INFO: GIT COMMIT: ee19cecc
INFO: COMPILED ON: 18/03/26
           0         0.0000  -0.262783   0.300705   0.037922 
          20         0.1000  -1.662095   0.300705  -1.361391 
          40         0.2000  -1.702910   0.300705  -1.402205 
          60         0.3000  -1.736453   0.300705  -1.435748 
          80         0.4000  -1.765937   0.300705  -1.465232 
         100         0.5000  -1.788597   0.300705  -1.487892 
         120         0.6000  -1.803303   0.300705  -1.502598 
         140         0.7000  -1.813341   0.300705  -1.512636 
         160         0.8000  -1.820420   0.300705  -1.519715 
         180         0.9000  -1.824770   0.300705  -1.524065 
         200         1.0000  -1.828199   0.300705  -1.527494 
         220         1.1000  -1.829618   0.300705  -1.528913 
         240         1.2000  -1.831650   0.300705  -1.530945 
         260         1.3000  -1.828921   0.300705  -1.528217 
         280         1.4000  -1.833225   0.300705  -1.532520 
         300         1.5000  -1.833290   0.300705  -1.532585 
         320         1.6000  -1.834284   0.300705  -1.533579 
         340         1.7000  -1.834832   0.300705  -1.534127 
         360         1.8000  -1.834907   0.300705  -1.534202 
         380         1.9000  -1.835649   0.300705  -1.534944 
         400         2.0000  -1.836017   0.300705  -1.535312 
         420         2.1000  -1.836503   0.300705  -1.535798 
         440         2.2000  -1.835353   0.300705  -1.534648 
         460         2.3000  -1.837472   0.300705  -1.536767 
         480         2.4000  -1.837802   0.300705  -1.537098 
         500         2.5000  -1.834887   0.300705  -1.534182 
         520         2.6000  -1.836635   0.300705  -1.535930 
         540         2.7000  -1.835364   0.300705  -1.534659 
         560         2.8000  -1.838575   0.300705  -1.537870 
         580         2.9000  -1.838569   0.300705  -1.537864 
         600         3.0000  -1.838784   0.300705  -1.538079 
         620         3.1000  -1.836049   0.300705  -1.535344 
         640         3.2000  -1.837701   0.300705  -1.536996 
         660         3.3000  -1.836070   0.300705  -1.535365 
         680         3.4000  -1.839729   0.300705  -1.539024 
         700         3.5000  -1.839202   0.300705  -1.538497 
         720         3.6000  -1.838586   0.300705  -1.537881 
         740         3.7000  -1.839635   0.300705  -1.538930 
         760         3.8000  -1.835698   0.300705  -1.534994 
         780         3.9000  -1.834619   0.300705  -1.533914 
         800         4.0000  -1.838840   0.300705  -1.538135 
         820         4.1000  -1.840490   0.300705  -1.539785 
         840         4.2000  -1.836678   0.300705  -1.535973 
         860         4.3000  -1.839981   0.300705  -1.539276 
         880         4.4000  -1.835835   0.300705  -1.535130 
         900         4.5000  -1.840379   0.300705  -1.539674 
         920         4.6000  -1.840967   0.300705  -1.540262 
         940         4.7000  -1.838432   0.300705  -1.537727 
         960         4.8000  -1.833570   0.300705  -1.532865 
         980         4.9000  -1.841250   0.300705  -1.540545 
        1000         5.0000  -1.840805   0.300705  -1.540100 
        1020         5.1000  -1.840768   0.300705  -1.540063 
        1040         5.2000  -1.841189   0.300705  -1.540484 
        1060         5.3000  -1.841130   0.300705  -1.540425 
        1080         5.4000  -1.837840   0.300705  -1.537136 
        1100         5.5000  -1.840372   0.300705  -1.539667 
        1120         5.6000  -1.839333   0.300705  -1.538628 
        1140         5.7000  -1.839151   0.300705  -1.538446 
        1160         5.8000  -1.838487   0.300705  -1.537782 
        1180         5.9000  -1.839302   0.300705  -1.538597 
        1200         6.0000  -1.837941   0.300705  -1.537236 
        1220         6.1000  -1.837398   0.300705  -1.536693 
        1240         6.2000  -1.837669   0.300705  -1.536964 
        1260         6.3000  -1.839275   0.300705  -1.538571 
        1280         6.4000  -1.839257   0.300705  -1.538552 
        1300         6.5000  -1.839526   0.300705  -1.538821 
        1320         6.6000  -1.839206   0.300705  -1.538501 
        1340         6.7000  -1.836882   0.300705  -1.536177 
        1360         6.8000  -1.838563   0.300705  -1.537858 
        1380         6.9000  -1.839678   0.300705  -1.538973 
        1400         7.0000  -1.839121   0.300705  -1.538416 
        1420         7.1000  -1.839916   0.300705  -1.539211 
        1440         7.2000  -1.839495   0.300705  -1.538790 
        1460         7.3000  -1.838287   0.300705  -1.537583 
        1480         7.4000  -1.842527   0.300705  -1.541822 
        1500         7.5000  -1.842548   0.300705  -1.541843 
        1520         7.6000  -1.842566   0.300705  -1.541861 
        1540         7.7000  -1.842240   0.300705  -1.541535 
        1560         7.8000  -1.842185   0.300705  -1.541480 
        1580         7.9000  -1.842188   0.300705  -1.541483 
        1600         8.0000  -1.842276   0.300705  -1.541571 
        1620         8.1000  -1.842302   0.300705  -1.541597 
        1640         8.2000  -1.842296   0.300705  -1.541591 
        1660         8.3000  -1.842365   0.300705  -1.541660 
        1680         8.4000  -1.842344   0.300705  -1.541639 
        1700         8.5000  -1.842234   0.300705  -1.541529 
        1720         8.6000  -1.842507   0.300705  -1.541802 
        1740         8.7000  -1.842508   0.300705  -1.541803 
        1760         8.8000  -1.842484   0.300705  -1.541780 
        1780         8.9000  -1.842496   0.300705  -1.541791 
        1800         9.0000  -1.842712   0.300705  -1.542007 
        1820         9.1000  -1.842622   0.300705  -1.541917 
        1840         9.2000  -1.842522   0.300705  -1.541817 
        1860         9.3000  -1.842802   0.300705  -1.542097 
        1880         9.4000  -1.842553   0.300705  -1.541848 
        1900         9.5000  -1.842595   0.300705  -1.541890 
        1920         9.6000  -1.842575   0.300705  -1.541870 
        1940         9.7000  -1.836626   0.300705  -1.535921 
        1960         9.8000  -1.838274   0.300705  -1.537569 
        1980         9.9000  -1.840134   0.300705  -1.539429 
        2000        10.0000  -1.840473   0.300705  -1.539768 
        2020        10.1000  -1.838528   0.300705  -1.537823 
        2040        10.2000  -1.840057   0.300705  -1.539352 
        2060        10.3000  -1.840795   0.300705  -1.540090 
        2080        10.4000  -1.842906   0.300705  -1.542201 
        2100        10.5000  -1.843057   0.300705  -1.542352 
        2120        10.6000  -1.842770   0.300705  -1.542065 
        2140        10.7000  -1.842829   0.300705  -1.542125 
        2160        10.8000  -1.842934   0.300705  -1.542229 
        2180        10.9000  -1.842930   0.300705  -1.542225 
        2200        11.0000  -1.842895   0.300705  -1.542190 
        2220        11.1000  -1.842889   0.300705  -1.542184 
        2240        11.2000  -1.843064   0.300705  -1.542359 
        2260        11.3000  -1.842972   0.300705  -1.542267 
        2280        11.4000  -1.842964   0.300705  -1.542259 
        2300        11.5000  -1.842950   0.300705  -1.542246 
        2320        11.6000  -1.843017   0.300705  -1.542312 
        2340        11.7000  -1.842997   0.300705  -1.542292 
        2360        11.8000  -1.843065   0.300705  -1.542360 
        2380        11.9000  -1.843037   0.300705  -1.542332 
        2400        12.0000  -1.843052   0.300705  -1.542347 
        2420        12.1000  -1.843050   0.300705  -1.542345 
        2440        12.2000  -1.843029   0.300705  -1.542324 
        2460        12.3000  -1.843229   0.300705  -1.542524 
        2480        12.4000  -1.843253   0.300705  -1.542548 
        2500        12.5000  -1.843134   0.300705  -1.542429 
        2520        12.6000  -1.843107   0.300705  -1.542402 
        2540        12.7000  -1.843085   0.300705  -1.542380 
        2560        12.8000  -1.843110   0.300705  -1.542405 
        2580        12.9000  -1.843147   0.300705  -1.542442 
        2600        13.0000  -1.843129   0.300705  -1.542424 
        2620        13.1000  -1.843145   0.300705  -1.542440 
        2640        13.2000  -1.843171   0.300705  -1.542466 
        2660        13.3000  -1.843133   0.300705  -1.542428 
        2680        13.4000  -1.843181   0.300705  -1.542476 
        2700        13.5000  -1.843160   0.300705  -1.542455 
        2720        13.6000  -1.843294   0.300705  -1.542589 
        2740        13.7000  -1.843249   0.300705  -1.542544 
        2760        13.8000  -1.843197   0.300705  -1.542492 
        2780        13.9000  -1.843204   0.300705  -1.542500 
        2800        14.0000  -1.843231   0.300705  -1.542526 
        2820        14.1000  -1.843277   0.300705  -1.542572 
        2840        14.2000  -1.843260   0.300705  -1.542555 
        2860        14.3000  -1.843227   0.300705  -1.542522 
        2880        14.4000  -1.843270   0.300705  -1.542565 
        2900        14.5000  -1.843308   0.300705  -1.542603 
        2920        14.6000  -1.843304   0.300705  -1.542599 
        2940        14.7000  -1.843291   0.300705  -1.542586 
        2960        14.8000  -1.843280   0.300705  -1.542576 
        2980        14.9000  -1.843303   0.300705  -1.542598 
        3000        15.0000  -1.843258   0.300705  -1.542553 
        3020        15.1000  -1.843515   0.300705  -1.542810 
        3040        15.2000  -1.843438   0.300705  -1.542733 
        3060        15.3000  -1.843400   0.300705  -1.542695 
        3080        15.4000  -1.843390   0.300705  -1.542685 
        3100        15.5000  -1.843357   0.300705  -1.542652 
        3120        15.6000  -1.843330   0.300705  -1.542625 
        3140        15.7000  -1.843321   0.300705  -1.542616 
        3160        15.8000  -1.843392   0.300705  -1.542687 
        3180        15.9000  -1.843363   0.300705  -1.542658 
        3200        16.0000  -1.843398   0.300705  -1.542693 
        3220        16.1000  -1.843358   0.300705  -1.542653 
        3240        16.2000  -1.843286   0.300705  -1.542581 
        3260        16.3000  -1.843493   0.300705  -1.542788 
        3280        16.4000  -1.837605   0.300705  -1.536900 
        3300        16.5000  -1.838004   0.300705  -1.537299 
        3320        16.6000  -1.838664   0.300705  -1.537959 
        3340        16.7000  -1.839051   0.300705  -1.538346 
        3360        16.8000  -1.839582   0.300705  -1.538877 
        3380        16.9000  -1.840941   0.300705  -1.540236 
        3400        17.0000  -1.838494   0.300705  -1.537789 
        3420        17.1000  -1.839201   0.300705  -1.538496 
        3440        17.2000  -1.839617   0.300705  -1.538912 
        3460        17.3000  -1.840034   0.300705  -1.539329 
        3480        17.4000  -1.840766   0.300705  -1.540061 
        3500        17.5000  -1.841095   0.300705  -1.540390 
        3520        17.6000  -1.841070   0.300705  -1.540365 
        3540        17.7000  -1.840297   0.300705  -1.539592 
        3560        17.8000  -1.840772   0.300705  -1.540067 
        3580        17.9000  -1.841243   0.300705  -1.540538 
        3600        18.0000  -1.841534   0.300705  -1.540829 
        3620        18.1000  -1.840686   0.300705  -1.539981 
        3640        18.2000  -1.841236   0.300705  -1.540531 
        3660        18.3000  -1.841617   0.300705  -1.540912 
        3680        18.4000  -1.841921   0.300705  -1.541216 
        3700        18.5000  -1.839864   0.300705  -1.539159 
        3720        18.6000  -1.840132   0.300705  -1.539427 
        3740        18.7000  -1.840476   0.300705  -1.539771 
        3760        18.8000  -1.840993   0.300705  -1.540289 
        3780        18.9000  -1.840874   0.300705  -1.540169 
        3800        19.0000  -1.841196   0.300705  -1.540491 
        3820        19.1000  -1.841506   0.300705  -1.540801 
        3840        19.2000  -1.839773   0.300705  -1.539068 
        3860        19.3000  -1.840079   0.300705  -1.539374 
        3880        19.4000  -1.840480   0.300705  -1.539775 
        3900        19.5000  -1.840920   0.300705  -1.540215 
        3920        19.6000  -1.841570   0.300705  -1.540865 
        3940        19.7000  -1.841604   0.300705  -1.540899 
        3960        19.8000  -1.840428   0.300705  -1.539723 
        3980        19.9000  -1.840992   0.300705  -1.540287 
        4000        20.0000  -1.841337   0.300705  -1.540632 
        4020        20.1000  -1.841479   0.300705  -1.540774 
        4040        20.2000  -1.841279   0.300705  -1.540574 
        4060        20.3000  -1.841481   0.300705  -1.540776 
        4080        20.4000  -1.841939   0.300705  -1.541234 
        4100        20.5000  -1.841214   0.300705  -1.540509 
        4120        20.6000  -1.841824   0.300705  -1.541119 
        4140        20.7000  -1.841358   0.300705  -1.540653 
        4160        20.8000  -1.841672   0.300705  -1.540967 
        4180        20.9000  -1.841945   0.300705  -1.541240 
        4200        21.0000  -1.839747   0.300705  -1.539042 
        4220        21.1000  -1.840110   0.300705  -1.539405 
        4240        21.2000  -1.840424   0.300705  -1.539719 
        4260        21.3000  -1.840853   0.300705  -1.540148 
        4280        21.4000  -1.841384   0.300705  -1.540679 
        4300        21.5000  -1.841660   0.300705  -1.540955 
        4320        21.6000  -1.841207   0.300705  -1.540502 
        4340        21.7000  -1.841504   0.300705  -1.540799 
        4360        21.8000  -1.841866   0.300705  -1.541162 
        4380        21.9000  -1.838963   0.300705  -1.538258 
        4400        22.0000  -1.839328   0.300705  -1.538623 
        4420        22.1000  -1.839629   0.300705  -1.538924 
        4440        22.2000  -1.839922   0.300705  -1.539217 
        4460        22.3000  -1.840482   0.300705  -1.539777 
        4480        22.4000  -1.840781   0.300705  -1.540076 
        4500        22.5000  -1.841074   0.300705  -1.540369 
        4520        22.6000  -1.841080   0.300705  -1.540375 
        4540        22.7000  -1.841567   0.300705  -1.540862 
        4560        22.8000  -1.840248   0.300705  -1.539544 
        4580        22.9000  -1.840714   0.300705  -1.540009 
        4600        23.0000  -1.840963   0.300705  -1.540258 
        4620        23.1000  -1.841236   0.300705  -1.540531 
        4640        23.2000  -1.841610   0.300705  -1.540905 
        4660        23.3000  -1.841740   0.300705  -1.541035 
        4680        23.4000  -1.841582   0.300705  -1.540877 
        4700        23.5000  -1.841857   0.300705  -1.541152 
        4720        23.6000  -1.839491   0.300705  -1.538786 
        4740        23.7000  -1.839850   0.300705  -1.539145 
        4760        23.8000  -1.840138   0.300705  -1.539433 
        4780        23.9000  -1.840418   0.300705  -1.539713 
        4800        24.0000  -1.840789   0.300705  -1.540084 
        4820        24.1000  -1.841067   0.300705  -1.540362 
        4840        24.2000  -1.841589   0.300705  -1.540884 
        4860        24.3000  -1.841626   0.300705  -1.540921 
        4880        24.4000  -1.841913   0.300705  -1.541208 
        4900        24.5000  -1.841583   0.300705  -1.540879 
        4920        24.6000  -1.841041   0.300705  -1.540336 
        4940        24.7000  -1.841324   0.300705  -1.540619 
        4960        24.8000  -1.841668   0.300705  -1.540964 
        4980        24.9000  -1.841927   0.300705  -1.541222 
        5000        25.0000  -1.842275   0.300705  -1.541570 
        5020        25.1000  -1.841166   0.300705  -1.540461 
        5040        25.2000  -1.841433   0.300705  -1.540728 
        5060        25.3000  -1.841745   0.300705  -1.541040 
        5080        25.4000  -1.842066   0.300705  -1.541361 
        5100        25.5000  -1.841278   0.300705  -1.540573 
        5120        25.6000  -1.841277   0.300705  -1.540572 
        5140        25.7000  -1.841651   0.300705  -1.540946 
        5160        25.8000  -1.842003   0.300705  -1.541299 
        5180        25.9000  -1.842114   0.300705  -1.541409 
        5200        26.0000  -1.841211   0.300705  -1.540506 
        5220        26.1000  -1.841480   0.300705  -1.540775 
        5240        26.2000  -1.841724   0.300705  -1.541019 
        5260        26.3000  -1.841596   0.300705  -1.540891 
        5280        26.4000  -1.841848   0.300705  -1.541143 
        5300        26.5000  -1.842201   0.300705  -1.541496 
        5320        26.6000  -1.841135   0.300705  -1.540430 
        5340        26.7000  -1.841399   0.300705  -1.540694 
        5360        26.8000  -1.841545   0.300705  -1.540840 
        5380        26.9000  -1.841822   0.300705  -1.541117 
        5400        27.0000  -1.842151   0.300705  -1.541446 
        5420        27.1000  -1.841338   0.300705  -1.540633 
        5440        27.2000  -1.841324   0.300705  -1.540619 
        5460        27.3000  -1.841578   0.300705  -1.540873 
        5480        27.4000  -1.841665   0.300705  -1.540960 
        5500        27.5000  -1.841626   0.300705  -1.540921 
        5520        27.6000  -1.841872   0.300705  -1.541167 
        5540        27.7000  -1.842095   0.300705  -1.541390 
        5560        27.8000  -1.841125   0.300705  -1.540420 
        5580        27.9000  -1.841381   0.300705  -1.540676 
        5600        28.0000  -1.841626   0.300705  -1.540921 
        5620        28.1000  -1.841861   0.300705  -1.541157 
        5640        28.2000  -1.842095   0.300705  -1.541390 
        5660        28.3000  -1.842014   0.300705  -1.541310 
        5680        28.4000  -1.841685   0.300705  -1.540980 
        5700        28.5000  -1.841583   0.300705  -1.540878 
        5720        28.6000  -1.841816   0.300705  -1.541111 
        5740        28.7000  -1.842216   0.300705  -1.541511 
        5760        28.8000  -1.841080   0.300705  -1.540375 
        5780        28.9000  -1.841334   0.300705  -1.540629 
        5800        29.0000  -1.841583   0.300705  -1.540878 
        5820        29.1000  -1.841827   0.300705  -1.541122 
        5840        29.2000  -1.842127   0.300705  -1.541422 
        5860        29.3000  -1.842266   0.300705  -1.541561 
        5880        29.4000  -1.841217   0.300705  -1.540512 
        5900        29.5000  -1.841481   0.300705  -1.540776 
        5920        29.6000  -1.841727   0.300705  -1.541022 
        5940        29.7000  -1.841875   0.300705  -1.541170 
        5960        29.8000  -1.842134   0.300705  -1.541429 
        5980        29.9000  -1.841272   0.300705  -1.540567 
        6000        30.0000  -1.841519   0.300705  -1.540814 
        6020        30.1000  -1.841768   0.300705  -1.541063 
        6040        30.2000  -1.842164   0.300705  -1.541459 
        6060        30.3000  -1.842136   0.300705  -1.541431 
        6080        30.4000  -1.841263   0.300705  -1.540558 
        6100        30.5000  -1.841527   0.300705  -1.540822 
        6120        30.6000  -1.841778   0.300705  -1.541073 
        6140        30.7000  -1.842022   0.300705  -1.541317 
        6160        30.8000  -1.842262   0.300705  -1.541558 
        6180        30.9000  -1.840693   0.300705  -1.539988 
        6200        31.0000  -1.840991   0.300705  -1.540286 
        6220        31.1000  -1.841257   0.300705  -1.540552 
        6240        31.2000  -1.841513   0.300705  -1.540808 
        6260        31.3000  -1.841763   0.300705  -1.541058 
        6280        31.4000  -1.842022   0.300705  -1.541317 
        6300        31.5000  -1.842268   0.300705  -1.541563 
        6320        31.6000  -1.841025   0.300705  -1.540320 
        6340        31.7000  -1.841295   0.300705  -1.540590 
        6360        31.8000  -1.841550   0.300705  -1.540845 
        6380        31.9000  -1.841800   0.300705  -1.541095 
        6400        32.0000  -1.841743   0.300705  -1.541038 
        6420        32.1000  -1.841931   0.300705  -1.541226 
        6440        32.2000  -1.841613   0.300705  -1.540908 
        6460        32.3000  -1.841567   0.300705  -1.540862 
        6480        32.4000  -1.841819   0.300705  -1.541114 
        6500        32.5000  -1.842050   0.300705  -1.541345 
        6520        32.6000  -1.841323   0.300705  -1.540618 
        6540        32.7000  -1.841472   0.300705  -1.540767 
        6560        32.8000  -1.841723   0.300705  -1.541018 
        6580        32.9000  -1.841966   0.300705  -1.541261 
        6600        33.0000  -1.842058   0.300705  -1.541353 
        6620        33.1000  -1.841649   0.300705  -1.540944 
        6640        33.2000  -1.841298   0.300705  -1.540593 
        6660        33.3000  -1.841515   0.300705  -1.540810 
        6680        33.4000  -1.841768   0.300705  -1.541063 
        6700        33.5000  -1.842015   0.300705  -1.541311 
        6720        33.6000  -1.841711   0.300705  -1.541006 
        6740        33.7000  -1.841741   0.300705  -1.541036 
        6760        33.8000  -1.841851   0.300705  -1.541146 
        6780        33.9000  -1.841617   0.300705  -1.540912 
        6800        34.0000  -1.841706   0.300705  -1.541001 
        6820        34.1000  -1.841922   0.300705  -1.541217 
        6840        34.2000  -1.841827   0.300705  -1.541122 
        6860        34.3000  -1.841531   0.300705  -1.540826 
        6880        34.4000  -1.841722   0.300705  -1.541017 
        6900        34.5000  -1.842044   0.300705  -1.541339 
        6920        34.6000  -1.841264   0.300705  -1.540559 
        6940        34.7000  -1.841462   0.300705  -1.540757 
        6960        34.8000  -1.841715   0.300705  -1.541010 
        6980        34.9000  -1.842081   0.300705  -1.541376 
        7000        35.0000  -1.842248   0.300705  -1.541543 
        7020        35.1000  -1.841329   0.300705  -1.540624 
        7040        35.2000  -1.841584   0.300705  -1.540879 
        7060        35.3000  -1.841847   0.300705  -1.541142 
        7080        35.4000  -1.842153   0.300705  -1.541448 
        7100        35.5000  -1.841668   0.300705  -1.540963 
        7120        35.6000  -1.841443   0.300705  -1.540738 
        7140        35.7000  -1.841706   0.300705  -1.541001 
        7160        35.8000  -1.841956   0.300705  -1.541251 
        7180        35.9000  -1.842239   0.300705  -1.541534 
        7200        36.0000  -1.841910   0.300705  -1.541206 
        7220        36.1000  -1.841639   0.300705  -1.540934 
        7240        36.2000  -1.841855   0.300705  -1.541150 
        7260        36.3000  -1.842053   0.300705  -1.541348 
        7280        36.4000  -1.840776   0.300705  -1.540071 
        7300        36.5000  -1.841016   0.300705  -1.540311 
        7320        36.6000  -1.841284   0.300705  -1.540579 
        7340        36.7000  -1.841542   0.300705  -1.540837 
        7360        36.8000  -1.841796   0.300705  -1.541091 
        7380        36.9000  -1.842044   0.300705  -1.541339 
        7400        37.0000  -1.842369   0.300705  -1.541664 
        7420        37.1000  -1.841974   0.300705  -1.541269 
        7440        37.2000  -1.841853   0.300705  -1.541149 
        7460        37.3000  -1.841727   0.300705  -1.541022 
        7480        37.4000  -1.841861   0.300705  -1.541156 
        7500        37.5000  -1.842032   0.300705  -1.541327 
        7520        37.6000  -1.841503   0.300705  -1.540798 
        7540        37.7000  -1.841695   0.300705  -1.540990 
        7560        37.8000  -1.841876   0.300705  -1.541171 
        7580        37.9000  -1.841899   0.300705  -1.541194 
        7600        38.0000  -1.841857   0.300705  -1.541152 
        7620        38.1000  -1.841886   0.300705  -1.541181 
        7640        38.2000  -1.841981   0.300705  -1.541276 
        7660        38.3000  -1.842187   0.300705  -1.541482 
        7680        38.4000  -1.841527   0.300705  -1.540822 
        7700        38.5000  -1.841586   0.300705  -1.540881 
        7720        38.6000  -1.841691   0.300705  -1.540986 
        7740        38.7000  -1.841778   0.300705  -1.541073 
        7760        38.8000  -1.841852   0.300705  -1.541147 
        7780        38.9000  -1.840954   0.300705  -1.540249 
        7800        39.0000  -1.841045   0.300705  -1.540340 
        7820        39.1000  -1.841078   0.300705  -1.540373 
        7840        39.2000  -1.841074   0.300705  -1.540369 
        7860        39.3000  -1.841046   0.300705  -1.540341 
        7880        39.4000  -1.841368   0.300705  -1.540663 
        7900        39.5000  -1.841306   0.300705  -1.540601 
        7920        39.6000  -1.841231   0.300705  -1.540526 
        7940        39.7000  -1.841231   0.300705  -1.540526 
        7960        39.8000  -1.841125   0.300705  -1.540420 
        7980        39.9000  -1.841004   0.300705  -1.540299 
        8000        40.0000  -1.840863   0.300705  -1.540158 
        8020        40.1000  -1.840879   0.300705  -1.540174 
        8040        40.2000  -1.840731   0.300705  -1.540026 
        8060        40.3000  -1.840750   0.300705  -1.540045 
        8080        40.4000  -1.840779   0.300705  -1.540074 
        8100        40.5000  -1.840620   0.300705  -1.539915 
        8120        40.6000  -1.840340   0.300705  -1.539635 
        8140        40.7000  -1.840032   0.300705  -1.539328 
        8160        40.8000  -1.840460   0.300705  -1.539755 
        8180        40.9000  -1.840099   0.300705  -1.539395 
        8200        41.0000  -1.839894   0.300705  -1.539190 
        8220        41.1000  -1.839913   0.300705  -1.539208 
        8240        41.2000  -1.839585   0.300705  -1.538880 
        8260        41.3000  -1.840723   0.300705  -1.540018 
        8280        41.4000  -1.840397   0.300705  -1.539692 
        8300        41.5000  -1.839983   0.300705  -1.539279 
        8320        41.6000  -1.840589   0.300705  -1.539884 
        8340        41.7000  -1.840168   0.300705  -1.539463 
        8360        41.8000  -1.839782   0.300705  -1.539077 
        8380        41.9000  -1.839325   0.300705  -1.538620 
        8400        42.0000  -1.839472   0.300705  -1.538767 
        8420        42.1000  -1.840196   0.300705  -1.539491 
        8440        42.2000  -1.840007   0.300705  -1.539302 
        8460        42.3000  -1.841093   0.300705  -1.540388 
        8480        42.4000  -1.840965   0.300705  -1.540260 
        8500        42.5000  -1.840812   0.300705  -1.540107 
        8520        42.6000  -1.840882   0.300705  -1.540177 
        8540        42.7000  -1.840768   0.300705  -1.540063 
        8560        42.8000  -1.841316   0.300705  -1.540611 
        8580        42.9000  -1.841277   0.300705  -1.540572 
        8600        43.0000  -1.841031   0.300705  -1.540326 
        8620        43.1000  -1.840755   0.300705  -1.540050 
        8640        43.2000  -1.840878   0.300705  -1.540173 
        8660        43.3000  -1.841886   0.300705  -1.541181 
        8680        43.4000  -1.841577   0.300705  -1.540872 
        8700        43.5000  -1.842023   0.300705  -1.541318 
        8720        43.6000  -1.842047   0.300705  -1.541342 
        8740        43.7000  -1.841766   0.300705  -1.541062 
        8760        43.8000  -1.842632   0.300705  -1.541927 
        8780        43.9000  -1.842310   0.300705  -1.541605 
        8800        44.0000  -1.842948   0.300705  -1.542243 
        8820        44.1000  -1.841600   0.300705  -1.540895 
        8840        44.2000  -1.841712   0.300705  -1.541007 
        8860        44.3000  -1.843922   0.300705  -1.543217 
        8880        44.4000  -1.839945   0.300705  -1.539240 
        8900        44.5000  -1.840742   0.300705  -1.540037 
        8920        44.6000  -1.841549   0.300705  -1.540845 
        8940        44.7000  -1.841910   0.300705  -1.541205 
        8960        44.8000  -1.841369   0.300705  -1.540664 
        8980        44.9000  -1.841154   0.300705  -1.540449 
        9000        45.0000  -1.841293   0.300705  -1.540588 
        9020        45.1000  -1.841071   0.300705  -1.540366 
        9040        45.2000  -1.838585   0.300705  -1.537880 
        9060        45.3000  -1.842145   0.300705  -1.541440 
        9080        45.4000  -1.842854   0.300705  -1.542149 
        9100        45.5000  -1.841205   0.300705  -1.540500 
        9120        45.6000  -1.842829   0.300705  -1.542124 
        9140        45.7000  -1.843402   0.300705  -1.542697 
        9160        45.8000  -1.841812   0.300705  -1.541108 
        9180        45.9000  -1.842034   0.300705  -1.541329 
        9200        46.0000  -1.842356   0.300705  -1.541651 
        9220        46.1000  -1.841518   0.300705  -1.540813 
        9240        46.2000  -1.842203   0.300705  -1.541498 
        9260        46.3000  -1.841918   0.300705  -1.541213 
        9280        46.4000  -1.841845   0.300705  -1.541140 
        9300        46.5000  -1.841811   0.300705  -1.541106 
        9320        46.6000  -1.841681   0.300705  -1.540976 
        9340        46.7000  -1.841540   0.300705  -1.540835 
        9360        46.8000  -1.840672   0.300705  -1.539967 
        9380        46.9000  -1.840349   0.300705  -1.539644 
        9400        47.0000  -1.840879   0.300705  -1.540174 
        9420        47.1000  -1.841621   0.300705  -1.540916 
        9440        47.2000  -1.841716   0.300705  -1.541011 
        9460        47.3000  -1.842003   0.300705  -1.541298 
        9480        47.4000  -1.841961   0.300705  -1.541256 
        9500        47.5000  -1.841583   0.300705  -1.540878 
        9520        47.6000  -1.841450   0.300705  -1.540745 
        9540        47.7000  -1.841168   0.300705  -1.540463 
        9560        47.8000  -1.841209   0.300705  -1.540504 
        9580        47.9000  -1.841562   0.300705  -1.540857 
        9600        48.0000  -1.841139   0.300705  -1.540434 
        9620        48.1000  -1.840658   0.300705  -1.539953 
        9640        48.2000  -1.841705   0.300705  -1.541000 
        9660        48.3000  -1.841283   0.300705  -1.540578 
        9680        48.4000  -1.840909   0.300705  -1.540204 
        9700        48.5000  -1.840624   0.300705  -1.539919 
        9720        48.6000  -1.841019   0.300705  -1.540314 
        9740        48.7000  -1.841041   0.300705  -1.540336 
        9760        48.8000  -1.840540   0.300705  -1.539835 
        9780        48.9000  -1.840894   0.300705  -1.540189 
        9800        49.0000  -1.839778   0.300705  -1.539074 
        9820        49.1000  -1.840754   0.300705  -1.540049 
        9840        49.2000  -1.838491   0.300705  -1.537786 
        9860        49.3000  -1.838942   0.300705  -1.538237 
        9880        49.4000  -1.840186   0.300705  -1.539481 
        9900        49.5000  -1.839588   0.300705  -1.538883 
        9920        49.6000  -1.841676   0.300705  -1.540972 
        9940        49.7000  -1.841210   0.300705  -1.540505 
        9960        49.8000  -1.841269   0.300705  -1.540564 
        9980        49.9000  -1.840975   0.300705  -1.540270 
       10000        50.0000  -1.841600   0.300705  -1.540895 

INFO: Total Running Time: 1743.1 s, per step: 174.31 ms
INFO: Timings, in seconds, by Timer (total, own, spent in children)
> SimBackend                       1743.099 (100.0%)       21.414 (  1.2%)     1721.685 ( 98.8%)
***> Lists                            3.267 (  0.2%)        3.267 (  0.2%)        0.000 (  0.0%)
***> Thermostat                       0.000 (  0.0%)        0.000 (  0.0%)        0.000 (  0.0%)
***> Forces                         632.759 ( 36.3%)      632.759 ( 36.3%)        0.000 (  0.0%)
***> First Step                       0.000 (  0.0%)        0.000 (  0.0%)        0.000 (  0.0%)
***> Observables                   1085.659 ( 62.3%)     1085.659 ( 62.3%)        0.000 (  0.0%)

INFO: END OF THE SIMULATION, everything went OK!
INFO: Lists updated 4 times (every ~2500.000000 steps)
INFO: Aggregated I/O statistics (set debug=1 for file-wise information)
	 13.514 MB written to files
	 30.334 KB written to stdout/stderr
	For a total of  0.00777 MB/s

Please cite at least the following publication for any work that uses the oxDNA simulation package
  * E. Poppleton et al., J. Open Source Softw. 8, 4693 (2023), DOI: 10.21105/joss.04693
---------------------------------------
Begin Slurm Epilog: Mar-22-2026 16:39:15
Job ID:        5357952
User ID:       dfu71
Account:       gts-yke8
Job name:      integrin_cav_min
Resources:     cpu=1,mem=4G,node=1
Rsrc Used:     cput=00:29:21,vmem=0,walltime=00:29:21,mem=10512K,energy_used=0
Partition:     cpu-small
QOS:           inferno
Nodes:         atl1-1-02-006-30-1
---------------------------------------
