---------------------------------------
Begin Slurm Prolog: Mar-22-2026 16:39:16
Job ID:    5357953
User ID:   dfu71
Account:   gts-yke8
Job name:  integrin_cav_relax
Partition: gpu-rtx6000
QOS:       inferno
---------------------------------------
INFO: seeding the RNG with 116312533
INFO: Initializing backend 
INFO: Simulation type: MD
INFO: CUDA backend precision: mixed
INFO: The generator will try to take into account bonded interactions by choosing distances between bonded neighbours no larger than 2.000000
INFO: Converting temperature from Kelvin (300.000000 K) to simulation units (0.100000)
INFO: Using a maximum backbone force of 5  (the corresponding mbf_xmax is 0.120156) and a far value of 0.1
INFO: Using different widths for major and minor grooves
INFO: CUDA device not specified
INFO: CUDA sort_every not specified, using 0
INFO: The generator will try to take into account bonded interactions by choosing distances between bonded neighbours no larger than 2.000000
INFO: Using a maximum backbone force of 5  (the corresponding mbf_xmax is 0.120156) and a far value of 0.1
INFO: pid: 853242
DEBUG: Debye-Huckel parameters: Q=0.054300, lambda_0=0.361646, lambda=0.511444, r_high=1.534332, cutoff=3.264295
DEBUG: Debye-Huckel parameters: debye_huckel_RC=2.301498e+00, debye_huckel_B=2.993770e-03
INFO: The Debye length at this temperature (0.100000) and salt concentration (0.500000) is 0.511444
INFO: (Cells.cpp) N_cells_side: 33, 33, 33; rcut=4.2643, IS_MC: 0
INFO: N: 17176, N molecules: 209
INFO: Using randomly distributed velocities
INFO: Initial kinetic energy: 5140.228810
INFO: Choosing device automatically
INFO: Computer has 1 device
INFO:  - Trying device 0
INFO:  -- device 0 has properties 7.5
INFO:  -- using device 0
INFO:  --- Running on device 0
INFO: threads_per_block was not specified or set to 0. The default value (64) will be used
INFO: CUDA Cells mem: 1371.71 MBs, lists mem: 0.07 MBs
INFO: CUDA max_neigh: 17175, max_N_per_cell: 10005, N_cells: 35937 (per side: 33 33 33)
INFO: Allocated CUDA memory: 2500.19 MBs
INFO: RELEASE: v3.7.0
INFO: GIT COMMIT: ee19cecc
INFO: COMPILED ON: 18/03/26
           0         0.0000  -1.829356   0.299268  -1.530088 
        1000         3.0000  -1.676818   0.157328  -1.519490 
        2000         6.0000  -1.668738   0.160346  -1.508392 
        3000         9.0000  -1.662906   0.165653  -1.497253 
        4000        12.0000  -1.657586   0.169976  -1.487610 
        5000        15.0000  -1.651597   0.174393  -1.477204 
        6000        18.0000  -1.646951   0.179417  -1.467535 
        7000        21.0000  -1.642641   0.183777  -1.458863 
        8000        24.0000  -1.637342   0.187480  -1.449863 
        9000        27.0000  -1.632614   0.191712  -1.440902 
       10000        30.0000  -1.627895   0.196028  -1.431867 
       11000        33.0000  -1.623156   0.199232  -1.423924 
       12000        36.0000  -1.618671   0.202546  -1.416125 
       13000        39.0000  -1.615717   0.207294  -1.408423 
       14000        42.0000  -1.611420   0.209182  -1.402238 
       15000        45.0000  -1.607294   0.212799  -1.394495 
       16000        48.0000  -1.603935   0.216783  -1.387152 
       17000        51.0000  -1.600322   0.219529  -1.380793 
       18000        54.0000  -1.597275   0.222265  -1.375010 
       19000        57.0000  -1.594775   0.226222  -1.368553 
       20000        60.0000  -1.591207   0.228351  -1.362856 
       21000        63.0000  -1.587582   0.230479  -1.357103 
       22000        66.0000  -1.584225   0.234130  -1.350094 
       23000        69.0000  -1.580917   0.236035  -1.344881 
       24000        72.0000  -1.577176   0.237377  -1.339799 
       25000        75.0000  -1.575416   0.240147  -1.335269 
       26000        78.0000  -1.575096   0.243738  -1.331358 
       27000        81.0000  -1.571293   0.244274  -1.327019 
       28000        84.0000  -1.567457   0.244333  -1.323124 
       29000        87.0000  -1.565855   0.247417  -1.318438 
       30000        90.0000  -1.564637   0.250321  -1.314316 
       31000        93.0000  -1.561926   0.251822  -1.310104 
       32000        96.0000  -1.559584   0.253458  -1.306126 
       33000        99.0000  -1.555620   0.253944  -1.301676 
       34000       102.0000  -1.554296   0.256645  -1.297651 
       35000       105.0000  -1.551978   0.258198  -1.293780 
       36000       108.0000  -1.548901   0.259053  -1.289848 
       37000       111.0000  -1.548516   0.261707  -1.286808 
       38000       114.0000  -1.546513   0.262307  -1.284206 
       39000       117.0000  -1.544996   0.263856  -1.281140 
       40000       120.0000  -1.544378   0.265383  -1.278995 
       41000       123.0000  -1.542564   0.267011  -1.275553 
       42000       126.0000  -1.542416   0.270042  -1.272373 
       43000       129.0000  -1.538752   0.268780  -1.269971 
       44000       132.0000  -1.537884   0.270740  -1.267144 
       45000       135.0000  -1.536410   0.271185  -1.265225 
       46000       138.0000  -1.535522   0.273046  -1.262476 
       47000       141.0000  -1.534203   0.274561  -1.259643 
       48000       144.0000  -1.534065   0.275794  -1.258271 
       49000       147.0000  -1.530643   0.274513  -1.256131 
       50000       150.0000  -1.529138   0.275637  -1.253501 
       51000       153.0000  -1.529402   0.276881  -1.252521 
       52000       156.0000  -1.528482   0.276872  -1.251610 
       53000       159.0000  -1.526890   0.277507  -1.249383 
       54000       162.0000  -1.527217   0.279593  -1.247624 
       55000       165.0000  -1.526060   0.280327  -1.245733 
       56000       168.0000  -1.524061   0.279515  -1.244546 
       57000       171.0000  -1.524860   0.281756  -1.243104 
       58000       174.0000  -1.524906   0.283106  -1.241799 
       59000       177.0000  -1.523293   0.283064  -1.240229 
       60000       180.0000  -1.522725   0.283610  -1.239115 
       61000       183.0000  -1.520516   0.282121  -1.238395 
       62000       186.0000  -1.521614   0.284319  -1.237295 
       63000       189.0000  -1.520875   0.284651  -1.236224 
       64000       192.0000  -1.520088   0.284125  -1.235963 
       65000       195.0000  -1.520816   0.286350  -1.234466 
       66000       198.0000  -1.518232   0.284665  -1.233567 
       67000       201.0000  -1.517049   0.284533  -1.232516 
       68000       204.0000  -1.517263   0.285772  -1.231490 
       69000       207.0000  -1.517036   0.286639  -1.230397 
       70000       210.0000  -1.514340   0.285594  -1.228746 
       71000       213.0000  -1.514267   0.286468  -1.227799 
       72000       216.0000  -1.514914   0.288367  -1.226547 
       73000       219.0000  -1.514483   0.289694  -1.224790 
       74000       222.0000  -1.513410   0.289194  -1.224216 
       75000       225.0000  -1.512853   0.289957  -1.222895 
       76000       228.0000  -1.510300   0.288000  -1.222300 
       77000       231.0000  -1.510795   0.289413  -1.221382 
       78000       234.0000  -1.509915   0.289586  -1.220329 
       79000       237.0000  -1.510314   0.290493  -1.219822 
       80000       240.0000  -1.509893   0.291073  -1.218821 
       81000       243.0000  -1.509420   0.291171  -1.218250 
       82000       246.0000  -1.508005   0.289973  -1.218033 
       83000       249.0000  -1.509514   0.292315  -1.217198 
       84000       252.0000  -1.508696   0.292774  -1.215922 
       85000       255.0000  -1.507813   0.292296  -1.215517 
       86000       258.0000  -1.507664   0.292963  -1.214701 
       87000       261.0000  -1.506993   0.293644  -1.213349 
       88000       264.0000  -1.506440   0.293439  -1.213001 
       89000       267.0000  -1.506463   0.294105  -1.212358 
       90000       270.0000  -1.505516   0.294410  -1.211106 
       91000       273.0000  -1.506843   0.296506  -1.210336 
       92000       276.0000  -1.504842   0.294992  -1.209851 
       93000       279.0000  -1.506343   0.296584  -1.209759 
       94000       282.0000  -1.505561   0.296235  -1.209326 
       95000       285.0000  -1.503395   0.294417  -1.208978 
       96000       288.0000  -1.503566   0.294860  -1.208706 
       97000       291.0000  -1.504861   0.297072  -1.207789 
       98000       294.0000  -1.504965   0.298495  -1.206470 
       99000       297.0000  -1.504852   0.299375  -1.205477 
INFO: diffusion fixed.. -25807.5 -25807.5
      100000       300.0000  -1.502532   0.297508  -1.205024 
      101000       303.0000  -1.502310   0.298615  -1.203695 
      102000       306.0000  -1.501537   0.298022  -1.203515 
      103000       309.0000  -1.500168   0.296931  -1.203237 
      104000       312.0000  -1.501464   0.299032  -1.202433 
      105000       315.0000  -1.501136   0.298356  -1.202780 
      106000       318.0000  -1.499075   0.296282  -1.202793 
      107000       321.0000  -1.501092   0.298329  -1.202762 
      108000       324.0000  -1.500479   0.297687  -1.202792 
      109000       327.0000  -1.502601   0.299933  -1.202668 
      110000       330.0000  -1.500934   0.299017  -1.201917 
      111000       333.0000  -1.501367   0.299863  -1.201505 
      112000       336.0000  -1.499166   0.298219  -1.200946 
      113000       339.0000  -1.498415   0.298777  -1.199639 
      114000       342.0000  -1.499222   0.299305  -1.199917 
      115000       345.0000  -1.499622   0.299582  -1.200039 
      116000       348.0000  -1.499408   0.298969  -1.200439 
      117000       351.0000  -1.497644   0.297509  -1.200135 
      118000       354.0000  -1.498874   0.299226  -1.199649 
      119000       357.0000  -1.498364   0.299310  -1.199053 
      120000       360.0000  -1.499388   0.299295  -1.200093 
      121000       363.0000  -1.498681   0.298016  -1.200665 
      122000       366.0000  -1.500651   0.299071  -1.201580 
      123000       369.0000  -1.500408   0.298722  -1.201686 
      124000       372.0000  -1.501116   0.300006  -1.201110 
      125000       375.0000  -1.498716   0.297658  -1.201058 
      126000       378.0000  -1.500563   0.299679  -1.200884 
      127000       381.0000  -1.500773   0.299421  -1.201351 
      128000       384.0000  -1.501040   0.300118  -1.200923 
      129000       387.0000  -1.501047   0.299966  -1.201081 
      130000       390.0000  -1.499160   0.298013  -1.201147 
      131000       393.0000  -1.499072   0.298225  -1.200848 
      132000       396.0000  -1.498557   0.298251  -1.200307 
      133000       399.0000  -1.499612   0.299702  -1.199910 
      134000       402.0000  -1.501040   0.301695  -1.199346 
      135000       405.0000  -1.499041   0.299201  -1.199840 
      136000       408.0000  -1.499463   0.299417  -1.200046 
      137000       411.0000  -1.498969   0.298826  -1.200144 
      138000       414.0000  -1.499041   0.299826  -1.199215 
      139000       417.0000  -1.499882   0.300310  -1.199572 
      140000       420.0000  -1.499529   0.299322  -1.200207 
      141000       423.0000  -1.499161   0.298968  -1.200194 
      142000       426.0000  -1.500595   0.299778  -1.200817 
      143000       429.0000  -1.500132   0.298366  -1.201766 
      144000       432.0000  -1.500668   0.299017  -1.201651 
      145000       435.0000  -1.500678   0.298671  -1.202007 
      146000       438.0000  -1.501088   0.299850  -1.201238 
      147000       441.0000  -1.501387   0.300065  -1.201321 
      148000       444.0000  -1.499302   0.298163  -1.201139 
      149000       447.0000  -1.500509   0.299780  -1.200730 
      150000       450.0000  -1.500642   0.300059  -1.200583 
      151000       453.0000  -1.498711   0.298355  -1.200357 
      152000       456.0000  -1.499798   0.300170  -1.199628 
      153000       459.0000  -1.499019   0.299784  -1.199235 
      154000       462.0000  -1.498541   0.299885  -1.198656 
      155000       465.0000  -1.497371   0.298357  -1.199014 
      156000       468.0000  -1.498958   0.300233  -1.198724 
      157000       471.0000  -1.499294   0.299929  -1.199366 
      158000       474.0000  -1.501112   0.301261  -1.199851 
      159000       477.0000  -1.499765   0.299821  -1.199944 
      160000       480.0000  -1.497976   0.298463  -1.199513 
      161000       483.0000  -1.499231   0.299539  -1.199692 
      162000       486.0000  -1.498003   0.298582  -1.199421 
      163000       489.0000  -1.498709   0.299815  -1.198894 
      164000       492.0000  -1.498203   0.299326  -1.198876 
      165000       495.0000  -1.500205   0.301768  -1.198437 
      166000       498.0000  -1.498226   0.299491  -1.198735 
      167000       501.0000  -1.498272   0.299490  -1.198783 
      168000       504.0000  -1.499698   0.300187  -1.199511 
      169000       507.0000  -1.499023   0.300557  -1.198466 
      170000       510.0000  -1.499490   0.299907  -1.199583 
      171000       513.0000  -1.498562   0.298787  -1.199774 
      172000       516.0000  -1.498103   0.298536  -1.199567 
      173000       519.0000  -1.499608   0.300312  -1.199296 
      174000       522.0000  -1.498393   0.299014  -1.199380 
      175000       525.0000  -1.501012   0.301370  -1.199642 
      176000       528.0000  -1.497866   0.298555  -1.199310 
      177000       531.0000  -1.500633   0.300886  -1.199746 
      178000       534.0000  -1.501220   0.301189  -1.200032 
      179000       537.0000  -1.499106   0.299722  -1.199383 
      180000       540.0000  -1.501455   0.301725  -1.199730 
      181000       543.0000  -1.499802   0.299547  -1.200256 
      182000       546.0000  -1.499978   0.299881  -1.200097 
      183000       549.0000  -1.500698   0.301214  -1.199484 
      184000       552.0000  -1.498586   0.298641  -1.199945 
      185000       555.0000  -1.500122   0.299698  -1.200425 
      186000       558.0000  -1.500142   0.298568  -1.201574 
      187000       561.0000  -1.500649   0.299098  -1.201550 
      188000       564.0000  -1.501056   0.298578  -1.202478 
      189000       567.0000  -1.500204   0.298014  -1.202190 
      190000       570.0000  -1.499537   0.297380  -1.202157 
      191000       573.0000  -1.499415   0.296484  -1.202931 
      192000       576.0000  -1.500593   0.298108  -1.202484 
      193000       579.0000  -1.501449   0.299491  -1.201958 
      194000       582.0000  -1.500117   0.298026  -1.202091 
      195000       585.0000  -1.501389   0.299549  -1.201840 
      196000       588.0000  -1.500446   0.299573  -1.200873 
      197000       591.0000  -1.501206   0.300178  -1.201028 
      198000       594.0000  -1.500231   0.299399  -1.200832 
      199000       597.0000  -1.498779   0.298027  -1.200752 
INFO: diffusion fixed.. -25750.9 -25750.9
      200000       600.0000  -1.499238   0.298747  -1.200491 
      201000       603.0000  -1.500253   0.300372  -1.199881 
      202000       606.0000  -1.496958   0.297639  -1.199319 
      203000       609.0000  -1.498156   0.298372  -1.199783 
      204000       612.0000  -1.498475   0.298908  -1.199567 
      205000       615.0000  -1.500109   0.300076  -1.200033 
      206000       618.0000  -1.499802   0.299975  -1.199828 
      207000       621.0000  -1.499610   0.299547  -1.200063 
      208000       624.0000  -1.499071   0.299257  -1.199814 
      209000       627.0000  -1.499403   0.298445  -1.200958 
      210000       630.0000  -1.502472   0.300769  -1.201703 
      211000       633.0000  -1.500732   0.298908  -1.201824 
      212000       636.0000  -1.501128   0.300110  -1.201019 
      213000       639.0000  -1.501433   0.300215  -1.201218 
      214000       642.0000  -1.498537   0.297783  -1.200754 
      215000       645.0000  -1.499063   0.298986  -1.200077 
      216000       648.0000  -1.498928   0.298852  -1.200076 
      217000       651.0000  -1.498111   0.298558  -1.199553 
      218000       654.0000  -1.498177   0.298767  -1.199410 
      219000       657.0000  -1.497415   0.298151  -1.199264 
      220000       660.0000  -1.497727   0.298215  -1.199512 
      221000       663.0000  -1.498971   0.299824  -1.199147 
      222000       666.0000  -1.496478   0.298162  -1.198316 
      223000       669.0000  -1.496958   0.299492  -1.197466 
      224000       672.0000  -1.498783   0.300879  -1.197903 
      225000       675.0000  -1.499126   0.301157  -1.197970 
      226000       678.0000  -1.497820   0.298674  -1.199145 
      227000       681.0000  -1.500602   0.301768  -1.198834 
      228000       684.0000  -1.499892   0.300435  -1.199457 
      229000       687.0000  -1.498562   0.299433  -1.199128 
      230000       690.0000  -1.499492   0.301264  -1.198228 
      231000       693.0000  -1.497724   0.299723  -1.198002 
      232000       696.0000  -1.496685   0.299564  -1.197122 
      233000       699.0000  -1.498292   0.300783  -1.197509 
      234000       702.0000  -1.496679   0.299388  -1.197291 
      235000       705.0000  -1.497322   0.299417  -1.197905 
      236000       708.0000  -1.497322   0.299390  -1.197931 
      237000       711.0000  -1.497441   0.300187  -1.197255 
      238000       714.0000  -1.497232   0.300391  -1.196841 
      239000       717.0000  -1.497335   0.300891  -1.196444 
      240000       720.0000  -1.498274   0.301961  -1.196313 
      241000       723.0000  -1.497644   0.300798  -1.196846 
      242000       726.0000  -1.496729   0.300388  -1.196342 
      243000       729.0000  -1.495902   0.299977  -1.195925 
      244000       732.0000  -1.496409   0.300298  -1.196111 
      245000       735.0000  -1.495650   0.299283  -1.196367 
      246000       738.0000  -1.496199   0.298882  -1.197316 
      247000       741.0000  -1.496887   0.299662  -1.197225 
      248000       744.0000  -1.497551   0.300580  -1.196970 
      249000       747.0000  -1.498125   0.300360  -1.197765 
      250000       750.0000  -1.500229   0.301868  -1.198361 
      251000       753.0000  -1.498216   0.300415  -1.197801 
      252000       756.0000  -1.498274   0.300552  -1.197722 
      253000       759.0000  -1.498064   0.300301  -1.197762 
      254000       762.0000  -1.497386   0.298621  -1.198765 
      255000       765.0000  -1.498390   0.299678  -1.198712 
      256000       768.0000  -1.496333   0.297745  -1.198588 
      257000       771.0000  -1.499199   0.300057  -1.199142 
      258000       774.0000  -1.497353   0.298337  -1.199016 
      259000       777.0000  -1.496844   0.297807  -1.199037 
      260000       780.0000  -1.497827   0.299513  -1.198314 
      261000       783.0000  -1.495689   0.298094  -1.197595 
      262000       786.0000  -1.495952   0.299007  -1.196945 
      263000       789.0000  -1.499273   0.302617  -1.196656 
      264000       792.0000  -1.499438   0.302951  -1.196487 
      265000       795.0000  -1.497396   0.301780  -1.195616 
      266000       798.0000  -1.495290   0.300153  -1.195137 
      267000       801.0000  -1.495797   0.300696  -1.195101 
      268000       804.0000  -1.495161   0.300454  -1.194706 
      269000       807.0000  -1.494809   0.300445  -1.194364 
      270000       810.0000  -1.496373   0.301703  -1.194671 
      271000       813.0000  -1.495538   0.299770  -1.195768 
      272000       816.0000  -1.497856   0.302409  -1.195447 
      273000       819.0000  -1.496266   0.300996  -1.195270 
      274000       822.0000  -1.496630   0.301104  -1.195525 
      275000       825.0000  -1.498138   0.302545  -1.195593 
      276000       828.0000  -1.496649   0.301574  -1.195075 
      277000       831.0000  -1.497007   0.301747  -1.195260 
      278000       834.0000  -1.496914   0.302910  -1.194005 
      279000       837.0000  -1.495182   0.302437  -1.192745 
      280000       840.0000  -1.494536   0.301973  -1.192563 
      281000       843.0000  -1.495812   0.302570  -1.193242 
      282000       846.0000  -1.495041   0.302765  -1.192277 
      283000       849.0000  -1.494012   0.301894  -1.192118 
      284000       852.0000  -1.495896   0.303707  -1.192189 
      285000       855.0000  -1.494552   0.302053  -1.192499 
      286000       858.0000  -1.493933   0.301264  -1.192669 
      287000       861.0000  -1.494619   0.301451  -1.193168 
      288000       864.0000  -1.498391   0.303876  -1.194516 
      289000       867.0000  -1.494879   0.299742  -1.195137 
      290000       870.0000  -1.494651   0.299468  -1.195184 
      291000       873.0000  -1.495552   0.301068  -1.194483 
      292000       876.0000  -1.496922   0.302708  -1.194214 
      293000       879.0000  -1.495472   0.301219  -1.194253 
      294000       882.0000  -1.495355   0.300796  -1.194559 
      295000       885.0000  -1.497607   0.302290  -1.195318 
      296000       888.0000  -1.497341   0.301915  -1.195426 
      297000       891.0000  -1.496413   0.301217  -1.195196 
      298000       894.0000  -1.496224   0.301411  -1.194812 
      299000       897.0000  -1.496706   0.301626  -1.195080 
INFO: diffusion fixed.. -25690.6 -25690.6
      300000       900.0000  -1.495729   0.300301  -1.195429 
      301000       903.0000  -1.499001   0.303307  -1.195694 
      302000       906.0000  -1.497820   0.301416  -1.196404 
      303000       909.0000  -1.497632   0.301617  -1.196015 
      304000       912.0000  -1.495403   0.299976  -1.195428 
      305000       915.0000  -1.495249   0.299802  -1.195448 
      306000       918.0000  -1.495484   0.299697  -1.195787 
      307000       921.0000  -1.496654   0.300455  -1.196199 
      308000       924.0000  -1.496497   0.300340  -1.196157 
      309000       927.0000  -1.496257   0.300832  -1.195424 
      310000       930.0000  -1.496494   0.301396  -1.195098 
      311000       933.0000  -1.496221   0.300726  -1.195495 
      312000       936.0000  -1.495895   0.301359  -1.194536 
      313000       939.0000  -1.496450   0.301744  -1.194706 
      314000       942.0000  -1.496287   0.301006  -1.195281 
      315000       945.0000  -1.497555   0.302018  -1.195537 
      316000       948.0000  -1.496828   0.300783  -1.196045 
      317000       951.0000  -1.499179   0.302756  -1.196423 
      318000       954.0000  -1.497096   0.300409  -1.196688 
      319000       957.0000  -1.497930   0.300806  -1.197124 
      320000       960.0000  -1.497870   0.301538  -1.196332 
      321000       963.0000  -1.498112   0.302097  -1.196015 
      322000       966.0000  -1.497948   0.301559  -1.196389 
      323000       969.0000  -1.497405   0.300959  -1.196446 
      324000       972.0000  -1.496656   0.300921  -1.195735 
      325000       975.0000  -1.496803   0.300360  -1.196444 
      326000       978.0000  -1.497157   0.300098  -1.197058 
      327000       981.0000  -1.497258   0.299148  -1.198110 
      328000       984.0000  -1.496163   0.298419  -1.197745 
      329000       987.0000  -1.497114   0.298533  -1.198582 
      330000       990.0000  -1.499805   0.301463  -1.198342 
      331000       993.0000  -1.499421   0.301404  -1.198017 
      332000       996.0000  -1.498846   0.300494  -1.198352 
      333000       999.0000  -1.498909   0.300283  -1.198626 
      334000      1002.0000  -1.497193   0.298795  -1.198398 
      335000      1005.0000  -1.498384   0.299427  -1.198957 
      336000      1008.0000  -1.498352   0.299450  -1.198902 
      337000      1011.0000  -1.498864   0.299736  -1.199127 
      338000      1014.0000  -1.497830   0.299688  -1.198142 
      339000      1017.0000  -1.497683   0.299456  -1.198227 
      340000      1020.0000  -1.497138   0.298015  -1.199123 
      341000      1023.0000  -1.498280   0.298893  -1.199387 
      342000      1026.0000  -1.498955   0.299812  -1.199143 
      343000      1029.0000  -1.499903   0.300588  -1.199315 
      344000      1032.0000  -1.498029   0.298797  -1.199233 
      345000      1035.0000  -1.498517   0.299453  -1.199063 
      346000      1038.0000  -1.498540   0.299574  -1.198966 
      347000      1041.0000  -1.498165   0.298918  -1.199247 
      348000      1044.0000  -1.496235   0.297045  -1.199190 
      349000      1047.0000  -1.497840   0.298798  -1.199042 
      350000      1050.0000  -1.497770   0.299133  -1.198637 
      351000      1053.0000  -1.498474   0.300178  -1.198296 
      352000      1056.0000  -1.498725   0.300289  -1.198436 
      353000      1059.0000  -1.499215   0.300925  -1.198290 
      354000      1062.0000  -1.497475   0.300031  -1.197444 
      355000      1065.0000  -1.497737   0.301281  -1.196456 
      356000      1068.0000  -1.498742   0.301561  -1.197180 
      357000      1071.0000  -1.495669   0.298473  -1.197196 
      358000      1074.0000  -1.496894   0.300981  -1.195913 
      359000      1077.0000  -1.496978   0.301675  -1.195303 
      360000      1080.0000  -1.496423   0.300648  -1.195775 
      361000      1083.0000  -1.496268   0.300548  -1.195720 
      362000      1086.0000  -1.497145   0.301665  -1.195479 
      363000      1089.0000  -1.495738   0.300031  -1.195707 
      364000      1092.0000  -1.495445   0.299033  -1.196412 
      365000      1095.0000  -1.496001   0.299293  -1.196708 
      366000      1098.0000  -1.496294   0.299389  -1.196905 
      367000      1101.0000  -1.497869   0.301786  -1.196083 
      368000      1104.0000  -1.496605   0.300621  -1.195984 
      369000      1107.0000  -1.498026   0.301736  -1.196290 
      370000      1110.0000  -1.495632   0.299711  -1.195921 
      371000      1113.0000  -1.497613   0.301694  -1.195919 
      372000      1116.0000  -1.496659   0.300509  -1.196150 
      373000      1119.0000  -1.494808   0.298622  -1.196185 
      374000      1122.0000  -1.497071   0.300199  -1.196872 
      375000      1125.0000  -1.496639   0.299191  -1.197448 
      376000      1128.0000  -1.497124   0.299432  -1.197691 
      377000      1131.0000  -1.497174   0.299815  -1.197358 
      378000      1134.0000  -1.500022   0.302334  -1.197689 
      379000      1137.0000  -1.497576   0.299611  -1.197965 
      380000      1140.0000  -1.496493   0.298980  -1.197512 
      381000      1143.0000  -1.498119   0.299792  -1.198328 
      382000      1146.0000  -1.497245   0.299188  -1.198058 
      383000      1149.0000  -1.498170   0.300071  -1.198098 
      384000      1152.0000  -1.499307   0.300891  -1.198416 
      385000      1155.0000  -1.499732   0.301548  -1.198184 
      386000      1158.0000  -1.495115   0.297273  -1.197841 
      387000      1161.0000  -1.498313   0.299942  -1.198370 
      388000      1164.0000  -1.500767   0.301885  -1.198882 
      389000      1167.0000  -1.498731   0.299587  -1.199143 
      390000      1170.0000  -1.500135   0.301522  -1.198613 
      391000      1173.0000  -1.499386   0.301066  -1.198320 
      392000      1176.0000  -1.498219   0.300004  -1.198215 
      393000      1179.0000  -1.499136   0.300613  -1.198523 
      394000      1182.0000  -1.498335   0.300296  -1.198039 
      395000      1185.0000  -1.495939   0.298281  -1.197658 
      396000      1188.0000  -1.497334   0.299980  -1.197354 
      397000      1191.0000  -1.497204   0.299186  -1.198018 
      398000      1194.0000  -1.497041   0.299459  -1.197582 
      399000      1197.0000  -1.498258   0.299778  -1.198480 
INFO: diffusion fixed.. -25740.4 -25740.4
      400000      1200.0000  -1.498626   0.299565  -1.199061 
      401000      1203.0000  -1.496092   0.297878  -1.198215 
      402000      1206.0000  -1.497426   0.299093  -1.198333 
      403000      1209.0000  -1.496006   0.298438  -1.197568 
      404000      1212.0000  -1.497892   0.299865  -1.198027 
      405000      1215.0000  -1.500919   0.302256  -1.198664 
      406000      1218.0000  -1.496692   0.298160  -1.198531 
      407000      1221.0000  -1.499438   0.300896  -1.198542 
      408000      1224.0000  -1.498810   0.300371  -1.198438 
      409000      1227.0000  -1.500332   0.301911  -1.198421 
      410000      1230.0000  -1.498511   0.299980  -1.198531 
      411000      1233.0000  -1.498240   0.300235  -1.198005 
      412000      1236.0000  -1.497778   0.299862  -1.197916 
      413000      1239.0000  -1.497724   0.299629  -1.198095 
      414000      1242.0000  -1.496654   0.298990  -1.197664 
      415000      1245.0000  -1.499638   0.301087  -1.198551 
      416000      1248.0000  -1.499340   0.300127  -1.199212 
      417000      1251.0000  -1.500014   0.300889  -1.199125 
      418000      1254.0000  -1.497866   0.298335  -1.199531 
      419000      1257.0000  -1.500033   0.299937  -1.200095 
      420000      1260.0000  -1.498065   0.298441  -1.199624 
      421000      1263.0000  -1.498762   0.299388  -1.199374 
      422000      1266.0000  -1.499664   0.300197  -1.199467 
      423000      1269.0000  -1.498852   0.298865  -1.199988 
      424000      1272.0000  -1.500138   0.300126  -1.200012 
      425000      1275.0000  -1.498119   0.298246  -1.199873 
      426000      1278.0000  -1.498147   0.298625  -1.199522 
      427000      1281.0000  -1.500005   0.300491  -1.199514 
      428000      1284.0000  -1.498660   0.299845  -1.198815 
      429000      1287.0000  -1.498150   0.299196  -1.198954 
      430000      1290.0000  -1.500127   0.301424  -1.198703 
      431000      1293.0000  -1.498000   0.299876  -1.198124 
      432000      1296.0000  -1.496963   0.299038  -1.197925 
      433000      1299.0000  -1.498928   0.301410  -1.197518 
      434000      1302.0000  -1.498287   0.301669  -1.196618 
      435000      1305.0000  -1.496401   0.299309  -1.197092 
      436000      1308.0000  -1.498491   0.302656  -1.195835 
      437000      1311.0000  -1.496487   0.300980  -1.195508 
      438000      1314.0000  -1.496829   0.301949  -1.194880 
      439000      1317.0000  -1.495913   0.300922  -1.194991 
      440000      1320.0000  -1.497166   0.302013  -1.195154 
      441000      1323.0000  -1.498368   0.302980  -1.195388 
      442000      1326.0000  -1.497645   0.302240  -1.195405 
      443000      1329.0000  -1.496407   0.300852  -1.195555 
      444000      1332.0000  -1.496551   0.299949  -1.196603 
      445000      1335.0000  -1.497123   0.300575  -1.196548 
      446000      1338.0000  -1.497177   0.300487  -1.196690 
      447000      1341.0000  -1.498440   0.301004  -1.197436 
      448000      1344.0000  -1.498487   0.301175  -1.197312 
      449000      1347.0000  -1.496964   0.299306  -1.197658 
      450000      1350.0000  -1.498361   0.300865  -1.197496 
      451000      1353.0000  -1.500035   0.303250  -1.196785 
      452000      1356.0000  -1.498264   0.301870  -1.196395 
      453000      1359.0000  -1.495688   0.299740  -1.195949 
      454000      1362.0000  -1.497783   0.301726  -1.196057 
      455000      1365.0000  -1.497405   0.300888  -1.196517 
      456000      1368.0000  -1.496279   0.299522  -1.196757 
      457000      1371.0000  -1.496721   0.299798  -1.196923 
      458000      1374.0000  -1.498342   0.301596  -1.196746 
      459000      1377.0000  -1.498029   0.301210  -1.196818 
      460000      1380.0000  -1.496820   0.300760  -1.196060 
      461000      1383.0000  -1.497776   0.302513  -1.195264 
      462000      1386.0000  -1.496462   0.300819  -1.195643 
      463000      1389.0000  -1.497053   0.301745  -1.195308 
      464000      1392.0000  -1.495735   0.300266  -1.195469 
      465000      1395.0000  -1.497525   0.302646  -1.194879 
      466000      1398.0000  -1.496083   0.300902  -1.195180 
      467000      1401.0000  -1.497177   0.301587  -1.195591 
      468000      1404.0000  -1.498633   0.302853  -1.195779 
      469000      1407.0000  -1.495580   0.300165  -1.195415 
      470000      1410.0000  -1.497038   0.301661  -1.195377 
      471000      1413.0000  -1.496392   0.300014  -1.196378 
      472000      1416.0000  -1.497980   0.301702  -1.196277 
      473000      1419.0000  -1.495753   0.299405  -1.196348 
      474000      1422.0000  -1.497618   0.301465  -1.196153 
      475000      1425.0000  -1.496967   0.300704  -1.196263 
      476000      1428.0000  -1.497012   0.301363  -1.195649 
      477000      1431.0000  -1.496630   0.301447  -1.195183 
      478000      1434.0000  -1.496760   0.302449  -1.194311 
      479000      1437.0000  -1.496663   0.303590  -1.193072 
      480000      1440.0000  -1.494943   0.302713  -1.192230 
      481000      1443.0000  -1.494461   0.302397  -1.192063 
      482000      1446.0000  -1.495919   0.302834  -1.193085 
      483000      1449.0000  -1.497932   0.303999  -1.193933 
      484000      1452.0000  -1.497296   0.303522  -1.193774 
      485000      1455.0000  -1.495297   0.300685  -1.194612 
      486000      1458.0000  -1.497904   0.303237  -1.194667 
      487000      1461.0000  -1.497351   0.302034  -1.195317 
      488000      1464.0000  -1.496813   0.301323  -1.195490 
      489000      1467.0000  -1.494968   0.299966  -1.195001 
      490000      1470.0000  -1.496713   0.302168  -1.194545 
      491000      1473.0000  -1.496001   0.302088  -1.193913 
      492000      1476.0000  -1.495202   0.300683  -1.194519 
      493000      1479.0000  -1.495826   0.301890  -1.193936 
      494000      1482.0000  -1.494811   0.301269  -1.193542 
      495000      1485.0000  -1.495345   0.300865  -1.194480 
      496000      1488.0000  -1.496134   0.302043  -1.194091 
      497000      1491.0000  -1.496552   0.301581  -1.194971 
      498000      1494.0000  -1.496805   0.302098  -1.194706 
      499000      1497.0000  -1.497849   0.301851  -1.195998 
INFO: diffusion fixed.. -25781.5 -25781.5
      500000      1500.0000  -1.501021   0.304844  -1.196176 

INFO: Total Running Time: 1770.31 s, per step: 3.54062 ms
INFO: Timings, in seconds, by Timer (total, own, spent in children)
> SimBackend                       1770.310 (100.0%)        1.351 (  0.1%)     1768.958 ( 99.9%)
***> Hilbert sorting                  0.505 (  0.0%)        0.505 (  0.0%)        0.000 (  0.0%)
***> Lists                            8.762 (  0.5%)        8.762 (  0.5%)        0.000 (  0.0%)
***> Thermostat                       0.635 (  0.0%)        0.635 (  0.0%)        0.000 (  0.0%)
***> Forces                         284.440 ( 16.1%)      284.440 ( 16.1%)        0.000 (  0.0%)
***> First Step                       9.477 (  0.5%)        9.477 (  0.5%)        0.000 (  0.0%)
***> Observables                   1465.139 ( 82.8%)     1465.139 ( 82.8%)        0.000 (  0.0%)

INFO: END OF THE SIMULATION, everything went OK!
INFO: Lists updated 1923 times (every ~260.010400 steps)
INFO: Aggregated I/O statistics (set debug=1 for file-wise information)
	 49.445 MB written to files
	 30.334 KB written to stdout/stderr
	For a total of   0.0279 MB/s

Please cite at least the following publication for any work that uses the oxDNA simulation package
  * E. Poppleton et al., J. Open Source Softw. 8, 4693 (2023), DOI: 10.21105/joss.04693
---------------------------------------
Begin Slurm Epilog: Mar-22-2026 17:09:43
Job ID:        5357953
User ID:       dfu71
Account:       gts-yke8
Job name:      integrin_cav_relax
Resources:     cpu=6,gres/gpu:rtx_6000=1,mem=24G,node=1
Rsrc Used:     cput=03:02:42,vmem=0,walltime=00:30:27,mem=10700K,energy_used=0
Partition:     gpu-rtx6000
QOS:           inferno
Nodes:         atl1-1-03-007-11-0
---------------------------------------
