---------------------------------------
Begin Slurm Prolog: Mar-20-2026 11:17:10
Job ID:    5138788
User ID:   dfu71
Account:   gts-yke8
Job name:  cavity30nm_relax
Partition: gpu-rtx6000
QOS:       inferno
---------------------------------------
INFO: seeding the RNG with -595257068
INFO: Initializing backend 
INFO: Simulation type: MD
INFO: CUDA backend precision: mixed
INFO: The generator will try to take into account bonded interactions by choosing distances between bonded neighbours no larger than 2.000000
INFO: Converting temperature from Kelvin (300.000000 K) to simulation units (0.100000)
INFO: Using a maximum backbone force of 5  (the corresponding mbf_xmax is 0.120156) and a far value of 0.1
INFO: Using different widths for major and minor grooves
INFO: CUDA device not specified
INFO: CUDA sort_every not specified, using 0
INFO: The generator will try to take into account bonded interactions by choosing distances between bonded neighbours no larger than 2.000000
INFO: Using a maximum backbone force of 5  (the corresponding mbf_xmax is 0.120156) and a far value of 0.1
INFO: pid: 1639885
DEBUG: Debye-Huckel parameters: Q=0.054300, lambda_0=0.361646, lambda=0.511444, r_high=1.534332, cutoff=3.264295
DEBUG: Debye-Huckel parameters: debye_huckel_RC=2.301498e+00, debye_huckel_B=2.993770e-03
INFO: The Debye length at this temperature (0.100000) and salt concentration (0.500000) is 0.511444
INFO: (Cells.cpp) N_cells_side: 33, 33, 33; rcut=4.2643, IS_MC: 0
INFO: N: 17232, N molecules: 208
INFO: Using randomly distributed velocities
INFO: Initial kinetic energy: 5171.763191
INFO: Choosing device automatically
INFO: Computer has 1 device
INFO:  - Trying device 0
INFO:  -- device 0 has properties 7.5
INFO:  -- using device 0
INFO:  --- Running on device 0
INFO: threads_per_block was not specified or set to 0. The default value (64) will be used
INFO: CUDA Cells mem: 1367.60 MBs, lists mem: 0.07 MBs
INFO: CUDA max_neigh: 17231, max_N_per_cell: 9975, N_cells: 35937 (per side: 33 33 33)
INFO: Allocated CUDA memory: 2503.43 MBs
INFO: RELEASE: v3.7.0
INFO: GIT COMMIT: ee19cecc
INFO: COMPILED ON: 18/03/26
           0         0.0000  -1.831387   0.300126  -1.531262 
       10000        30.0000  -1.629730   0.195127  -1.434603 
       20000        60.0000  -1.593319   0.226907  -1.366412 
       30000        90.0000  -1.565651   0.248156  -1.317495 
       40000       120.0000  -1.547440   0.263856  -1.283584 
       50000       150.0000  -1.533932   0.274805  -1.259127 
       60000       180.0000  -1.523531   0.283120  -1.240412 
       70000       210.0000  -1.518316   0.287636  -1.230680 
       80000       240.0000  -1.513722   0.291476  -1.222246 
       90000       270.0000  -1.509048   0.293313  -1.215735 
INFO: diffusion fixed.. -25918.3 -25918.3
      100000       300.0000  -1.504082   0.295726  -1.208356 
      110000       330.0000  -1.501163   0.299299  -1.201864 
      120000       360.0000  -1.501548   0.300698  -1.200850 
      130000       390.0000  -1.501437   0.298320  -1.203117 
      140000       420.0000  -1.501146   0.300591  -1.200555 
      150000       450.0000  -1.499440   0.299610  -1.199830 
      160000       480.0000  -1.497834   0.300935  -1.196899 
      170000       510.0000  -1.496324   0.300509  -1.195815 
      180000       540.0000  -1.497849   0.303112  -1.194737 
      190000       570.0000  -1.496350   0.301650  -1.194700 
INFO: diffusion fixed.. -25781.9 -25781.9
      200000       600.0000  -1.496163   0.301332  -1.194830 
      210000       630.0000  -1.496276   0.299984  -1.196292 
      220000       660.0000  -1.499315   0.302238  -1.197077 
      230000       690.0000  -1.499187   0.302531  -1.196656 
      240000       720.0000  -1.500032   0.301521  -1.198511 
      250000       750.0000  -1.499760   0.299770  -1.199990 
      260000       780.0000  -1.498826   0.297372  -1.201454 
      270000       810.0000  -1.497331   0.299851  -1.197481 
      280000       840.0000  -1.497264   0.300943  -1.196321 
      290000       870.0000  -1.498093   0.299765  -1.198328 
INFO: diffusion fixed.. -25850.5 -25850.5
      300000       900.0000  -1.500144   0.299613  -1.200531 
      310000       930.0000  -1.498875   0.298677  -1.200198 
      320000       960.0000  -1.499793   0.302136  -1.197658 
      330000       990.0000  -1.497481   0.301274  -1.196208 
      340000      1020.0000  -1.496720   0.303505  -1.193215 
      350000      1050.0000  -1.495944   0.300966  -1.194978 
      360000      1080.0000  -1.496187   0.299682  -1.196505 
      370000      1110.0000  -1.496288   0.300226  -1.196062 
      380000      1140.0000  -1.496967   0.301289  -1.195678 
      390000      1170.0000  -1.497016   0.300975  -1.196040 
INFO: diffusion fixed.. -25809.7 -25809.7
      400000      1200.0000  -1.497780   0.300410  -1.197370 
      410000      1230.0000  -1.498501   0.300692  -1.197809 
      420000      1260.0000  -1.498420   0.301656  -1.196764 
      430000      1290.0000  -1.497651   0.298844  -1.198807 
      440000      1320.0000  -1.497332   0.301186  -1.196146 
      450000      1350.0000  -1.497615   0.301287  -1.196328 
      460000      1380.0000  -1.497019   0.299679  -1.197340 
      470000      1410.0000  -1.497636   0.298845  -1.198791 
      480000      1440.0000  -1.498687   0.300604  -1.198083 
      490000      1470.0000  -1.497096   0.302235  -1.194862 
INFO: diffusion fixed.. -25743.4 -25743.4
      500000      1500.0000  -1.493928   0.301502  -1.192426 
      510000      1530.0000  -1.497024   0.299872  -1.197153 
      520000      1560.0000  -1.497414   0.300482  -1.196933 
      530000      1590.0000  -1.499206   0.302099  -1.197106 
      540000      1620.0000  -1.495929   0.302333  -1.193596 
      550000      1650.0000  -1.497227   0.300601  -1.196626 
      560000      1680.0000  -1.497385   0.298616  -1.198769 
      570000      1710.0000  -1.498384   0.299259  -1.199125 
      580000      1740.0000  -1.497426   0.300388  -1.197038 
      590000      1770.0000  -1.497320   0.301000  -1.196320 
INFO: diffusion fixed.. -25816.9 -25816.9
      600000      1800.0000  -1.498197   0.302720  -1.195477 
      610000      1830.0000  -1.498037   0.299825  -1.198213 
      620000      1860.0000  -1.498355   0.298820  -1.199535 
      630000      1890.0000  -1.498635   0.300240  -1.198395 
      640000      1920.0000  -1.497961   0.301761  -1.196199 
      650000      1950.0000  -1.498531   0.301607  -1.196924 
      660000      1980.0000  -1.497239   0.301409  -1.195830 
      670000      2010.0000  -1.497098   0.300842  -1.196257 
      680000      2040.0000  -1.496091   0.299956  -1.196134 
      690000      2070.0000  -1.497851   0.301470  -1.196381 
INFO: diffusion fixed.. -25768.1 -25768.1
      700000      2100.0000  -1.495361   0.299750  -1.195611 
      710000      2130.0000  -1.498399   0.302132  -1.196267 
      720000      2160.0000  -1.497589   0.300555  -1.197035 
      730000      2190.0000  -1.497803   0.301442  -1.196361 
      740000      2220.0000  -1.498295   0.299760  -1.198536 
      750000      2250.0000  -1.498976   0.299721  -1.199255 
      760000      2280.0000  -1.499197   0.299619  -1.199578 
      770000      2310.0000  -1.500752   0.302465  -1.198286 
      780000      2340.0000  -1.497880   0.300464  -1.197415 
      790000      2370.0000  -1.497396   0.299752  -1.197644 
INFO: diffusion fixed.. -25832.1 -25832.1
      800000      2400.0000  -1.499075   0.299817  -1.199258 
      810000      2430.0000  -1.498793   0.301898  -1.196895 
      820000      2460.0000  -1.500004   0.302427  -1.197577 
      830000      2490.0000  -1.497354   0.298120  -1.199235 
      840000      2520.0000  -1.501021   0.299114  -1.201907 
      850000      2550.0000  -1.501295   0.299997  -1.201298 
      860000      2580.0000  -1.500571   0.299963  -1.200609 
      870000      2610.0000  -1.501439   0.298842  -1.202597 
      880000      2640.0000  -1.499111   0.297959  -1.201152 
      890000      2670.0000  -1.500784   0.298664  -1.202120 
INFO: diffusion fixed.. -25881.2 -25881.2
      900000      2700.0000  -1.501924   0.299510  -1.202414 
      910000      2730.0000  -1.502836   0.301153  -1.201683 
      920000      2760.0000  -1.500313   0.298090  -1.202224 
      930000      2790.0000  -1.500190   0.298065  -1.202124 
      940000      2820.0000  -1.500297   0.298553  -1.201744 
      950000      2850.0000  -1.501127   0.299015  -1.202113 
      960000      2880.0000  -1.498756   0.300700  -1.198056 
      970000      2910.0000  -1.497844   0.301777  -1.196067 
      980000      2940.0000  -1.498357   0.299794  -1.198563 
      990000      2970.0000  -1.497303   0.298419  -1.198884 
INFO: diffusion fixed.. -25807.1 -25807.1
     1000000      3000.0000  -1.497625   0.299145  -1.198481 
     1010000      3030.0000  -1.497560   0.300785  -1.196775 
     1020000      3060.0000  -1.499899   0.301281  -1.198618 
     1030000      3090.0000  -1.499045   0.301695  -1.197350 
     1040000      3120.0000  -1.499661   0.300136  -1.199525 
     1050000      3150.0000  -1.499724   0.299540  -1.200183 
     1060000      3180.0000  -1.497440   0.299756  -1.197684 
     1070000      3210.0000  -1.498118   0.303102  -1.195016 
     1080000      3240.0000  -1.497754   0.303226  -1.194528 
     1090000      3270.0000  -1.497899   0.300711  -1.197188 
INFO: diffusion fixed.. -25835.5 -25835.5
     1100000      3300.0000  -1.499276   0.300258  -1.199018 
     1110000      3330.0000  -1.497993   0.298788  -1.199205 
     1120000      3360.0000  -1.499697   0.300894  -1.198803 
     1130000      3390.0000  -1.497936   0.301190  -1.196746 
     1140000      3420.0000  -1.496287   0.300156  -1.196131 
     1150000      3450.0000  -1.499680   0.299826  -1.199853 
     1160000      3480.0000  -1.501160   0.299464  -1.201697 
     1170000      3510.0000  -1.501809   0.301211  -1.200598 
     1180000      3540.0000  -1.502471   0.302490  -1.199981 
     1190000      3570.0000  -1.502892   0.300482  -1.202410 
INFO: diffusion fixed.. -25882.5 -25882.5
     1200000      3600.0000  -1.502001   0.297381  -1.204620 
     1210000      3630.0000  -1.501260   0.296892  -1.204368 
     1220000      3660.0000  -1.498305   0.296293  -1.202012 
     1230000      3690.0000  -1.499742   0.298174  -1.201568 
     1240000      3720.0000  -1.500506   0.301154  -1.199352 
     1250000      3750.0000  -1.498711   0.299159  -1.199552 
     1260000      3780.0000  -1.499283   0.302189  -1.197094 
     1270000      3810.0000  -1.499858   0.302797  -1.197061 
     1280000      3840.0000  -1.499328   0.299932  -1.199395 
     1290000      3870.0000  -1.499396   0.299139  -1.200258 
INFO: diffusion fixed.. -25884.7 -25884.7
     1300000      3900.0000  -1.502129   0.300679  -1.201450 
     1310000      3930.0000  -1.500650   0.299489  -1.201161 
     1320000      3960.0000  -1.498458   0.297598  -1.200860 
     1330000      3990.0000  -1.499233   0.299668  -1.199564 
     1340000      4020.0000  -1.500980   0.299805  -1.201175 
     1350000      4050.0000  -1.496683   0.299150  -1.197533 
     1360000      4080.0000  -1.498318   0.301550  -1.196768 
     1370000      4110.0000  -1.499707   0.303117  -1.196590 
     1380000      4140.0000  -1.496166   0.299417  -1.196750 
     1390000      4170.0000  -1.498982   0.301957  -1.197025 
INFO: diffusion fixed.. -25832.5 -25832.5
     1400000      4200.0000  -1.499100   0.302737  -1.196363 
     1410000      4230.0000  -1.499031   0.302120  -1.196911 
     1420000      4260.0000  -1.498452   0.303414  -1.195038 
     1430000      4290.0000  -1.498794   0.300812  -1.197982 
     1440000      4320.0000  -1.500922   0.301816  -1.199106 
     1450000      4350.0000  -1.497637   0.300191  -1.197446 
     1460000      4380.0000  -1.499192   0.300738  -1.198454 
     1470000      4410.0000  -1.501447   0.300496  -1.200951 
     1480000      4440.0000  -1.500726   0.300524  -1.200203 
     1490000      4470.0000  -1.496975   0.298678  -1.198298 
INFO: diffusion fixed.. -25809.6 -25809.6
     1500000      4500.0000  -1.497772   0.300709  -1.197063 
     1510000      4530.0000  -1.495865   0.300574  -1.195291 
     1520000      4560.0000  -1.497484   0.301834  -1.195650 
     1530000      4590.0000  -1.495723   0.300720  -1.195003 
     1540000      4620.0000  -1.498547   0.300602  -1.197946 
     1550000      4650.0000  -1.499856   0.301200  -1.198656 
     1560000      4680.0000  -1.500874   0.300516  -1.200358 
     1570000      4710.0000  -1.500438   0.298271  -1.202168 
     1580000      4740.0000  -1.499870   0.298560  -1.201310 
     1590000      4770.0000  -1.501071   0.300273  -1.200799 
INFO: diffusion fixed.. -25836.5 -25836.5
     1600000      4800.0000  -1.499334   0.299290  -1.200043 
     1610000      4830.0000  -1.498574   0.299632  -1.198941 
     1620000      4860.0000  -1.497788   0.298365  -1.199423 
     1630000      4890.0000  -1.500320   0.299616  -1.200704 
     1640000      4920.0000  -1.499606   0.300394  -1.199212 
     1650000      4950.0000  -1.499382   0.301719  -1.197663 
     1660000      4980.0000  -1.499685   0.300967  -1.198717 
     1670000      5010.0000  -1.498849   0.300237  -1.198612 
     1680000      5040.0000  -1.499115   0.299974  -1.199141 
     1690000      5070.0000  -1.501056   0.299215  -1.201841 
INFO: diffusion fixed.. -25852.9 -25852.9
     1700000      5100.0000  -1.500285   0.298277  -1.202008 
     1710000      5130.0000  -1.500725   0.298630  -1.202095 
     1720000      5160.0000  -1.499602   0.298646  -1.200956 
     1730000      5190.0000  -1.496492   0.300465  -1.196028 
     1740000      5220.0000  -1.495580   0.302394  -1.193185 
     1750000      5250.0000  -1.495592   0.302305  -1.193287 
     1760000      5280.0000  -1.499488   0.302644  -1.196844 
     1770000      5310.0000  -1.497350   0.301575  -1.195776 
     1780000      5340.0000  -1.497750   0.297653  -1.200097 
     1790000      5370.0000  -1.499658   0.299403  -1.200256 
INFO: diffusion fixed.. -25834.2 -25834.2
     1800000      5400.0000  -1.499197   0.298764  -1.200432 
     1810000      5430.0000  -1.499872   0.300285  -1.199587 
     1820000      5460.0000  -1.499979   0.300784  -1.199195 
     1830000      5490.0000  -1.501016   0.301837  -1.199179 
     1840000      5520.0000  -1.497429   0.299158  -1.198270 
     1850000      5550.0000  -1.497792   0.299460  -1.198332 
     1860000      5580.0000  -1.497273   0.302301  -1.194971 
     1870000      5610.0000  -1.499519   0.303911  -1.195608 
     1880000      5640.0000  -1.497679   0.303096  -1.194583 
     1890000      5670.0000  -1.495929   0.303206  -1.192723 
INFO: diffusion fixed.. -25773.7 -25773.7
     1900000      5700.0000  -1.495691   0.300880  -1.194810 
     1910000      5730.0000  -1.498683   0.301197  -1.197486 
     1920000      5760.0000  -1.498559   0.302147  -1.196411 
     1930000      5790.0000  -1.497456   0.300158  -1.197298 
     1940000      5820.0000  -1.497112   0.301970  -1.195142 
     1950000      5850.0000  -1.498310   0.300623  -1.197687 
     1960000      5880.0000  -1.497121   0.300102  -1.197020 
     1970000      5910.0000  -1.497632   0.301876  -1.195756 
     1980000      5940.0000  -1.499460   0.302121  -1.197339 
     1990000      5970.0000  -1.496689   0.301219  -1.195470 
INFO: diffusion fixed.. -25785.3 -25785.3
     2000000      6000.0000  -1.496359   0.302425  -1.193934 
     2010000      6030.0000  -1.497149   0.300750  -1.196399 
     2020000      6060.0000  -1.498120   0.299407  -1.198713 
     2030000      6090.0000  -1.499695   0.301440  -1.198255 
     2040000      6120.0000  -1.499374   0.300072  -1.199302 
     2050000      6150.0000  -1.497980   0.298364  -1.199616 
     2060000      6180.0000  -1.498184   0.299983  -1.198201 
     2070000      6210.0000  -1.499000   0.300625  -1.198375 
     2080000      6240.0000  -1.500478   0.299746  -1.200733 
     2090000      6270.0000  -1.501577   0.301841  -1.199736 
INFO: diffusion fixed.. -25841.6 -25841.6
     2100000      6300.0000  -1.499631   0.299546  -1.200084 
     2110000      6330.0000  -1.500350   0.299285  -1.201065 
     2120000      6360.0000  -1.500381   0.300380  -1.200001 
     2130000      6390.0000  -1.502189   0.299195  -1.202994 
     2140000      6420.0000  -1.499823   0.298129  -1.201694 
     2150000      6450.0000  -1.500195   0.301910  -1.198285 
     2160000      6480.0000  -1.496227   0.298891  -1.197335 
     2170000      6510.0000  -1.499361   0.298533  -1.200828 
     2180000      6540.0000  -1.499653   0.298781  -1.200871 
     2190000      6570.0000  -1.499687   0.300261  -1.199425 
INFO: diffusion fixed.. -25806.7 -25806.7
     2200000      6600.0000  -1.497604   0.298430  -1.199174 
     2210000      6630.0000  -1.501877   0.300089  -1.201788 
     2220000      6660.0000  -1.500126   0.300566  -1.199560 
     2230000      6690.0000  -1.499094   0.299007  -1.200087 
     2240000      6720.0000  -1.498115   0.297850  -1.200265 
     2250000      6750.0000  -1.501015   0.300838  -1.200177 
     2260000      6780.0000  -1.498584   0.298214  -1.200370 
     2270000      6810.0000  -1.500756   0.300390  -1.200366 
     2280000      6840.0000  -1.497366   0.297413  -1.199953 
     2290000      6870.0000  -1.499713   0.300796  -1.198918 
INFO: diffusion fixed.. -25844.7 -25844.7
     2300000      6900.0000  -1.499806   0.300600  -1.199207 
     2310000      6930.0000  -1.498914   0.300915  -1.197999 
     2320000      6960.0000  -1.497465   0.300252  -1.197213 
     2330000      6990.0000  -1.497450   0.301534  -1.195916 
     2340000      7020.0000  -1.496743   0.300374  -1.196369 
     2350000      7050.0000  -1.497413   0.301275  -1.196138 
     2360000      7080.0000  -1.496197   0.299809  -1.196388 
     2370000      7110.0000  -1.497311   0.301087  -1.196225 
     2380000      7140.0000  -1.496274   0.298634  -1.197641 
     2390000      7170.0000  -1.496981   0.298250  -1.198731 
INFO: diffusion fixed.. -25765.5 -25765.5
     2400000      7200.0000  -1.495214   0.300503  -1.194711 
     2410000      7230.0000  -1.498251   0.302392  -1.195859 
     2420000      7260.0000  -1.498784   0.300682  -1.198102 
     2430000      7290.0000  -1.498050   0.300435  -1.197615 
     2440000      7320.0000  -1.497787   0.301812  -1.195976 
     2450000      7350.0000  -1.496074   0.301905  -1.194169 
     2460000      7380.0000  -1.495517   0.301078  -1.194439 
     2470000      7410.0000  -1.494883   0.300974  -1.193908 
     2480000      7440.0000  -1.499057   0.301447  -1.197609 
     2490000      7470.0000  -1.497067   0.299279  -1.197787 
INFO: diffusion fixed.. -25835.3 -25835.3
     2500000      7500.0000  -1.499262   0.300242  -1.199019 
     2510000      7530.0000  -1.500091   0.300443  -1.199649 
     2520000      7560.0000  -1.498849   0.299226  -1.199623 
     2530000      7590.0000  -1.499652   0.300553  -1.199098 
     2540000      7620.0000  -1.498720   0.299530  -1.199189 
     2550000      7650.0000  -1.499655   0.298004  -1.201651 
     2560000      7680.0000  -1.499413   0.297747  -1.201666 
     2570000      7710.0000  -1.501811   0.300293  -1.201518 
     2580000      7740.0000  -1.501157   0.299536  -1.201621 
     2590000      7770.0000  -1.500452   0.299651  -1.200801 
INFO: diffusion fixed.. -25889 -25889
     2600000      7800.0000  -1.502381   0.300054  -1.202328 
     2610000      7830.0000  -1.501117   0.298184  -1.202933 
     2620000      7860.0000  -1.500962   0.297054  -1.203908 
     2630000      7890.0000  -1.502058   0.298292  -1.203766 
     2640000      7920.0000  -1.501336   0.299144  -1.202192 
     2650000      7950.0000  -1.499862   0.299185  -1.200677 
     2660000      7980.0000  -1.501426   0.298458  -1.202968 
     2670000      8010.0000  -1.501409   0.298624  -1.202785 
     2680000      8040.0000  -1.500731   0.300430  -1.200301 
     2690000      8070.0000  -1.497461   0.299889  -1.197572 
INFO: diffusion fixed.. -25840.7 -25840.7
     2700000      8100.0000  -1.499577   0.303007  -1.196570 
     2710000      8130.0000  -1.500340   0.301363  -1.198978 
     2720000      8160.0000  -1.501130   0.301482  -1.199647 
     2730000      8190.0000  -1.501211   0.300376  -1.200835 
     2740000      8220.0000  -1.497970   0.299129  -1.198842 
     2750000      8250.0000  -1.499212   0.300578  -1.198635 
     2760000      8280.0000  -1.500351   0.300644  -1.199708 
     2770000      8310.0000  -1.500417   0.298476  -1.201941 
     2780000      8340.0000  -1.498635   0.298986  -1.199648 
     2790000      8370.0000  -1.496511   0.298924  -1.197587 
INFO: diffusion fixed.. -25855.9 -25855.9
     2800000      8400.0000  -1.500461   0.298168  -1.202293 
     2810000      8430.0000  -1.499092   0.297329  -1.201763 
     2820000      8460.0000  -1.500395   0.299851  -1.200544 
     2830000      8490.0000  -1.498445   0.297335  -1.201109 
     2840000      8520.0000  -1.497098   0.298901  -1.198198 
     2850000      8550.0000  -1.499184   0.300084  -1.199100 
     2860000      8580.0000  -1.498735   0.301336  -1.197399 
     2870000      8610.0000  -1.496882   0.299867  -1.197015 
     2880000      8640.0000  -1.499015   0.300735  -1.198280 
     2890000      8670.0000  -1.497994   0.298669  -1.199325 
INFO: diffusion fixed.. -25827.2 -25827.2
     2900000      8700.0000  -1.498791   0.301274  -1.197516 
     2910000      8730.0000  -1.496476   0.301245  -1.195231 
     2920000      8760.0000  -1.496451   0.302654  -1.193797 
     2930000      8790.0000  -1.497494   0.303195  -1.194299 
     2940000      8820.0000  -1.495559   0.302382  -1.193177 
     2950000      8850.0000  -1.495208   0.301416  -1.193792 
     2960000      8880.0000  -1.498314   0.302187  -1.196126 
     2970000      8910.0000  -1.497535   0.299539  -1.197996 
     2980000      8940.0000  -1.495015   0.298036  -1.196979 
     2990000      8970.0000  -1.496016   0.300103  -1.195914 
INFO: diffusion fixed.. -25796 -25796
     3000000      9000.0000  -1.496980   0.300808  -1.196172 
     3010000      9030.0000  -1.496529   0.300852  -1.195677 
     3020000      9060.0000  -1.500335   0.301797  -1.198538 
     3030000      9090.0000  -1.500020   0.298422  -1.201597 
     3040000      9120.0000  -1.501498   0.298545  -1.202953 
     3050000      9150.0000  -1.502760   0.299141  -1.203620 
     3060000      9180.0000  -1.499175   0.297906  -1.201269 
     3070000      9210.0000  -1.499826   0.299853  -1.199973 
     3080000      9240.0000  -1.500501   0.298363  -1.202137 
     3090000      9270.0000  -1.500940   0.299463  -1.201477 
INFO: diffusion fixed.. -25862.2 -25862.2
     3100000      9300.0000  -1.500826   0.299267  -1.201558 
     3110000      9330.0000  -1.498808   0.297909  -1.200899 
     3120000      9360.0000  -1.496098   0.298952  -1.197146 
     3130000      9390.0000  -1.497970   0.300286  -1.197684 
     3140000      9420.0000  -1.498820   0.299826  -1.198994 
     3150000      9450.0000  -1.499010   0.299799  -1.199211 
     3160000      9480.0000  -1.499394   0.300328  -1.199066 
     3170000      9510.0000  -1.499007   0.299265  -1.199742 
     3180000      9540.0000  -1.496469   0.299685  -1.196785 
     3190000      9570.0000  -1.497667   0.302127  -1.195540 
INFO: diffusion fixed.. -25824.8 -25824.8
     3200000      9600.0000  -1.498654   0.299529  -1.199125 
     3210000      9630.0000  -1.499851   0.299325  -1.200526 
     3220000      9660.0000  -1.502594   0.299738  -1.202856 
     3230000      9690.0000  -1.500932   0.301713  -1.199219 
     3240000      9720.0000  -1.497461   0.300884  -1.196576 
     3250000      9750.0000  -1.500050   0.298580  -1.201470 
     3260000      9780.0000  -1.499646   0.298674  -1.200972 
     3270000      9810.0000  -1.499493   0.299612  -1.199881 
     3280000      9840.0000  -1.500889   0.300132  -1.200757 
     3290000      9870.0000  -1.499578   0.297967  -1.201611 
INFO: diffusion fixed.. -25841.1 -25841.1
     3300000      9900.0000  -1.499598   0.301290  -1.198307 
     3310000      9930.0000  -1.497471   0.297090  -1.200381 
     3320000      9960.0000  -1.498243   0.298926  -1.199318 
     3330000      9990.0000  -1.498455   0.300514  -1.197941 
     3340000     10020.0000  -1.497242   0.300451  -1.196791 
     3350000     10050.0000  -1.499257   0.302364  -1.196893 
     3360000     10080.0000  -1.498354   0.300482  -1.197872 
     3370000     10110.0000  -1.501040   0.300831  -1.200208 
     3380000     10140.0000  -1.500540   0.296879  -1.203661 
     3390000     10170.0000  -1.502463   0.298209  -1.204254 
INFO: diffusion fixed.. -25885.3 -25885.3
     3400000     10200.0000  -1.502166   0.298059  -1.204107 
     3410000     10230.0000  -1.500872   0.299326  -1.201546 
     3420000     10260.0000  -1.501639   0.300765  -1.200874 
     3430000     10290.0000  -1.501724   0.300086  -1.201638 
     3440000     10320.0000  -1.500450   0.300402  -1.200049 
     3450000     10350.0000  -1.498055   0.300703  -1.197352 
     3460000     10380.0000  -1.496539   0.299172  -1.197367 
     3470000     10410.0000  -1.497850   0.299181  -1.198669 
     3480000     10440.0000  -1.497529   0.301487  -1.196043 
     3490000     10470.0000  -1.497182   0.303108  -1.194074 
INFO: diffusion fixed.. -25761.6 -25761.6
     3500000     10500.0000  -1.494985   0.301719  -1.193265 
     3510000     10530.0000  -1.497633   0.304142  -1.193491 
     3520000     10560.0000  -1.496383   0.300938  -1.195445 
     3530000     10590.0000  -1.497719   0.300467  -1.197251 
     3540000     10620.0000  -1.497519   0.300718  -1.196802 
     3550000     10650.0000  -1.499377   0.300312  -1.199065 
     3560000     10680.0000  -1.497702   0.303356  -1.194346 
     3570000     10710.0000  -1.497896   0.301539  -1.196358 
     3580000     10740.0000  -1.495782   0.300072  -1.195710 
     3590000     10770.0000  -1.497059   0.300834  -1.196225 
INFO: diffusion fixed.. -25834.5 -25834.5
     3600000     10800.0000  -1.499215   0.300345  -1.198870 
     3610000     10830.0000  -1.501513   0.299047  -1.202466 
     3620000     10860.0000  -1.501551   0.301613  -1.199938 
     3630000     10890.0000  -1.502301   0.300840  -1.201461 
     3640000     10920.0000  -1.499891   0.297672  -1.202219 
     3650000     10950.0000  -1.499369   0.299358  -1.200011 
     3660000     10980.0000  -1.499249   0.298882  -1.200367 
     3670000     11010.0000  -1.499506   0.299440  -1.200066 
     3680000     11040.0000  -1.499664   0.297789  -1.201875 
     3690000     11070.0000  -1.501769   0.301485  -1.200284 
INFO: diffusion fixed.. -25845.7 -25845.7
     3700000     11100.0000  -1.499869   0.298847  -1.201022 
     3710000     11130.0000  -1.497117   0.297328  -1.199789 
     3720000     11160.0000  -1.497456   0.300344  -1.197112 
     3730000     11190.0000  -1.496618   0.300584  -1.196034 
     3740000     11220.0000  -1.498569   0.303010  -1.195560 
     3750000     11250.0000  -1.497294   0.301898  -1.195397 
     3760000     11280.0000  -1.498200   0.302993  -1.195208 
     3770000     11310.0000  -1.497820   0.302288  -1.195532 
     3780000     11340.0000  -1.496112   0.299446  -1.196666 
     3790000     11370.0000  -1.499020   0.299094  -1.199926 
INFO: diffusion fixed.. -25843.3 -25843.3
     3800000     11400.0000  -1.499725   0.297631  -1.202094 
     3810000     11430.0000  -1.499744   0.298967  -1.200777 
     3820000     11460.0000  -1.500548   0.298723  -1.201825 
     3830000     11490.0000  -1.500214   0.298420  -1.201794 
     3840000     11520.0000  -1.501919   0.299779  -1.202140 
     3850000     11550.0000  -1.501610   0.300266  -1.201344 
     3860000     11580.0000  -1.499671   0.298493  -1.201177 
     3870000     11610.0000  -1.499032   0.299370  -1.199662 
     3880000     11640.0000  -1.499762   0.297864  -1.201898 
     3890000     11670.0000  -1.499617   0.301125  -1.198492 
INFO: diffusion fixed.. -25847.3 -25847.3
     3900000     11700.0000  -1.499961   0.300782  -1.199179 
     3910000     11730.0000  -1.498031   0.302382  -1.195649 
     3920000     11760.0000  -1.496809   0.301134  -1.195675 
     3930000     11790.0000  -1.495819   0.301788  -1.194031 
     3940000     11820.0000  -1.496686   0.299737  -1.196949 
     3950000     11850.0000  -1.497660   0.298611  -1.199048 
     3960000     11880.0000  -1.497852   0.301494  -1.196357 
     3970000     11910.0000  -1.499142   0.301188  -1.197954 
     3980000     11940.0000  -1.498329   0.301504  -1.196825 
     3990000     11970.0000  -1.498696   0.299250  -1.199446 
INFO: diffusion fixed.. -25848 -25848
     4000000     12000.0000  -1.499998   0.298979  -1.201019 
     4010000     12030.0000  -1.501399   0.299250  -1.202148 
     4020000     12060.0000  -1.499352   0.298708  -1.200645 
     4030000     12090.0000  -1.499769   0.296770  -1.202999 
     4040000     12120.0000  -1.498408   0.299082  -1.199326 
     4050000     12150.0000  -1.500453   0.300978  -1.199476 
     4060000     12180.0000  -1.500258   0.302451  -1.197807 
     4070000     12210.0000  -1.498820   0.300556  -1.198264 
     4080000     12240.0000  -1.496167   0.300100  -1.196066 
     4090000     12270.0000  -1.498335   0.300820  -1.197515 
INFO: diffusion fixed.. -25822.3 -25822.3
     4100000     12300.0000  -1.498507   0.298753  -1.199754 
     4110000     12330.0000  -1.500035   0.298432  -1.201603 
     4120000     12360.0000  -1.499985   0.299036  -1.200948 
     4130000     12390.0000  -1.499828   0.300176  -1.199652 
     4140000     12420.0000  -1.497850   0.299618  -1.198232 
     4150000     12450.0000  -1.498416   0.299289  -1.199128 
     4160000     12480.0000  -1.500912   0.299215  -1.201698 
     4170000     12510.0000  -1.498336   0.300315  -1.198022 
     4180000     12540.0000  -1.495511   0.301764  -1.193746 
     4190000     12570.0000  -1.497502   0.302216  -1.195286 
INFO: diffusion fixed.. -25839.3 -25839.3
     4200000     12600.0000  -1.499494   0.301190  -1.198304 
     4210000     12630.0000  -1.499822   0.300788  -1.199034 
     4220000     12660.0000  -1.497719   0.298694  -1.199024 
     4230000     12690.0000  -1.497632   0.299362  -1.198270 
     4240000     12720.0000  -1.499126   0.302754  -1.196372 
     4250000     12750.0000  -1.497663   0.301242  -1.196421 
     4260000     12780.0000  -1.498128   0.301179  -1.196949 
     4270000     12810.0000  -1.498081   0.299861  -1.198220 
     4280000     12840.0000  -1.498156   0.299448  -1.198708 
     4290000     12870.0000  -1.500481   0.299685  -1.200796 
INFO: diffusion fixed.. -25849.9 -25849.9
     4300000     12900.0000  -1.500110   0.300712  -1.199398 
     4310000     12930.0000  -1.498976   0.301880  -1.197096 
     4320000     12960.0000  -1.496808   0.298702  -1.198106 
     4330000     12990.0000  -1.496853   0.299265  -1.197587 
     4340000     13020.0000  -1.498734   0.302913  -1.195822 
     4350000     13050.0000  -1.496443   0.302107  -1.194336 
     4360000     13080.0000  -1.494003   0.299701  -1.194302 
     4370000     13110.0000  -1.497589   0.301948  -1.195641 
     4380000     13140.0000  -1.497762   0.300426  -1.197336 
     4390000     13170.0000  -1.496943   0.300587  -1.196356 
INFO: diffusion fixed.. -25807.8 -25807.8
     4400000     13200.0000  -1.497667   0.302280  -1.195388 
     4410000     13230.0000  -1.496145   0.300773  -1.195373 
     4420000     13260.0000  -1.498552   0.302154  -1.196398 
     4430000     13290.0000  -1.495521   0.300683  -1.194837 
     4440000     13320.0000  -1.498697   0.302267  -1.196430 
     4450000     13350.0000  -1.498546   0.301595  -1.196951 
     4460000     13380.0000  -1.496129   0.300383  -1.195746 
     4470000     13410.0000  -1.498807   0.303058  -1.195749 
     4480000     13440.0000  -1.494416   0.298318  -1.196098 
     4490000     13470.0000  -1.496738   0.300786  -1.195952 
INFO: diffusion fixed.. -25778.4 -25778.4
     4500000     13500.0000  -1.495960   0.301882  -1.194077 
     4510000     13530.0000  -1.497220   0.303158  -1.194062 
     4520000     13560.0000  -1.496205   0.302788  -1.193417 
     4530000     13590.0000  -1.496374   0.300307  -1.196067 
     4540000     13620.0000  -1.497062   0.299066  -1.197997 
     4550000     13650.0000  -1.499116   0.300391  -1.198725 
     4560000     13680.0000  -1.497328   0.299336  -1.197992 
     4570000     13710.0000  -1.497329   0.298909  -1.198420 
     4580000     13740.0000  -1.499757   0.301223  -1.198535 
     4590000     13770.0000  -1.499173   0.300450  -1.198723 
INFO: diffusion fixed.. -25793.6 -25793.6
     4600000     13800.0000  -1.496844   0.300825  -1.196019 
     4610000     13830.0000  -1.495305   0.302482  -1.192823 
     4620000     13860.0000  -1.497167   0.301749  -1.195418 
     4630000     13890.0000  -1.496755   0.302081  -1.194674 
     4640000     13920.0000  -1.495310   0.300661  -1.194648 
     4650000     13950.0000  -1.496376   0.301275  -1.195101 
     4660000     13980.0000  -1.496509   0.300642  -1.195867 
     4670000     14010.0000  -1.497417   0.299004  -1.198413 
     4680000     14040.0000  -1.498334   0.299176  -1.199158 
     4690000     14070.0000  -1.499196   0.302194  -1.197002 
INFO: diffusion fixed.. -25824.1 -25824.1
     4700000     14100.0000  -1.498611   0.301695  -1.196916 
     4710000     14130.0000  -1.498798   0.300633  -1.198166 
     4720000     14160.0000  -1.497173   0.301751  -1.195422 
     4730000     14190.0000  -1.495076   0.302717  -1.192360 
     4740000     14220.0000  -1.495345   0.299535  -1.195810 
     4750000     14250.0000  -1.498703   0.301234  -1.197469 
     4760000     14280.0000  -1.497162   0.301823  -1.195338 
     4770000     14310.0000  -1.497037   0.301218  -1.195819 
     4780000     14340.0000  -1.497073   0.302525  -1.194548 
     4790000     14370.0000  -1.496695   0.301307  -1.195388 
INFO: diffusion fixed.. -25826.2 -25826.2
     4800000     14400.0000  -1.498736   0.301061  -1.197676 
     4810000     14430.0000  -1.498861   0.302073  -1.196788 
     4820000     14460.0000  -1.498985   0.302926  -1.196059 
     4830000     14490.0000  -1.497743   0.299549  -1.198194 
     4840000     14520.0000  -1.498709   0.300749  -1.197960 
     4850000     14550.0000  -1.499582   0.299766  -1.199816 
     4860000     14580.0000  -1.496961   0.298954  -1.198007 
     4870000     14610.0000  -1.498048   0.301804  -1.196244 
     4880000     14640.0000  -1.498744   0.301299  -1.197445 
     4890000     14670.0000  -1.500576   0.301535  -1.199041 
INFO: diffusion fixed.. -25792.3 -25792.3
     4900000     14700.0000  -1.496767   0.298650  -1.198116 
     4910000     14730.0000  -1.498184   0.299871  -1.198313 
     4920000     14760.0000  -1.497701   0.300124  -1.197577 
     4930000     14790.0000  -1.498753   0.299710  -1.199043 
     4940000     14820.0000  -1.501738   0.300173  -1.201566 
     4950000     14850.0000  -1.500088   0.301136  -1.198952 
     4960000     14880.0000  -1.498627   0.298595  -1.200032 
     4970000     14910.0000  -1.500200   0.298695  -1.201504 
     4980000     14940.0000  -1.499409   0.296909  -1.202500 
     4990000     14970.0000  -1.499575   0.298848  -1.200727 
INFO: diffusion fixed.. -25817.4 -25817.4
     5000000     15000.0000  -1.498226   0.298982  -1.199245 
     5010000     15030.0000  -1.499818   0.299870  -1.199948 
     5020000     15060.0000  -1.499435   0.297931  -1.201505 
     5030000     15090.0000  -1.499645   0.298075  -1.201571 
     5040000     15120.0000  -1.500171   0.298664  -1.201507 
     5050000     15150.0000  -1.500446   0.297742  -1.202705 
     5060000     15180.0000  -1.499762   0.297546  -1.202216 
     5070000     15210.0000  -1.499960   0.299456  -1.200504 
     5080000     15240.0000  -1.499111   0.300031  -1.199080 
     5090000     15270.0000  -1.499042   0.298970  -1.200072 
INFO: diffusion fixed.. -25854.4 -25854.4
     5100000     15300.0000  -1.500374   0.301553  -1.198821 
     5110000     15330.0000  -1.500587   0.298896  -1.201691 
     5120000     15360.0000  -1.500163   0.299309  -1.200854 
     5130000     15390.0000  -1.501235   0.299063  -1.202172 
     5140000     15420.0000  -1.500253   0.299469  -1.200784 
     5150000     15450.0000  -1.500354   0.302363  -1.197992 
     5160000     15480.0000  -1.497165   0.300243  -1.196922 
     5170000     15510.0000  -1.496969   0.298530  -1.198439 
     5180000     15540.0000  -1.499118   0.301597  -1.197520 
     5190000     15570.0000  -1.497099   0.301237  -1.195862 
INFO: diffusion fixed.. -25783.3 -25783.3
     5200000     15600.0000  -1.496243   0.300673  -1.195571 
     5210000     15630.0000  -1.495596   0.300487  -1.195108 
     5220000     15660.0000  -1.497551   0.303431  -1.194121 
     5230000     15690.0000  -1.497920   0.302078  -1.195842 
     5240000     15720.0000  -1.498466   0.302900  -1.195566 
     5250000     15750.0000  -1.498966   0.300988  -1.197978 
     5260000     15780.0000  -1.498484   0.301404  -1.197080 
     5270000     15810.0000  -1.496651   0.299332  -1.197318 
     5280000     15840.0000  -1.496207   0.297812  -1.198395 
     5290000     15870.0000  -1.498523   0.298373  -1.200150 
INFO: diffusion fixed.. -25810.3 -25810.3
     5300000     15900.0000  -1.497810   0.299349  -1.198461 
     5310000     15930.0000  -1.499475   0.300451  -1.199024 
     5320000     15960.0000  -1.501818   0.301161  -1.200658 
     5330000     15990.0000  -1.502785   0.300431  -1.202354 
     5340000     16020.0000  -1.501349   0.299624  -1.201725 
     5350000     16050.0000  -1.499746   0.298183  -1.201563 
     5360000     16080.0000  -1.501577   0.300570  -1.201007 
     5370000     16110.0000  -1.499948   0.300772  -1.199176 
     5380000     16140.0000  -1.498043   0.298322  -1.199721 
     5390000     16170.0000  -1.499101   0.298771  -1.200331 
INFO: diffusion fixed.. -25823.4 -25823.4
     5400000     16200.0000  -1.498573   0.298780  -1.199793 
     5410000     16230.0000  -1.499720   0.300342  -1.199378 
     5420000     16260.0000  -1.499114   0.299659  -1.199455 
     5430000     16290.0000  -1.499162   0.300917  -1.198246 
     5440000     16320.0000  -1.498860   0.301056  -1.197804 
     5450000     16350.0000  -1.497201   0.298725  -1.198476 
     5460000     16380.0000  -1.500461   0.299068  -1.201393 
     5470000     16410.0000  -1.498763   0.298126  -1.200637 
     5480000     16440.0000  -1.499821   0.299458  -1.200363 
     5490000     16470.0000  -1.501697   0.299282  -1.202415 
INFO: diffusion fixed.. -25827.3 -25827.3
     5500000     16500.0000  -1.498801   0.299336  -1.199465 
     5510000     16530.0000  -1.500090   0.301086  -1.199004 
     5520000     16560.0000  -1.497862   0.299522  -1.198340 
     5530000     16590.0000  -1.499015   0.300837  -1.198178 
     5540000     16620.0000  -1.497976   0.302818  -1.195159 
     5550000     16650.0000  -1.496915   0.300540  -1.196375 
     5560000     16680.0000  -1.498072   0.300128  -1.197944 
     5570000     16710.0000  -1.499724   0.301316  -1.198409 
     5580000     16740.0000  -1.498707   0.299653  -1.199054 
     5590000     16770.0000  -1.501525   0.300514  -1.201011 
INFO: diffusion fixed.. -25830.7 -25830.7
     5600000     16800.0000  -1.498996   0.300492  -1.198504 
     5610000     16830.0000  -1.499737   0.299638  -1.200099 
     5620000     16860.0000  -1.501327   0.300127  -1.201199 
     5630000     16890.0000  -1.498536   0.298472  -1.200064 
     5640000     16920.0000  -1.499044   0.299033  -1.200011 
     5650000     16950.0000  -1.499785   0.301278  -1.198507 
     5660000     16980.0000  -1.495236   0.300134  -1.195102 
     5670000     17010.0000  -1.496692   0.301340  -1.195351 
     5680000     17040.0000  -1.499331   0.300529  -1.198801 
     5690000     17070.0000  -1.497913   0.299648  -1.198265 
INFO: diffusion fixed.. -25798.7 -25798.7
     5700000     17100.0000  -1.497141   0.299268  -1.197873 
     5710000     17130.0000  -1.497161   0.296953  -1.200208 
     5720000     17160.0000  -1.500942   0.299735  -1.201207 
     5730000     17190.0000  -1.499889   0.300226  -1.199664 
     5740000     17220.0000  -1.499216   0.298954  -1.200261 
     5750000     17250.0000  -1.499353   0.298861  -1.200492 
     5760000     17280.0000  -1.498036   0.300117  -1.197918 
     5770000     17310.0000  -1.499153   0.300475  -1.198678 
     5780000     17340.0000  -1.498266   0.302055  -1.196212 
     5790000     17370.0000  -1.498727   0.299353  -1.199374 
INFO: diffusion fixed.. -25827.3 -25827.3
     5800000     17400.0000  -1.498797   0.299183  -1.199613 
     5810000     17430.0000  -1.498682   0.299214  -1.199469 
     5820000     17460.0000  -1.497475   0.301122  -1.196353 
     5830000     17490.0000  -1.498605   0.299888  -1.198718 
     5840000     17520.0000  -1.498208   0.300224  -1.197984 
     5850000     17550.0000  -1.495778   0.300221  -1.195557 
     5860000     17580.0000  -1.494453   0.300009  -1.194444 
     5870000     17610.0000  -1.497089   0.301211  -1.195878 
     5880000     17640.0000  -1.499939   0.301272  -1.198667 
     5890000     17670.0000  -1.499389   0.301040  -1.198348 
INFO: diffusion fixed.. -25822.1 -25822.1
     5900000     17700.0000  -1.498495   0.300563  -1.197931 
     5910000     17730.0000  -1.497044   0.300272  -1.196772 
     5920000     17760.0000  -1.499000   0.302289  -1.196712 
     5930000     17790.0000  -1.497691   0.299334  -1.198357 
     5940000     17820.0000  -1.497848   0.299528  -1.198320 
     5950000     17850.0000  -1.498827   0.301869  -1.196958 
     5960000     17880.0000  -1.497648   0.300503  -1.197145 
     5970000     17910.0000  -1.497184   0.298721  -1.198463 
     5980000     17940.0000  -1.499413   0.301533  -1.197880 
     5990000     17970.0000  -1.497939   0.301431  -1.196508 
INFO: diffusion fixed.. -25823.9 -25823.9
     6000000     18000.0000  -1.498604   0.299723  -1.198880 
     6010000     18030.0000  -1.499062   0.299755  -1.199307 
     6020000     18060.0000  -1.498539   0.302168  -1.196372 
     6030000     18090.0000  -1.495717   0.301050  -1.194668 
     6040000     18120.0000  -1.496187   0.301980  -1.194207 
     6050000     18150.0000  -1.498124   0.302077  -1.196047 
     6060000     18180.0000  -1.497344   0.301741  -1.195603 
     6070000     18210.0000  -1.499904   0.302472  -1.197432 
     6080000     18240.0000  -1.499965   0.298410  -1.201555 
     6090000     18270.0000  -1.499828   0.298689  -1.201140 
INFO: diffusion fixed.. -25857.6 -25857.6
     6100000     18300.0000  -1.500557   0.300553  -1.200004 
     6110000     18330.0000  -1.500768   0.301328  -1.199439 
     6120000     18360.0000  -1.499919   0.299589  -1.200330 
     6130000     18390.0000  -1.498511   0.299675  -1.198837 
     6140000     18420.0000  -1.499635   0.300610  -1.199025 
     6150000     18450.0000  -1.501324   0.301194  -1.200130 
     6160000     18480.0000  -1.499561   0.298323  -1.201239 
     6170000     18510.0000  -1.498467   0.298592  -1.199876 
     6180000     18540.0000  -1.498263   0.299708  -1.198555 
     6190000     18570.0000  -1.498710   0.301473  -1.197238 
INFO: diffusion fixed.. -25839.3 -25839.3
     6200000     18600.0000  -1.499498   0.302000  -1.197498 
     6210000     18630.0000  -1.499384   0.299376  -1.200007 
     6220000     18660.0000  -1.499037   0.298521  -1.200516 
     6230000     18690.0000  -1.498799   0.300650  -1.198149 
     6240000     18720.0000  -1.496775   0.299527  -1.197249 
     6250000     18750.0000  -1.500192   0.301011  -1.199181 
     6260000     18780.0000  -1.499905   0.301610  -1.198295 
     6270000     18810.0000  -1.499443   0.302032  -1.197411 
     6280000     18840.0000  -1.497744   0.300520  -1.197224 
     6290000     18870.0000  -1.495762   0.299214  -1.196549 
INFO: diffusion fixed.. -25795 -25795
     6300000     18900.0000  -1.496922   0.298428  -1.198494 
     6310000     18930.0000  -1.499748   0.299392  -1.200356 
     6320000     18960.0000  -1.501047   0.301256  -1.199791 
     6330000     18990.0000  -1.498296   0.299072  -1.199224 
     6340000     19020.0000  -1.497961   0.299448  -1.198513 
     6350000     19050.0000  -1.499259   0.300128  -1.199131 
     6360000     19080.0000  -1.498230   0.300079  -1.198151 
     6370000     19110.0000  -1.497213   0.300186  -1.197027 
     6380000     19140.0000  -1.495514   0.298061  -1.197453 
     6390000     19170.0000  -1.495857   0.298434  -1.197423 
INFO: diffusion fixed.. -25758.7 -25758.7
     6400000     19200.0000  -1.494818   0.300943  -1.193875 
     6410000     19230.0000  -1.499059   0.303475  -1.195584 
     6420000     19260.0000  -1.496305   0.301141  -1.195164 
     6430000     19290.0000  -1.495735   0.299520  -1.196215 
     6440000     19320.0000  -1.497806   0.302046  -1.195760 
     6450000     19350.0000  -1.496038   0.299791  -1.196247 
     6460000     19380.0000  -1.495348   0.300684  -1.194664 
     6470000     19410.0000  -1.496647   0.299359  -1.197287 
     6480000     19440.0000  -1.500659   0.302177  -1.198482 
     6490000     19470.0000  -1.497117   0.298741  -1.198376 
INFO: diffusion fixed.. -25853.3 -25853.3
     6500000     19500.0000  -1.500309   0.300467  -1.199842 
     6510000     19530.0000  -1.498436   0.299515  -1.198921 
     6520000     19560.0000  -1.500959   0.300345  -1.200615 
     6530000     19590.0000  -1.501230   0.299702  -1.201528 
     6540000     19620.0000  -1.500195   0.299363  -1.200832 
     6550000     19650.0000  -1.498289   0.300195  -1.198093 
     6560000     19680.0000  -1.500050   0.300129  -1.199922 
     6570000     19710.0000  -1.499576   0.300199  -1.199377 
     6580000     19740.0000  -1.496270   0.295363  -1.200907 
     6590000     19770.0000  -1.499163   0.301650  -1.197513 
INFO: diffusion fixed.. -25811.7 -25811.7
     6600000     19800.0000  -1.497891   0.298783  -1.199109 
     6610000     19830.0000  -1.498371   0.299898  -1.198474 
     6620000     19860.0000  -1.499655   0.300111  -1.199544 
     6630000     19890.0000  -1.500391   0.299692  -1.200699 
     6640000     19920.0000  -1.498467   0.297591  -1.200876 
     6650000     19950.0000  -1.499709   0.298584  -1.201125 
     6660000     19980.0000  -1.499070   0.298367  -1.200703 
     6670000     20010.0000  -1.499321   0.299838  -1.199483 
     6680000     20040.0000  -1.499229   0.301061  -1.198169 
     6690000     20070.0000  -1.496966   0.303846  -1.193121 
INFO: diffusion fixed.. -25749 -25749
     6700000     20100.0000  -1.494257   0.302235  -1.192021 
     6710000     20130.0000  -1.494146   0.302488  -1.191659 
     6720000     20160.0000  -1.494291   0.302997  -1.191294 
     6730000     20190.0000  -1.497177   0.303738  -1.193439 
     6740000     20220.0000  -1.495852   0.300672  -1.195180 
     6750000     20250.0000  -1.497075   0.299783  -1.197292 
     6760000     20280.0000  -1.499297   0.300428  -1.198869 
     6770000     20310.0000  -1.500864   0.300857  -1.200007 
     6780000     20340.0000  -1.499914   0.300003  -1.199910 
     6790000     20370.0000  -1.497992   0.300167  -1.197825 
INFO: diffusion fixed.. -25846.3 -25846.3
     6800000     20400.0000  -1.499903   0.300931  -1.198972 
     6810000     20430.0000  -1.499435   0.299488  -1.199947 
     6820000     20460.0000  -1.498492   0.300102  -1.198390 
     6830000     20490.0000  -1.497011   0.298530  -1.198481 
     6840000     20520.0000  -1.498740   0.300469  -1.198272 
     6850000     20550.0000  -1.497524   0.300046  -1.197478 
     6860000     20580.0000  -1.499497   0.300997  -1.198500 
     6870000     20610.0000  -1.497297   0.301915  -1.195382 
     6880000     20640.0000  -1.496927   0.301687  -1.195240 
     6890000     20670.0000  -1.495508   0.301260  -1.194248 
INFO: diffusion fixed.. -25776.3 -25776.3
     6900000     20700.0000  -1.495840   0.301101  -1.194739 
     6910000     20730.0000  -1.498992   0.301334  -1.197658 
     6920000     20760.0000  -1.499633   0.300882  -1.198751 
     6930000     20790.0000  -1.498877   0.299132  -1.199745 
     6940000     20820.0000  -1.498197   0.299133  -1.199064 
     6950000     20850.0000  -1.499905   0.300135  -1.199770 
     6960000     20880.0000  -1.498923   0.300794  -1.198129 
     6970000     20910.0000  -1.498422   0.299827  -1.198596 
     6980000     20940.0000  -1.497919   0.299928  -1.197990 
     6990000     20970.0000  -1.497183   0.299845  -1.197338 
INFO: diffusion fixed.. -25816.3 -25816.3
     7000000     21000.0000  -1.498158   0.301167  -1.196991 
     7010000     21030.0000  -1.495646   0.298540  -1.197107 
     7020000     21060.0000  -1.496492   0.301361  -1.195131 
     7030000     21090.0000  -1.497064   0.303185  -1.193879 
     7040000     21120.0000  -1.496229   0.300077  -1.196152 
     7050000     21150.0000  -1.498906   0.301684  -1.197222 
     7060000     21180.0000  -1.500996   0.302516  -1.198481 
     7070000     21210.0000  -1.499459   0.298726  -1.200732 
     7080000     21240.0000  -1.501248   0.300968  -1.200280 
     7090000     21270.0000  -1.497874   0.298895  -1.198979 
INFO: diffusion fixed.. -25817.1 -25817.1
     7100000     21300.0000  -1.498206   0.299897  -1.198309 
     7110000     21330.0000  -1.498523   0.300635  -1.197887 
     7120000     21360.0000  -1.498702   0.301630  -1.197072 
     7130000     21390.0000  -1.498237   0.301116  -1.197122 
     7140000     21420.0000  -1.499292   0.299823  -1.199469 
     7150000     21450.0000  -1.500511   0.300006  -1.200505 
     7160000     21480.0000  -1.500763   0.299388  -1.201376 
     7170000     21510.0000  -1.497580   0.298699  -1.198881 
     7180000     21540.0000  -1.498083   0.300287  -1.197796 
     7190000     21570.0000  -1.496799   0.301396  -1.195402 
INFO: diffusion fixed.. -25808.5 -25808.5
     7200000     21600.0000  -1.497710   0.301794  -1.195915 
     7210000     21630.0000  -1.496070   0.301290  -1.194780 
     7220000     21660.0000  -1.499330   0.301877  -1.197453 
     7230000     21690.0000  -1.501181   0.301314  -1.199867 
     7240000     21720.0000  -1.500437   0.301744  -1.198694 
     7250000     21750.0000  -1.499744   0.300322  -1.199422 
     7260000     21780.0000  -1.498961   0.301202  -1.197758 
     7270000     21810.0000  -1.498134   0.300555  -1.197580 
     7280000     21840.0000  -1.497268   0.299160  -1.198108 
     7290000     21870.0000  -1.498074   0.300290  -1.197784 
INFO: diffusion fixed.. -25844.6 -25844.6
     7300000     21900.0000  -1.499801   0.300138  -1.199663 
     7310000     21930.0000  -1.499464   0.300705  -1.198758 
     7320000     21960.0000  -1.498075   0.300238  -1.197838 
     7330000     21990.0000  -1.498131   0.299236  -1.198895 
     7340000     22020.0000  -1.500121   0.299674  -1.200447 
     7350000     22050.0000  -1.501409   0.298688  -1.202721 
     7360000     22080.0000  -1.499315   0.298077  -1.201237 
     7370000     22110.0000  -1.498955   0.299462  -1.199493 
     7380000     22140.0000  -1.500293   0.300152  -1.200142 
     7390000     22170.0000  -1.499252   0.299258  -1.199994 
INFO: diffusion fixed.. -25841.3 -25841.3
     7400000     22200.0000  -1.499609   0.300697  -1.198912 
     7410000     22230.0000  -1.500134   0.301986  -1.198148 
     7420000     22260.0000  -1.498659   0.301355  -1.197304 
     7430000     22290.0000  -1.499819   0.301226  -1.198593 
     7440000     22320.0000  -1.498716   0.298701  -1.200016 
     7450000     22350.0000  -1.497510   0.298806  -1.198704 
     7460000     22380.0000  -1.498909   0.300694  -1.198215 
     7470000     22410.0000  -1.499415   0.299884  -1.199531 
     7480000     22440.0000  -1.499688   0.299230  -1.200458 
     7490000     22470.0000  -1.499794   0.298330  -1.201464 
INFO: diffusion fixed.. -25839.4 -25839.4
     7500000     22500.0000  -1.499503   0.298145  -1.201358 
     7510000     22530.0000  -1.499562   0.299605  -1.199958 
     7520000     22560.0000  -1.498648   0.300439  -1.198209 
     7530000     22590.0000  -1.499705   0.300505  -1.199200 
     7540000     22620.0000  -1.500535   0.299180  -1.201355 
     7550000     22650.0000  -1.500642   0.299672  -1.200970 
     7560000     22680.0000  -1.499754   0.300113  -1.199641 
     7570000     22710.0000  -1.501523   0.299203  -1.202320 
     7580000     22740.0000  -1.501209   0.298596  -1.202613 
     7590000     22770.0000  -1.501703   0.298599  -1.203104 
INFO: diffusion fixed.. -25870.9 -25870.9
     7600000     22800.0000  -1.501328   0.298367  -1.202962 
     7610000     22830.0000  -1.503246   0.298343  -1.204903 
     7620000     22860.0000  -1.501181   0.298227  -1.202954 
     7630000     22890.0000  -1.499996   0.299309  -1.200687 
     7640000     22920.0000  -1.497983   0.300777  -1.197206 
     7650000     22950.0000  -1.498113   0.299617  -1.198496 
     7660000     22980.0000  -1.497883   0.300118  -1.197765 
     7670000     23010.0000  -1.498148   0.300231  -1.197917 
     7680000     23040.0000  -1.498462   0.300532  -1.197930 
     7690000     23070.0000  -1.499203   0.302149  -1.197054 
INFO: diffusion fixed.. -25788.9 -25788.9
     7700000     23100.0000  -1.496568   0.300376  -1.196192 
     7710000     23130.0000  -1.495781   0.299418  -1.196363 
     7720000     23160.0000  -1.494914   0.299590  -1.195324 
     7730000     23190.0000  -1.496876   0.301901  -1.194975 
     7740000     23220.0000  -1.498402   0.301962  -1.196441 
     7750000     23250.0000  -1.497072   0.301025  -1.196047 
     7760000     23280.0000  -1.495818   0.300425  -1.195394 
     7770000     23310.0000  -1.498039   0.300910  -1.197129 
     7780000     23340.0000  -1.499446   0.301805  -1.197641 
     7790000     23370.0000  -1.496568   0.300032  -1.196536 
INFO: diffusion fixed.. -25820.8 -25820.8
     7800000     23400.0000  -1.498423   0.301958  -1.196465 
     7810000     23430.0000  -1.499732   0.301915  -1.197817 
     7820000     23460.0000  -1.496619   0.301221  -1.195397 
     7830000     23490.0000  -1.497546   0.300052  -1.197494 
     7840000     23520.0000  -1.498393   0.301929  -1.196463 
     7850000     23550.0000  -1.497052   0.299532  -1.197520 
     7860000     23580.0000  -1.497967   0.297952  -1.200014 
     7870000     23610.0000  -1.498692   0.302718  -1.195974 
     7880000     23640.0000  -1.498189   0.299421  -1.198769 
     7890000     23670.0000  -1.496248   0.298562  -1.197686 
INFO: diffusion fixed.. -25837.4 -25837.4
     7900000     23700.0000  -1.499385   0.302492  -1.196893 
     7910000     23730.0000  -1.497862   0.297302  -1.200560 
     7920000     23760.0000  -1.500176   0.297575  -1.202601 
     7930000     23790.0000  -1.500063   0.298834  -1.201229 
     7940000     23820.0000  -1.498073   0.300062  -1.198011 
     7950000     23850.0000  -1.496829   0.300136  -1.196693 
     7960000     23880.0000  -1.498994   0.299338  -1.199656 
     7970000     23910.0000  -1.498797   0.301181  -1.197616 
     7980000     23940.0000  -1.498611   0.300283  -1.198328 
     7990000     23970.0000  -1.499825   0.300373  -1.199452 
INFO: diffusion fixed.. -25865 -25865
     8000000     24000.0000  -1.500987   0.301664  -1.199323 
     8010000     24030.0000  -1.500659   0.299211  -1.201448 
     8020000     24060.0000  -1.499241   0.300335  -1.198906 
     8030000     24090.0000  -1.497593   0.298909  -1.198684 
     8040000     24120.0000  -1.498687   0.298220  -1.200468 
     8050000     24150.0000  -1.500150   0.301646  -1.198504 
     8060000     24180.0000  -1.498433   0.301636  -1.196798 
     8070000     24210.0000  -1.498527   0.301342  -1.197186 
     8080000     24240.0000  -1.499144   0.299943  -1.199202 
     8090000     24270.0000  -1.499188   0.298581  -1.200608 
INFO: diffusion fixed.. -25868.4 -25868.4
     8100000     24300.0000  -1.501185   0.302382  -1.198802 
     8110000     24330.0000  -1.500694   0.299349  -1.201345 
     8120000     24360.0000  -1.503717   0.299053  -1.204664 
     8130000     24390.0000  -1.498863   0.299200  -1.199663 
     8140000     24420.0000  -1.499214   0.299745  -1.199468 
     8150000     24450.0000  -1.499351   0.300018  -1.199333 
     8160000     24480.0000  -1.499455   0.296771  -1.202684 
     8170000     24510.0000  -1.501319   0.299731  -1.201588 
     8180000     24540.0000  -1.499330   0.298996  -1.200334 
     8190000     24570.0000  -1.500536   0.301639  -1.198897 
INFO: diffusion fixed.. -25769.8 -25769.8
     8200000     24600.0000  -1.495461   0.299677  -1.195784 
     8210000     24630.0000  -1.496883   0.302383  -1.194500 
     8220000     24660.0000  -1.498684   0.303832  -1.194852 
     8230000     24690.0000  -1.496165   0.303135  -1.193031 
     8240000     24720.0000  -1.496773   0.301408  -1.195365 
     8250000     24750.0000  -1.497572   0.300682  -1.196890 
     8260000     24780.0000  -1.497524   0.301418  -1.196106 
     8270000     24810.0000  -1.497027   0.300669  -1.196357 
     8280000     24840.0000  -1.498513   0.301698  -1.196815 
     8290000     24870.0000  -1.497973   0.299106  -1.198867 
INFO: diffusion fixed.. -25854.2 -25854.2
     8300000     24900.0000  -1.500357   0.301451  -1.198906 
     8310000     24930.0000  -1.500552   0.301071  -1.199482 
     8320000     24960.0000  -1.497991   0.300655  -1.197335 
     8330000     24990.0000  -1.500683   0.302700  -1.197982 
     8340000     25020.0000  -1.498606   0.300816  -1.197790 
     8350000     25050.0000  -1.497824   0.302092  -1.195733 
     8360000     25080.0000  -1.494268   0.302192  -1.192076 
     8370000     25110.0000  -1.495669   0.302895  -1.192774 
     8380000     25140.0000  -1.494826   0.302173  -1.192653 
     8390000     25170.0000  -1.497246   0.302246  -1.195000 
INFO: diffusion fixed.. -25798.4 -25798.4
     8400000     25200.0000  -1.497123   0.302401  -1.194722 
     8410000     25230.0000  -1.498001   0.302966  -1.195035 
     8420000     25260.0000  -1.497955   0.301826  -1.196130 
     8430000     25290.0000  -1.499090   0.300259  -1.198831 
     8440000     25320.0000  -1.499554   0.298127  -1.201427 
     8450000     25350.0000  -1.497682   0.298879  -1.198803 
     8460000     25380.0000  -1.499384   0.301593  -1.197791 
     8470000     25410.0000  -1.500945   0.301275  -1.199670 
     8480000     25440.0000  -1.497866   0.299653  -1.198214 
     8490000     25470.0000  -1.497515   0.301435  -1.196080 
INFO: diffusion fixed.. -25793.6 -25793.6
     8500000     25500.0000  -1.496844   0.302432  -1.194413 
     8510000     25530.0000  -1.497660   0.300906  -1.196754 
     8520000     25560.0000  -1.498674   0.301061  -1.197614 
     8530000     25590.0000  -1.497231   0.300281  -1.196950 
     8540000     25620.0000  -1.496808   0.301149  -1.195659 
     8550000     25650.0000  -1.497126   0.300629  -1.196497 
     8560000     25680.0000  -1.498244   0.301598  -1.196646 
     8570000     25710.0000  -1.497063   0.301517  -1.195546 
     8580000     25740.0000  -1.497881   0.300387  -1.197494 
     8590000     25770.0000  -1.497756   0.302464  -1.195293 
INFO: diffusion fixed.. -25795.4 -25795.4
     8600000     25800.0000  -1.496950   0.300525  -1.196424 
     8610000     25830.0000  -1.494606   0.300050  -1.194555 
     8620000     25860.0000  -1.495650   0.302297  -1.193353 
     8630000     25890.0000  -1.496535   0.302834  -1.193702 
     8640000     25920.0000  -1.497480   0.303102  -1.194379 
     8650000     25950.0000  -1.498060   0.301443  -1.196617 
     8660000     25980.0000  -1.497492   0.300337  -1.197155 
     8670000     26010.0000  -1.498385   0.299200  -1.199185 
     8680000     26040.0000  -1.501251   0.303331  -1.197919 
     8690000     26070.0000  -1.498355   0.300958  -1.197397 
INFO: diffusion fixed.. -25834.8 -25834.8
     8700000     26100.0000  -1.499233   0.300787  -1.198446 
     8710000     26130.0000  -1.500306   0.299119  -1.201187 
     8720000     26160.0000  -1.501553   0.300539  -1.201014 
     8730000     26190.0000  -1.501681   0.300773  -1.200908 
     8740000     26220.0000  -1.498085   0.300236  -1.197849 
     8750000     26250.0000  -1.499915   0.300672  -1.199244 
     8760000     26280.0000  -1.500389   0.299952  -1.200437 
     8770000     26310.0000  -1.500813   0.300271  -1.200542 
     8780000     26340.0000  -1.500151   0.297976  -1.202175 
     8790000     26370.0000  -1.499268   0.297846  -1.201422 
INFO: diffusion fixed.. -25820.9 -25820.9
     8800000     26400.0000  -1.498425   0.298886  -1.199538 
     8810000     26430.0000  -1.498392   0.298666  -1.199726 
     8820000     26460.0000  -1.500092   0.301821  -1.198272 
     8830000     26490.0000  -1.497861   0.300961  -1.196900 
     8840000     26520.0000  -1.499404   0.301709  -1.197695 
     8850000     26550.0000  -1.498464   0.299943  -1.198521 
     8860000     26580.0000  -1.498092   0.302720  -1.195372 
     8870000     26610.0000  -1.499116   0.302067  -1.197049 
     8880000     26640.0000  -1.498022   0.301004  -1.197018 
     8890000     26670.0000  -1.497103   0.297590  -1.199513 
INFO: diffusion fixed.. -25798.8 -25798.8
     8900000     26700.0000  -1.497147   0.299280  -1.197867 
     8910000     26730.0000  -1.499518   0.301195  -1.198323 
     8920000     26760.0000  -1.499469   0.298726  -1.200743 
     8930000     26790.0000  -1.497556   0.298451  -1.199105 
     8940000     26820.0000  -1.500491   0.299253  -1.201238 
     8950000     26850.0000  -1.500352   0.300741  -1.199611 
     8960000     26880.0000  -1.498598   0.297812  -1.200785 
     8970000     26910.0000  -1.498912   0.298266  -1.200645 
     8980000     26940.0000  -1.500141   0.299271  -1.200870 
     8990000     26970.0000  -1.498596   0.297803  -1.200793 
INFO: diffusion fixed.. -25836.9 -25836.9
     9000000     27000.0000  -1.499357   0.299291  -1.200066 
     9010000     27030.0000  -1.500074   0.297884  -1.202190 
     9020000     27060.0000  -1.502518   0.299552  -1.202966 
     9030000     27090.0000  -1.498973   0.298593  -1.200380 
     9040000     27120.0000  -1.498601   0.299578  -1.199022 
     9050000     27150.0000  -1.498553   0.298942  -1.199611 
     9060000     27180.0000  -1.499359   0.300607  -1.198752 
     9070000     27210.0000  -1.497191   0.298069  -1.199122 
     9080000     27240.0000  -1.499856   0.301010  -1.198847 
     9090000     27270.0000  -1.497100   0.298734  -1.198366 
INFO: diffusion fixed.. -25850.4 -25850.4
     9100000     27300.0000  -1.500139   0.299492  -1.200646 
     9110000     27330.0000  -1.499977   0.300346  -1.199631 
     9120000     27360.0000  -1.497896   0.299831  -1.198065 
     9130000     27390.0000  -1.499417   0.300355  -1.199061 
     9140000     27420.0000  -1.497665   0.300667  -1.196998 
     9150000     27450.0000  -1.497004   0.299016  -1.197988 
     9160000     27480.0000  -1.497682   0.300298  -1.197384 
     9170000     27510.0000  -1.499061   0.300078  -1.198982 
     9180000     27540.0000  -1.499311   0.302169  -1.197143 
     9190000     27570.0000  -1.495784   0.299476  -1.196308 
INFO: diffusion fixed.. -25817 -25817
     9200000     27600.0000  -1.498198   0.300524  -1.197675 
     9210000     27630.0000  -1.499966   0.301419  -1.198547 
     9220000     27660.0000  -1.500586   0.299621  -1.200966 
     9230000     27690.0000  -1.500370   0.298493  -1.201877 
     9240000     27720.0000  -1.503189   0.300678  -1.202511 
     9250000     27750.0000  -1.499637   0.296783  -1.202854 
     9260000     27780.0000  -1.501926   0.297188  -1.204737 
     9270000     27810.0000  -1.503005   0.300060  -1.202946 
     9280000     27840.0000  -1.499042   0.296508  -1.202534 
     9290000     27870.0000  -1.501342   0.300686  -1.200656 
INFO: diffusion fixed.. -25843.7 -25843.7
     9300000     27900.0000  -1.499751   0.298987  -1.200764 
     9310000     27930.0000  -1.499239   0.299345  -1.199894 
     9320000     27960.0000  -1.501754   0.300079  -1.201674 
     9330000     27990.0000  -1.500290   0.298984  -1.201307 
     9340000     28020.0000  -1.502133   0.299961  -1.202172 
     9350000     28050.0000  -1.501119   0.299062  -1.202056 
     9360000     28080.0000  -1.499021   0.297998  -1.201023 
     9370000     28110.0000  -1.498526   0.300022  -1.198504 
     9380000     28140.0000  -1.497022   0.299193  -1.197829 
     9390000     28170.0000  -1.498959   0.301167  -1.197791 
INFO: diffusion fixed.. -25815.1 -25815.1
     9400000     28200.0000  -1.498089   0.301002  -1.197087 
     9410000     28230.0000  -1.497123   0.301331  -1.195792 
     9420000     28260.0000  -1.497326   0.299822  -1.197504 
     9430000     28290.0000  -1.497161   0.300895  -1.196267 
     9440000     28320.0000  -1.495992   0.302367  -1.193626 
     9450000     28350.0000  -1.498787   0.302574  -1.196213 
     9460000     28380.0000  -1.499224   0.301174  -1.198050 
     9470000     28410.0000  -1.500828   0.301434  -1.199394 
     9480000     28440.0000  -1.499044   0.298163  -1.200881 
     9490000     28470.0000  -1.498032   0.299414  -1.198618 
INFO: diffusion fixed.. -25819.4 -25819.4
     9500000     28500.0000  -1.498343   0.299673  -1.198670 
     9510000     28530.0000  -1.500157   0.300455  -1.199702 
     9520000     28560.0000  -1.499638   0.300789  -1.198849 
     9530000     28590.0000  -1.499343   0.299507  -1.199837 
     9540000     28620.0000  -1.497858   0.300759  -1.197099 
     9550000     28650.0000  -1.497740   0.301105  -1.196635 
     9560000     28680.0000  -1.496587   0.301225  -1.195361 
     9570000     28710.0000  -1.497925   0.303439  -1.194486 
     9580000     28740.0000  -1.496472   0.301582  -1.194890 
     9590000     28770.0000  -1.496819   0.302085  -1.194734 
INFO: diffusion fixed.. -25792.9 -25792.9
     9600000     28800.0000  -1.496801   0.301290  -1.195511 
     9610000     28830.0000  -1.501372   0.302877  -1.198495 
     9620000     28860.0000  -1.497705   0.299979  -1.197726 
     9630000     28890.0000  -1.499605   0.300482  -1.199123 
     9640000     28920.0000  -1.497653   0.300203  -1.197450 
     9650000     28950.0000  -1.499778   0.298866  -1.200912 
     9660000     28980.0000  -1.500147   0.299352  -1.200795 
     9670000     29010.0000  -1.499970   0.299199  -1.200771 
     9680000     29040.0000  -1.498355   0.297471  -1.200884 
     9690000     29070.0000  -1.499687   0.301941  -1.197746 
INFO: diffusion fixed.. -25851.9 -25851.9
     9700000     29100.0000  -1.500224   0.300005  -1.200219 
     9710000     29130.0000  -1.499915   0.300405  -1.199509 
     9720000     29160.0000  -1.500035   0.299569  -1.200466 
     9730000     29190.0000  -1.500973   0.300296  -1.200677 
     9740000     29220.0000  -1.501759   0.300254  -1.201506 
     9750000     29250.0000  -1.498659   0.299599  -1.199059 
     9760000     29280.0000  -1.503126   0.300426  -1.202700 
     9770000     29310.0000  -1.500989   0.300012  -1.200977 
     9780000     29340.0000  -1.499264   0.299970  -1.199294 
     9790000     29370.0000  -1.499377   0.299917  -1.199460 
INFO: diffusion fixed.. -25864.1 -25864.1
     9800000     29400.0000  -1.500934   0.300176  -1.200758 
     9810000     29430.0000  -1.499507   0.300285  -1.199222 
     9820000     29460.0000  -1.499591   0.300803  -1.198788 
     9830000     29490.0000  -1.496953   0.299818  -1.197135 
     9840000     29520.0000  -1.500290   0.300872  -1.199418 
     9850000     29550.0000  -1.501508   0.300436  -1.201072 
     9860000     29580.0000  -1.497649   0.299181  -1.198467 
     9870000     29610.0000  -1.498258   0.299797  -1.198461 
     9880000     29640.0000  -1.499886   0.299528  -1.200357 
     9890000     29670.0000  -1.497640   0.298870  -1.198771 
INFO: diffusion fixed.. -25812.2 -25812.2
     9900000     29700.0000  -1.497925   0.299689  -1.198236 
     9910000     29730.0000  -1.500150   0.300977  -1.199173 
     9920000     29760.0000  -1.499198   0.298444  -1.200754 
     9930000     29790.0000  -1.498549   0.300271  -1.198277 
     9940000     29820.0000  -1.498332   0.301262  -1.197071 
     9950000     29850.0000  -1.497228   0.300985  -1.196243 
     9960000     29880.0000  -1.495270   0.300537  -1.194733 
     9970000     29910.0000  -1.498975   0.299708  -1.199267 
     9980000     29940.0000  -1.499920   0.300140  -1.199781 
     9990000     29970.0000  -1.498106   0.298297  -1.199809 
INFO: diffusion fixed.. -25816.2 -25816.2
    10000000     30000.0000  -1.498154   0.300894  -1.197259 

INFO: Total Running Time: 8318.64 s, per step: 0.831864 ms
INFO: Timings, in seconds, by Timer (total, own, spent in children)
> SimBackend                       8318.637 (100.0%)       26.128 (  0.3%)     8292.509 ( 99.7%)
***> Hilbert sorting                  9.540 (  0.1%)        9.540 (  0.1%)        0.000 (  0.0%)
***> Lists                          174.934 (  2.1%)      174.934 (  2.1%)        0.000 (  0.0%)
***> Thermostat                      11.959 (  0.1%)       11.959 (  0.1%)        0.000 (  0.0%)
***> Forces                        5154.290 ( 62.0%)     5154.290 ( 62.0%)        0.000 (  0.0%)
***> First Step                     173.887 (  2.1%)      173.887 (  2.1%)        0.000 (  0.0%)
***> Observables                   2767.900 ( 33.3%)     2767.900 ( 33.3%)        0.000 (  0.0%)

INFO: END OF THE SIMULATION, everything went OK!
INFO: Lists updated 41693 times (every ~239.848416 steps)
INFO: Aggregated I/O statistics (set debug=1 for file-wise information)
	 94.704 MB written to files
	 60.607 KB written to stdout/stderr
	For a total of   0.0114 MB/s

Please cite at least the following publication for any work that uses the oxDNA simulation package
  * E. Poppleton et al., J. Open Source Softw. 8, 4693 (2023), DOI: 10.21105/joss.04693
---------------------------------------
Begin Slurm Epilog: Mar-20-2026 13:41:48
Job ID:        5138788
User ID:       dfu71
Account:       gts-yke8
Job name:      cavity30nm_relax
Resources:     cpu=6,gres/gpu:rtx_6000=1,mem=24G,node=1
Rsrc Used:     cput=14:28:00,vmem=0,walltime=02:24:40,mem=11232K,energy_used=0
Partition:     gpu-rtx6000
QOS:           inferno
Nodes:         atl1-1-02-002-29-0
---------------------------------------
